Component: Arm Compiler for Embedded 6.19 Tool: armlink [5e73cb00]

==============================================================================

Small function inlining results

Inlined function __aeabi_idiv0 from idiv0.o at offset 0x160 in aeabi_sdiv.o(.text).
Inlined Instruction: BX       lr
Inlined function __aeabi_idiv0 from idiv0.o at offset 0xc in aeabi_sdiv_div0.o(.text).
Inlined Instruction: BX       lr
Inlined function __aeabi_idiv0 from idiv0.o at offset 0x176 in aeabi_sdiv_div0.o(.text).
Inlined Instruction: BX       lr
Inlined function __aeabi_idiv0 from idiv0.o at offset 0x18 in uidiv_div0.o(.text).
Inlined Instruction: BX       lr
Inlined function __aeabi_idiv0 from idiv0.o at offset 0x42 in idiv_div0.o(.text).
Inlined Instruction: BX       lr
Inlined total of 5 calls.

==============================================================================

Section Cross References

    system_m251.o(.text.SystemCoreClockUpdate) refers to clk.o(.text.CLK_GetPLLClockFreq) for CLK_GetPLLClockFreq
    system_m251.o(.text.SystemCoreClockUpdate) refers to system_m251.o(.data.PllClock) for PllClock
    system_m251.o(.text.SystemCoreClockUpdate) refers to system_m251.o(.rodata.gau32ClkSrcTbl) for gau32ClkSrcTbl
    system_m251.o(.text.SystemCoreClockUpdate) refers to system_m251.o(.data.SystemCoreClock) for SystemCoreClock
    system_m251.o(.text.SystemCoreClockUpdate) refers to system_m251.o(.data.CyclesPerUs) for CyclesPerUs
    system_m251.o(.ARM.exidx.text.SystemCoreClockUpdate) refers to system_m251.o(.text.SystemCoreClockUpdate) for [Anonymous Symbol]
    system_m251.o(.text.SystemInit) refers to startup_m251.o(RESET) for __Vectors
    system_m251.o(.ARM.exidx.text.SystemInit) refers to system_m251.o(.text.SystemInit) for [Anonymous Symbol]
    system_m251.o(.ARM.exidx.text.Uart0DefaultMPF) refers to system_m251.o(.text.Uart0DefaultMPF) for [Anonymous Symbol]
    startup_m251.o(RESET) refers to startup_m251.o(STACK) for __initial_sp
    startup_m251.o(RESET) refers to startup_m251.o(.text) for Reset_Handler
    startup_m251.o(RESET) refers to retarget.o(.text.SendChar_ToUART) for SendChar_ToUART
    startup_m251.o(RESET) refers to retarget.o(.text.GetChar) for GetChar
    startup_m251.o(RESET) refers to int_handler.o(.text.UART0_IRQHandler) for UART0_IRQHandler
    startup_m251.o(RESET) refers to int_handler.o(.text.UART2_IRQHandler) for UART2_IRQHandler
    startup_m251.o(.text) refers to system_m251.o(.text.SystemInit) for SystemInit
    startup_m251.o(.text) refers to entry.o(.ARM.Collect$$$$00000000) for __main
    startup_m251.o(.text) refers to retarget.o(.text.ProcessHardFault) for ProcessHardFault
    startup_m251.o(.text) refers to retarget.o(.text.SH_Return) for SH_Return
    clk.o(.ARM.exidx.text.CLK_DisableCKO) refers to clk.o(.text.CLK_DisableCKO) for [Anonymous Symbol]
    clk.o(.ARM.exidx.text.CLK_EnableCKO) refers to clk.o(.text.CLK_EnableCKO) for [Anonymous Symbol]
    clk.o(.ARM.exidx.text.CLK_PowerDown) refers to clk.o(.text.CLK_PowerDown) for [Anonymous Symbol]
    clk.o(.ARM.exidx.text.CLK_Idle) refers to clk.o(.text.CLK_Idle) for [Anonymous Symbol]
    clk.o(.ARM.exidx.text.CLK_GetHXTFreq) refers to clk.o(.text.CLK_GetHXTFreq) for [Anonymous Symbol]
    clk.o(.ARM.exidx.text.CLK_GetLXTFreq) refers to clk.o(.text.CLK_GetLXTFreq) for [Anonymous Symbol]
    clk.o(.text.CLK_GetPCLK0Freq) refers to system_m251.o(.text.SystemCoreClockUpdate) for SystemCoreClockUpdate
    clk.o(.text.CLK_GetPCLK0Freq) refers to system_m251.o(.data.SystemCoreClock) for SystemCoreClock
    clk.o(.ARM.exidx.text.CLK_GetPCLK0Freq) refers to clk.o(.text.CLK_GetPCLK0Freq) for [Anonymous Symbol]
    clk.o(.text.CLK_GetPCLK1Freq) refers to system_m251.o(.text.SystemCoreClockUpdate) for SystemCoreClockUpdate
    clk.o(.text.CLK_GetPCLK1Freq) refers to system_m251.o(.data.SystemCoreClock) for SystemCoreClock
    clk.o(.ARM.exidx.text.CLK_GetPCLK1Freq) refers to clk.o(.text.CLK_GetPCLK1Freq) for [Anonymous Symbol]
    clk.o(.text.CLK_GetHCLKFreq) refers to system_m251.o(.text.SystemCoreClockUpdate) for SystemCoreClockUpdate
    clk.o(.text.CLK_GetHCLKFreq) refers to system_m251.o(.data.SystemCoreClock) for SystemCoreClock
    clk.o(.ARM.exidx.text.CLK_GetHCLKFreq) refers to clk.o(.text.CLK_GetHCLKFreq) for [Anonymous Symbol]
    clk.o(.text.CLK_GetCPUFreq) refers to system_m251.o(.text.SystemCoreClockUpdate) for SystemCoreClockUpdate
    clk.o(.text.CLK_GetCPUFreq) refers to system_m251.o(.data.SystemCoreClock) for SystemCoreClock
    clk.o(.ARM.exidx.text.CLK_GetCPUFreq) refers to clk.o(.text.CLK_GetCPUFreq) for [Anonymous Symbol]
    clk.o(.ARM.exidx.text.CLK_GetPLLClockFreq) refers to clk.o(.text.CLK_GetPLLClockFreq) for [Anonymous Symbol]
    clk.o(.ARM.exidx.text.CLK_DisablePLL) refers to clk.o(.text.CLK_DisablePLL) for [Anonymous Symbol]
    clk.o(.text.CLK_EnablePLL) refers to clk.o(.text.CLK_DisablePLL) for CLK_DisablePLL
[...]
    Removing wit_c_sdk.o(.text.WitStopAccCali), (108 bytes).
    Removing wit_c_sdk.o(.ARM.exidx.text.WitStopAccCali), (8 bytes).
    Removing wit_c_sdk.o(.text.WitStartMagCali), (112 bytes).
    Removing wit_c_sdk.o(.ARM.exidx.text.WitStartMagCali), (8 bytes).
    Removing wit_c_sdk.o(.text.WitStopMagCali), (112 bytes).
    Removing wit_c_sdk.o(.ARM.exidx.text.WitStopMagCali), (8 bytes).
    Removing wit_c_sdk.o(.text.WitSetUartBaud), (140 bytes).
    Removing wit_c_sdk.o(.ARM.exidx.text.WitSetUartBaud), (8 bytes).
    Removing wit_c_sdk.o(.text.WitSetCanBaud), (140 bytes).
    Removing wit_c_sdk.o(.ARM.exidx.text.WitSetCanBaud), (8 bytes).
    Removing wit_c_sdk.o(.text.WitSetBandwidth), (140 bytes).
    Removing wit_c_sdk.o(.ARM.exidx.text.WitSetBandwidth), (8 bytes).
    Removing wit_c_sdk.o(.text.WitSetOutputRate), (140 bytes).
    Removing wit_c_sdk.o(.ARM.exidx.text.WitSetOutputRate), (8 bytes).
    Removing wit_c_sdk.o(.text.WitSetContent), (144 bytes).
    Removing wit_c_sdk.o(.ARM.exidx.text.WitSetContent), (8 bytes).
    Removing wit_c_sdk.o(.bss.p_WitI2cWriteFunc), (4 bytes).
    Removing wit_c_sdk.o(.bss.p_WitI2cReadFunc), (4 bytes).
    Removing wit_c_sdk.o(.bss.p_WitCanWriteFunc), (4 bytes).
    Removing main.o(.text), (0 bytes).
    Removing main.o(.ARM.exidx.text.System_Init), (8 bytes).
    Removing main.o(.ARM.exidx.text.SYS_UnlockReg), (8 bytes).
    Removing main.o(.ARM.exidx.text.SYS_LockReg), (8 bytes).
    Removing main.o(.ARM.exidx.text.main), (8 bytes).
    Removing main.o(.ARM.exidx.text.Write_Data_Modbus), (8 bytes).
    Removing main.o(.ARM.exidx.text.delay), (8 bytes).
    Removing main.o(.ARM.exidx.text.SensorUartSend), (8 bytes).
    Removing main.o(.ARM.exidx.text.SensorDataUpdata), (8 bytes).
    Removing main.o(.ARM.exidx.text.Delayms), (8 bytes).
    Removing main.o(.ARM.exidx.text.crc16), (8 bytes).
    Removing main.o(.ARM.use_no_argv), (4 bytes).
    Removing clk_conf.o(.text), (0 bytes).
    Removing clk_conf.o(.ARM.exidx.text.Clock_Init), (8 bytes).
    Removing periph_conf.o(.text), (0 bytes).
    Removing periph_conf.o(.ARM.exidx.text.GPIO_Init), (8 bytes).
    Removing periph_conf.o(.ARM.exidx.text.UART0_Init), (8 bytes).
    Removing periph_conf.o(.ARM.exidx.text.__NVIC_EnableIRQ), (8 bytes).
    Removing periph_conf.o(.ARM.exidx.text.UART1_Init), (8 bytes).
    Removing periph_conf.o(.ARM.exidx.text.UART2_Init), (8 bytes).
    Removing periph_conf.o(.ARM.exidx.text.Periph_Init), (8 bytes).
    Removing pin_conf.o(.text), (0 bytes).
    Removing pin_conf.o(.ARM.exidx.text.Pin_Init), (8 bytes).
    Removing int_handler.o(.text), (0 bytes).
    Removing int_handler.o(.ARM.exidx.text.UART0_IRQHandler), (8 bytes).
    Removing int_handler.o(.ARM.exidx.text.robot_Run), (8 bytes).
    Removing int_handler.o(.ARM.exidx.text.robot_Rotate), (8 bytes).
    Removing int_handler.o(.ARM.exidx.text.robot_Stop), (8 bytes).
    Removing int_handler.o(.ARM.exidx.text.Write_Data_Modbus), (8 bytes).
    Removing int_handler.o(.ARM.exidx.text.UART2_IRQHandler), (8 bytes).
    Removing int_handler.o(.ARM.exidx.text.crc16), (8 bytes).

1034 unused section(s) (total 58728 bytes) removed from the image.

==============================================================================

Image Symbol Table

    Local Symbols

    Symbol Name                              Value     Ov Type        Size  Object(Section)

    ../clib/division.s                       0x00000000   Number         0  aeabi_sdiv.o ABSOLUTE
    ../clib/division.s                       0x00000000   Number         0  aeabi_sdiv_div0.o ABSOLUTE
    ../clib/microlib/division.c              0x00000000   Number         0  uidiv.o ABSOLUTE
    ../clib/microlib/division.c              0x00000000   Number         0  uldiv.o ABSOLUTE
    ../clib/microlib/division.c              0x00000000   Number         0  uidiv_div0.o ABSOLUTE
    ../clib/microlib/division.c              0x00000000   Number         0  idiv_div0.o ABSOLUTE
    ../clib/microlib/division.c              0x00000000   Number         0  idiv0.o ABSOLUTE
    ../clib/microlib/errno.c                 0x00000000   Number         0  errno.o ABSOLUTE
    ../clib/microlib/init/entry.s            0x00000000   Number         0  entry.o ABSOLUTE
    ../clib/microlib/init/entry.s            0x00000000   Number         0  entry2.o ABSOLUTE
    ../clib/microlib/init/entry.s            0x00000000   Number         0  entry5.o ABSOLUTE
    ../clib/microlib/init/entry.s            0x00000000   Number         0  entry7a.o ABSOLUTE
    ../clib/microlib/init/entry.s            0x00000000   Number         0  entry7b.o ABSOLUTE
    ../clib/microlib/init/entry.s            0x00000000   Number         0  entry8a.o ABSOLUTE
    ../clib/microlib/init/entry.s            0x00000000   Number         0  entry8b.o ABSOLUTE
    ../clib/microlib/init/entry.s            0x00000000   Number         0  entry9a.o ABSOLUTE
    ../clib/microlib/init/entry.s            0x00000000   Number         0  entry9b.o ABSOLUTE
    ../clib/microlib/init/entry.s            0x00000000   Number         0  entry10a.o ABSOLUTE
    ../clib/microlib/init/entry.s            0x00000000   Number         0  entry10b.o ABSOLUTE
    ../clib/microlib/init/entry.s            0x00000000   Number         0  entry11a.o ABSOLUTE
    ../clib/microlib/init/entry.s            0x00000000   Number         0  entry11b.o ABSOLUTE
    ../clib/microlib/longlong.c              0x00000000   Number         0  llshl.o ABSOLUTE
    ../clib/microlib/longlong.c              0x00000000   Number         0  llushr.o ABSOLUTE
    ../clib/microlib/longlong.c              0x00000000   Number         0  llsshr.o ABSOLUTE
    ../clib/microlib/printf/printf.c         0x00000000   Number         0  printfa.o ABSOLUTE
    ../clib/microlib/stdlib/abs.c            0x00000000   Number         0  siabs.o ABSOLUTE
    ../clib/microlib/stdlib/abs.c            0x00000000   Number         0  ilabs.o ABSOLUTE
    ../clib/microlib/string/memcpy.c         0x00000000   Number         0  memcpya.o ABSOLUTE
    ../clib/microlib/string/memcpy.c         0x00000000   Number         0  memcpyb.o ABSOLUTE
    ../clib/microlib/stubs.s                 0x00000000   Number         0  iusefp.o ABSOLUTE
    ../fplib/microlib/f2d.c                  0x00000000   Number         0  f2d.o ABSOLUTE
    ../fplib/microlib/fpadd.c                0x00000000   Number         0  dadd.o ABSOLUTE
    ../fplib/microlib/fpdiv.c                0x00000000   Number         0  fdiv.o ABSOLUTE
    ../fplib/microlib/fpdiv.c                0x00000000   Number         0  ddiv.o ABSOLUTE
    ../fplib/microlib/fpepilogue.c           0x00000000   Number         0  fepilogue.o ABSOLUTE
    ../fplib/microlib/fpepilogue.c           0x00000000   Number         0  depilogue.o ABSOLUTE
    ../fplib/microlib/fpfix.c                0x00000000   Number         0  dfixi.o ABSOLUTE
    ../fplib/microlib/fpfix.c                0x00000000   Number         0  dfixul.o ABSOLUTE
    ../fplib/microlib/fpflt.c                0x00000000   Number         0  fflti.o ABSOLUTE
    ../fplib/microlib/fpflt.c                0x00000000   Number         0  dflti.o ABSOLUTE
    ../fplib/microlib/fpflt.c                0x00000000   Number         0  dfltui.o ABSOLUTE
    ../fplib/microlib/fpmul.c                0x00000000   Number         0  fmul.o ABSOLUTE
    ../fplib/microlib/fpmul.c                0x00000000   Number         0  dmul.o ABSOLUTE
    ../fplib/microlib/fpscalb.c              0x00000000   Number         0  dscalb.o ABSOLUTE
    ../mathlib/cos.c                         0x00000000   Number         0  cos.o ABSOLUTE
    ../mathlib/cos_i.c                       0x00000000   Number         0  cos_i.o ABSOLUTE
    ../mathlib/dunder.c                      0x00000000   Number         0  dunder.o ABSOLUTE
    ../mathlib/fpclassify.c                  0x00000000   Number         0  fpclassify.o ABSOLUTE
    ../mathlib/poly.c                        0x00000000   Number         0  poly.o ABSOLUTE
    ../mathlib/rred.c                        0x00000000   Number         0  rred.o ABSOLUTE
    ../mathlib/sin.c                         0x00000000   Number         0  sin.o ABSOLUTE
    ../mathlib/sin_i.c                       0x00000000   Number         0  sin_i.o ABSOLUTE
    ..\..\..\..\Library\Device\Nuvoton\M251\Source\ARM\startup_M251.s 0x00000000   Number         0  startup_m251.o ABSOLUTE
    acmp.c                                   0x00000000   Number         0  acmp.o ABSOLUTE
    bpwm.c                                   0x00000000   Number         0  bpwm.o ABSOLUTE
    cdrcmple.s                               0x00000000   Number         0  cdrcmple.o ABSOLUTE
    clk.c                                    0x00000000   Number         0  clk.o ABSOLUTE
    clk_conf.c                               0x00000000   Number         0  clk_conf.o ABSOLUTE
    crc.c                                    0x00000000   Number         0  crc.o ABSOLUTE
    crypto.c                                 0x00000000   Number         0  crypto.o ABSOLUTE
    dac.c                                    0x00000000   Number         0  dac.o ABSOLUTE
    eadc.c                                   0x00000000   Number         0  eadc.o ABSOLUTE
    ebi.c                                    0x00000000   Number         0  ebi.o ABSOLUTE
    fmc.c                                    0x00000000   Number         0  fmc.o ABSOLUTE
    gpio.c                                   0x00000000   Number         0  gpio.o ABSOLUTE
    handlers.s                               0x00000000   Number         0  handlers.o ABSOLUTE
    i2c.c                                    0x00000000   Number         0  i2c.o ABSOLUTE
    init.s                                   0x00000000   Number         0  init.o ABSOLUTE
    int_handler.c                            0x00000000   Number         0  int_handler.o ABSOLUTE
    lcd.c                                    0x00000000   Number         0  lcd.o ABSOLUTE
    main.c                                   0x00000000   Number         0  main.o ABSOLUTE
    pdma.c                                   0x00000000   Number         0  pdma.o ABSOLUTE
    periph_conf.c                            0x00000000   Number         0  periph_conf.o ABSOLUTE
    pin_conf.c                               0x00000000   Number         0  pin_conf.o ABSOLUTE
    pwm.c                                    0x00000000   Number         0  pwm.o ABSOLUTE
    qspi.c                                   0x00000000   Number         0  qspi.o ABSOLUTE
    retarget.c                               0x00000000   Number         0  retarget.o ABSOLUTE
    rtc.c                                    0x00000000   Number         0  rtc.o ABSOLUTE
    sc.c                                     0x00000000   Number         0  sc.o ABSOLUTE
    scuart.c                                 0x00000000   Number         0  scuart.o ABSOLUTE
    spi.c                                    0x00000000   Number         0  spi.o ABSOLUTE
    sys.c                                    0x00000000   Number         0  sys.o ABSOLUTE
    system_M251.c                            0x00000000   Number         0  system_m251.o ABSOLUTE
    timer.c                                  0x00000000   Number         0  timer.o ABSOLUTE
    timer_pwm.c                              0x00000000   Number         0  timer_pwm.o ABSOLUTE
    tk.c                                     0x00000000   Number         0  tk.o ABSOLUTE
    uart.c                                   0x00000000   Number         0  uart.o ABSOLUTE
    usbd.c                                   0x00000000   Number         0  usbd.o ABSOLUTE
    usci_i2c.c                               0x00000000   Number         0  usci_i2c.o ABSOLUTE
    usci_spi.c                               0x00000000   Number         0  usci_spi.o ABSOLUTE
    usci_uart.c                              0x00000000   Number         0  usci_uart.o ABSOLUTE
    wdt.c                                    0x00000000   Number         0  wdt.o ABSOLUTE
    wit_c_sdk.c                              0x00000000   Number         0  wit_c_sdk.o ABSOLUTE
    wwdt.c                                   0x00000000   Number         0  wwdt.o ABSOLUTE
    RESET                                    0x00000000   Section      320  startup_m251.o(RESET)
    .ARM.Collect$$$$00000000                 0x00000140   Section        0  entry.o(.ARM.Collect$$$$00000000)
    .ARM.Collect$$$$00000001                 0x00000140   Section        4  entry2.o(.ARM.Collect$$$$00000001)
    .ARM.Collect$$$$00000004                 0x00000144   Section        4  entry5.o(.ARM.Collect$$$$00000004)
    .ARM.Collect$$$$00000008                 0x00000148   Section        0  entry7b.o(.ARM.Collect$$$$00000008)
    .ARM.Collect$$$$0000000A                 0x00000148   Section        0  entry8b.o(.ARM.Collect$$$$0000000A)
    .ARM.Collect$$$$0000000B                 0x00000148   Section        8  entry9a.o(.ARM.Collect$$$$0000000B)
    __lit__00000000                          0x00000150   Data           4  entry2.o(.ARM.Collect$$$$00002712)
    .ARM.Collect$$$$0000000D                 0x00000150   Section        0  entry10a.o(.ARM.Collect$$$$0000000D)
    .ARM.Collect$$$$0000000F                 0x00000150   Section        0  entry11a.o(.ARM.Collect$$$$0000000F)
    .ARM.Collect$$$$00002712                 0x00000150   Section        4  entry2.o(.ARM.Collect$$$$00002712)
    .text                                    0x00000154   Section      132  startup_m251.o(.text)
    .text                                    0x000001d8   Section        0  siabs.o(.text)
    .text                                    0x000001e0   Section        0  memcpya.o(.text)
    .text                                    0x00000204   Section        0  fmul.o(.text)
    .text                                    0x0000027e   Section        0  fdiv.o(.text)
    .text                                    0x000002fc   Section        0  dadd.o(.text)
    .text                                    0x00000460   Section        0  dmul.o(.text)
    .text                                    0x00000530   Section        0  fflti.o(.text)
    .text                                    0x00000548   Section        0  dflti.o(.text)
    .text                                    0x00000570   Section        0  dfixi.o(.text)
    .text                                    0x000005b8   Section        0  f2d.o(.text)
    .text                                    0x000005e0   Section        0  uldiv.o(.text)
    .text                                    0x00000640   Section        0  llshl.o(.text)
    .text                                    0x00000660   Section        0  llushr.o(.text)
    .text                                    0x00000682   Section        0  llsshr.o(.text)
    .text                                    0x000006a8   Section        0  iusefp.o(.text)
    .text                                    0x000006a8   Section        0  fepilogue.o(.text)
    .text                                    0x0000072a   Section        0  depilogue.o(.text)
    .text                                    0x000007e8   Section        0  ddiv.o(.text)
    .text                                    0x000008d8   Section        0  dfixul.o(.text)
    .text                                    0x00000918   Section       40  cdrcmple.o(.text)
    .text                                    0x00000940   Section       36  init.o(.text)
    .text                                    0x00000964   Section        0  uidiv_div0.o(.text)
    .text                                    0x000009a2   Section        0  dscalb.o(.text)
    .text                                    0x000009d0   Section        0  dfltui.o(.text)
    [Anonymous Symbol]                       0x000009ec   Section        0  clk.o(.text.CLK_EnableModuleClock)
    __arm_cp.20_0                            0x00000a1c   Number         4  clk.o(.text.CLK_EnableModuleClock)
    [Anonymous Symbol]                       0x00000a20   Section        0  clk.o(.text.CLK_EnableXtalRC)
    [Anonymous Symbol]                       0x00000a34   Section        0  clk.o(.text.CLK_GetPCLK0Freq)
    [Anonymous Symbol]                       0x00000ab4   Section        0  clk.o(.text.CLK_GetPCLK1Freq)
    [Anonymous Symbol]                       0x00000b38   Section        0  clk.o(.text.CLK_GetPLLClockFreq)
    __arm_cp.10_0                            0x00000bd8   Number         4  clk.o(.text.CLK_GetPLLClockFreq)
    __arm_cp.10_1                            0x00000bdc   Number         4  clk.o(.text.CLK_GetPLLClockFreq)
    __arm_cp.10_2                            0x00000be0   Number         4  clk.o(.text.CLK_GetPLLClockFreq)
    __arm_cp.10_3                            0x00000be4   Number         4  clk.o(.text.CLK_GetPLLClockFreq)
    [Anonymous Symbol]                       0x00000be8   Section        0  clk.o(.text.CLK_SetHCLK)
    __arm_cp.14_1                            0x00000c44   Number         4  clk.o(.text.CLK_SetHCLK)
    [Anonymous Symbol]                       0x00000c48   Section        0  clk.o(.text.CLK_SetModuleClock)
    __arm_cp.16_0                            0x00000ce0   Number         4  clk.o(.text.CLK_SetModuleClock)
    __arm_cp.16_1                            0x00000ce4   Number         4  clk.o(.text.CLK_SetModuleClock)
    [Anonymous Symbol]                       0x00000ce8   Section        0  clk.o(.text.CLK_WaitClockReady)
    __arm_cp.13_0                            0x00000d2c   Number         4  clk.o(.text.CLK_WaitClockReady)
    __arm_cp.13_1                            0x00000d30   Number         4  clk.o(.text.CLK_WaitClockReady)
    __arm_cp.13_2                            0x00000d34   Number         4  clk.o(.text.CLK_WaitClockReady)
    [Anonymous Symbol]                       0x00000d38   Section        0  clk_conf.o(.text.Clock_Init)
    __arm_cp.0_0                             0x00000dec   Number         4  clk_conf.o(.text.Clock_Init)
    __arm_cp.0_1                             0x00000df0   Number         4  clk_conf.o(.text.Clock_Init)
    __arm_cp.0_2                             0x00000df4   Number         4  clk_conf.o(.text.Clock_Init)
    __arm_cp.0_3                             0x00000df8   Number         4  clk_conf.o(.text.Clock_Init)
    __arm_cp.0_4                             0x00000dfc   Number         4  clk_conf.o(.text.Clock_Init)
    __arm_cp.0_5                             0x00000e00   Number         4  clk_conf.o(.text.Clock_Init)
    __arm_cp.0_6                             0x00000e04   Number         4  clk_conf.o(.text.Clock_Init)
    CopeWitData                              0x00000e09   Thumb Code   328  wit_c_sdk.o(.text.CopeWitData)
    [Anonymous Symbol]                       0x00000e08   Section        0  wit_c_sdk.o(.text.CopeWitData)
    __arm_cp.3_0                             0x00000f50   Number         4  wit_c_sdk.o(.text.CopeWitData)
    __arm_cp.3_1                             0x00000f54   Number         4  wit_c_sdk.o(.text.CopeWitData)
    __arm_cp.3_2                             0x00000f58   Number         4  wit_c_sdk.o(.text.CopeWitData)
    Delayms                                  0x00000f5d   Thumb Code    24  main.o(.text.Delayms)
    [Anonymous Symbol]                       0x00000f5c   Section        0  main.o(.text.Delayms)
    __arm_cp.8_0                             0x00000f74   Number         4  main.o(.text.Delayms)
    DumpStack                                0x00000f79   Thumb Code     8  retarget.o(.text.DumpStack)
    [Anonymous Symbol]                       0x00000f78   Section        0  retarget.o(.text.DumpStack)
    [Anonymous Symbol]                       0x00000f80   Section        0  periph_conf.o(.text.GPIO_Init)
    __arm_cp.0_0                             0x00000fbc   Number         4  periph_conf.o(.text.GPIO_Init)
    __arm_cp.0_1                             0x00000fc0   Number         4  periph_conf.o(.text.GPIO_Init)
    __arm_cp.0_2                             0x00000fc4   Number         4  periph_conf.o(.text.GPIO_Init)
    __arm_cp.0_3                             0x00000fc8   Number         4  periph_conf.o(.text.GPIO_Init)
    __arm_cp.0_4                             0x00000fcc   Number         4  periph_conf.o(.text.GPIO_Init)
    __arm_cp.0_5                             0x00000fd0   Number         4  periph_conf.o(.text.GPIO_Init)
    __arm_cp.0_6                             0x00000fd4   Number         4  periph_conf.o(.text.GPIO_Init)
    __arm_cp.0_7                             0x00000fd8   Number         4  periph_conf.o(.text.GPIO_Init)
    __arm_cp.0_8                             0x00000fdc   Number         4  periph_conf.o(.text.GPIO_Init)
    [Anonymous Symbol]                       0x00000fe0   Section        0  retarget.o(.text.GetChar)
    [Anonymous Symbol]                       0x00000ff8   Section        0  periph_conf.o(.text.Periph_Init)
    [Anonymous Symbol]                       0x0000100c   Section        0  pin_conf.o(.text.Pin_Init)
    __arm_cp.0_0                             0x00001054   Number         4  pin_conf.o(.text.Pin_Init)
    __arm_cp.0_1                             0x00001058   Number         4  pin_conf.o(.text.Pin_Init)
    __arm_cp.0_2                             0x0000105c   Number         4  pin_conf.o(.text.Pin_Init)
    __arm_cp.0_3                             0x00001060   Number         4  pin_conf.o(.text.Pin_Init)
    __arm_cp.0_4                             0x00001064   Number         4  pin_conf.o(.text.Pin_Init)
    __arm_cp.0_5                             0x00001068   Number         4  pin_conf.o(.text.Pin_Init)
    __arm_cp.0_6                             0x0000106c   Number         4  pin_conf.o(.text.Pin_Init)
    __arm_cp.0_7                             0x00001070   Number         4  pin_conf.o(.text.Pin_Init)
    __arm_cp.0_8                             0x00001074   Number         4  pin_conf.o(.text.Pin_Init)
    __arm_cp.0_9                             0x00001078   Number         4  pin_conf.o(.text.Pin_Init)
    __arm_cp.0_10                            0x0000107c   Number         4  pin_conf.o(.text.Pin_Init)
    __arm_cp.0_11                            0x00001080   Number         4  pin_conf.o(.text.Pin_Init)
    __arm_cp.0_12                            0x00001084   Number         4  pin_conf.o(.text.Pin_Init)
    [Anonymous Symbol]                       0x00001088   Section        0  retarget.o(.text.ProcessHardFault)
    __arm_cp.1_0                             0x000010f8   Number         4  retarget.o(.text.ProcessHardFault)
    __arm_cp.1_1                             0x000010fc   Number         4  retarget.o(.text.ProcessHardFault)
    __arm_cp.1_2                             0x00001100   Number         4  retarget.o(.text.ProcessHardFault)
    [Anonymous Symbol]                       0x00001104   Section        0  retarget.o(.text.SH_Return)
    SYS_LockReg                              0x00001115   Thumb Code     8  main.o(.text.SYS_LockReg)
    [Anonymous Symbol]                       0x00001114   Section        0  main.o(.text.SYS_LockReg)
    SYS_UnlockReg                            0x0000111d   Thumb Code    32  main.o(.text.SYS_UnlockReg)
    [Anonymous Symbol]                       0x0000111c   Section        0  main.o(.text.SYS_UnlockReg)
    __arm_cp.1_0                             0x0000113c   Number         4  main.o(.text.SYS_UnlockReg)
    [Anonymous Symbol]                       0x00001140   Section        0  retarget.o(.text.SendChar)
    [Anonymous Symbol]                       0x00001150   Section        0  retarget.o(.text.SendChar_ToUART)
    __arm_cp.3_0                             0x00001190   Number         4  retarget.o(.text.SendChar_ToUART)
    __arm_cp.3_1                             0x00001194   Number         4  retarget.o(.text.SendChar_ToUART)
    SensorDataUpdata                         0x00001199   Thumb Code   164  main.o(.text.SensorDataUpdata)
    [Anonymous Symbol]                       0x00001198   Section        0  main.o(.text.SensorDataUpdata)
    __arm_cp.7_0                             0x0000123c   Number         4  main.o(.text.SensorDataUpdata)
    SensorUartSend                           0x00001241   Thumb Code    24  main.o(.text.SensorUartSend)
    [Anonymous Symbol]                       0x00001240   Section        0  main.o(.text.SensorUartSend)
    __arm_cp.6_0                             0x00001258   Number         4  main.o(.text.SensorUartSend)
    [Anonymous Symbol]                       0x0000125c   Section        0  system_m251.o(.text.SystemCoreClockUpdate)
    __arm_cp.0_0                             0x000012bc   Number         4  system_m251.o(.text.SystemCoreClockUpdate)
    __arm_cp.0_1                             0x000012c0   Number         4  system_m251.o(.text.SystemCoreClockUpdate)
    __arm_cp.0_2                             0x000012c4   Number         4  system_m251.o(.text.SystemCoreClockUpdate)
    __arm_cp.0_3                             0x000012c8   Number         4  system_m251.o(.text.SystemCoreClockUpdate)
    __arm_cp.0_5                             0x000012cc   Number         4  system_m251.o(.text.SystemCoreClockUpdate)
    __arm_cp.0_7                             0x000012d0   Number         4  system_m251.o(.text.SystemCoreClockUpdate)
    [Anonymous Symbol]                       0x000012d4   Section        0  system_m251.o(.text.SystemInit)
    __arm_cp.1_0                             0x000012ec   Number         4  system_m251.o(.text.SystemInit)
    __arm_cp.1_1                             0x000012f0   Number         4  system_m251.o(.text.SystemInit)
    __arm_cp.1_2                             0x000012f4   Number         4  system_m251.o(.text.SystemInit)
    [Anonymous Symbol]                       0x000012f8   Section        0  main.o(.text.System_Init)
    [Anonymous Symbol]                       0x00001310   Section        0  timer.o(.text.TIMER_Delay)
    __arm_cp.3_0                             0x00001474   Number         4  timer.o(.text.TIMER_Delay)
    __arm_cp.3_1                             0x00001478   Number         4  timer.o(.text.TIMER_Delay)
    __arm_cp.3_2                             0x0000147c   Number         4  timer.o(.text.TIMER_Delay)
    __arm_cp.3_3                             0x00001480   Number         4  timer.o(.text.TIMER_Delay)
    [Anonymous Symbol]                       0x00001484   Section        0  timer.o(.text.TIMER_GetModuleClock)
    __arm_cp.1_0                             0x00001538   Number         4  timer.o(.text.TIMER_GetModuleClock)
    __arm_cp.1_1                             0x0000153c   Number         4  timer.o(.text.TIMER_GetModuleClock)
    __arm_cp.1_2                             0x00001540   Number         4  timer.o(.text.TIMER_GetModuleClock)
    __arm_cp.1_3                             0x00001544   Number         4  timer.o(.text.TIMER_GetModuleClock)
    __arm_cp.1_4                             0x00001548   Number         4  timer.o(.text.TIMER_GetModuleClock)
    [Anonymous Symbol]                       0x0000154c   Section        0  int_handler.o(.text.UART0_IRQHandler)
    __arm_cp.0_0                             0x000017c4   Number         4  int_handler.o(.text.UART0_IRQHandler)
    __arm_cp.0_1                             0x000017c8   Number         4  int_handler.o(.text.UART0_IRQHandler)
    __arm_cp.0_2                             0x000017cc   Number         4  int_handler.o(.text.UART0_IRQHandler)
    __arm_cp.0_3                             0x000017d0   Number         4  int_handler.o(.text.UART0_IRQHandler)
    __arm_cp.0_4                             0x000017d4   Number         4  int_handler.o(.text.UART0_IRQHandler)
    __arm_cp.0_6                             0x000017d8   Number         4  int_handler.o(.text.UART0_IRQHandler)
    __arm_cp.0_7                             0x000017dc   Number         4  int_handler.o(.text.UART0_IRQHandler)
    __arm_cp.0_8                             0x000017e0   Number         4  int_handler.o(.text.UART0_IRQHandler)
    __arm_cp.0_10                            0x000017e4   Number         4  int_handler.o(.text.UART0_IRQHandler)
    __arm_cp.0_11                            0x000017e8   Number         4  int_handler.o(.text.UART0_IRQHandler)
    __arm_cp.0_12                            0x000017ec   Number         4  int_handler.o(.text.UART0_IRQHandler)
    __arm_cp.0_13                            0x000017f0   Number         4  int_handler.o(.text.UART0_IRQHandler)
    __arm_cp.0_14                            0x000017f4   Number         4  int_handler.o(.text.UART0_IRQHandler)
    __arm_cp.0_15                            0x000017f8   Number         4  int_handler.o(.text.UART0_IRQHandler)
    __arm_cp.0_16                            0x000017fc   Number         4  int_handler.o(.text.UART0_IRQHandler)
    __arm_cp.0_17                            0x00001800   Number         4  int_handler.o(.text.UART0_IRQHandler)
    __arm_cp.0_18                            0x00001804   Number         4  int_handler.o(.text.UART0_IRQHandler)
    __arm_cp.0_19                            0x00001808   Number         4  int_handler.o(.text.UART0_IRQHandler)
    [Anonymous Symbol]                       0x0000180c   Section        0  periph_conf.o(.text.UART0_Init)
    __arm_cp.1_0                             0x00001838   Number         4  periph_conf.o(.text.UART0_Init)
    __arm_cp.1_1                             0x0000183c   Number         4  periph_conf.o(.text.UART0_Init)
    [Anonymous Symbol]                       0x00001840   Section        0  periph_conf.o(.text.UART1_Init)
    __arm_cp.3_1                             0x00001858   Number         4  periph_conf.o(.text.UART1_Init)
    [Anonymous Symbol]                       0x0000185c   Section        0  int_handler.o(.text.UART2_IRQHandler)
    __arm_cp.5_0                             0x00001974   Number         4  int_handler.o(.text.UART2_IRQHandler)
    __arm_cp.5_1                             0x00001978   Number         4  int_handler.o(.text.UART2_IRQHandler)
    __arm_cp.5_3                             0x0000197c   Number         4  int_handler.o(.text.UART2_IRQHandler)
    __arm_cp.5_4                             0x00001980   Number         4  int_handler.o(.text.UART2_IRQHandler)
    __arm_cp.5_5                             0x00001984   Number         4  int_handler.o(.text.UART2_IRQHandler)
    __arm_cp.5_6                             0x00001988   Number         4  int_handler.o(.text.UART2_IRQHandler)
    __arm_cp.5_7                             0x0000198c   Number         4  int_handler.o(.text.UART2_IRQHandler)
    __arm_cp.5_8                             0x00001990   Number         4  int_handler.o(.text.UART2_IRQHandler)
    __arm_cp.5_9                             0x00001994   Number         4  int_handler.o(.text.UART2_IRQHandler)
    [Anonymous Symbol]                       0x00001998   Section        0  periph_conf.o(.text.UART2_Init)
    __arm_cp.4_1                             0x000019c4   Number         4  periph_conf.o(.text.UART2_Init)
    [Anonymous Symbol]                       0x000019c8   Section        0  uart.o(.text.UART_ClearIntFlag)
    __arm_cp.0_0                             0x00001a54   Number         4  uart.o(.text.UART_ClearIntFlag)
    __arm_cp.0_1                             0x00001a58   Number         4  uart.o(.text.UART_ClearIntFlag)
    [Anonymous Symbol]                       0x00001a5c   Section        0  uart.o(.text.UART_EnableInt)
    [Anonymous Symbol]                       0x00001a70   Section        0  uart.o(.text.UART_Open)
    __arm_cp.6_0                             0x00001bf0   Number         4  uart.o(.text.UART_Open)
    __arm_cp.6_1                             0x00001bf4   Number         4  uart.o(.text.UART_Open)
    __arm_cp.6_2                             0x00001bf8   Number         4  uart.o(.text.UART_Open)
    __arm_cp.6_3                             0x00001bfc   Number         4  uart.o(.text.UART_Open)
    __arm_cp.6_4                             0x00001c00   Number         4  uart.o(.text.UART_Open)
    __arm_cp.6_5                             0x00001c04   Number         4  uart.o(.text.UART_Open)
    __arm_cp.6_6                             0x00001c08   Number         4  uart.o(.text.UART_Open)
    __arm_cp.6_7                             0x00001c0c   Number         4  uart.o(.text.UART_Open)
    __arm_cp.6_8                             0x00001c10   Number         4  uart.o(.text.UART_Open)
    __arm_cp.6_9                             0x00001c14   Number         4  uart.o(.text.UART_Open)
    [Anonymous Symbol]                       0x00001c18   Section        0  uart.o(.text.UART_Write)
    [Anonymous Symbol]                       0x00001c84   Section        0  wit_c_sdk.o(.text.WitDelayMsRegister)
    __arm_cp.13_0                            0x00001ca8   Number         4  wit_c_sdk.o(.text.WitDelayMsRegister)
    [Anonymous Symbol]                       0x00001cac   Section        0  wit_c_sdk.o(.text.WitInit)
    __arm_cp.11_1                            0x00001ce0   Number         4  wit_c_sdk.o(.text.WitInit)
    [Anonymous Symbol]                       0x00001ce4   Section        0  wit_c_sdk.o(.text.WitRegisterCallBack)
    [Anonymous Symbol]                       0x00001d08   Section        0  wit_c_sdk.o(.text.WitSerialDataIn)
    __arm_cp.1_0                             0x00001ee8   Number         4  wit_c_sdk.o(.text.WitSerialDataIn)
    __arm_cp.1_1                             0x00001eec   Number         4  wit_c_sdk.o(.text.WitSerialDataIn)
    __arm_cp.1_2                             0x00001ef0   Number         4  wit_c_sdk.o(.text.WitSerialDataIn)
    __arm_cp.1_3                             0x00001ef4   Number         4  wit_c_sdk.o(.text.WitSerialDataIn)
    __arm_cp.1_4                             0x00001ef8   Number         4  wit_c_sdk.o(.text.WitSerialDataIn)
    __arm_cp.1_5                             0x00001efc   Number         4  wit_c_sdk.o(.text.WitSerialDataIn)
    [Anonymous Symbol]                       0x00001f00   Section        0  wit_c_sdk.o(.text.WitSerialWriteRegister)
    __arm_cp.0_0                             0x00001f24   Number         4  wit_c_sdk.o(.text.WitSerialWriteRegister)
    Write_Data_Modbus                        0x00001f29   Thumb Code   104  main.o(.text.Write_Data_Modbus)
    [Anonymous Symbol]                       0x00001f28   Section        0  main.o(.text.Write_Data_Modbus)
    Write_Data_Modbus                        0x00001f91   Thumb Code   104  int_handler.o(.text.Write_Data_Modbus)
    [Anonymous Symbol]                       0x00001f90   Section        0  int_handler.o(.text.Write_Data_Modbus)
    __arm_cp.4_0                             0x00001ff8   Number         4  int_handler.o(.text.Write_Data_Modbus)
    __arm_cp.4_2                             0x00001ffc   Number         4  int_handler.o(.text.Write_Data_Modbus)
    __CRC16                                  0x00002001   Thumb Code   104  wit_c_sdk.o(.text.__CRC16)
    [Anonymous Symbol]                       0x00002000   Section        0  wit_c_sdk.o(.text.__CRC16)
    __arm_cp.4_0                             0x00002068   Number         4  wit_c_sdk.o(.text.__CRC16)
    __arm_cp.4_1                             0x0000206c   Number         4  wit_c_sdk.o(.text.__CRC16)
    __CaliSum                                0x00002071   Thumb Code    58  wit_c_sdk.o(.text.__CaliSum)
    [Anonymous Symbol]                       0x00002070   Section        0  wit_c_sdk.o(.text.__CaliSum)
    __NVIC_EnableIRQ                         0x000020ad   Thumb Code    48  periph_conf.o(.text.__NVIC_EnableIRQ)
    [Anonymous Symbol]                       0x000020ac   Section        0  periph_conf.o(.text.__NVIC_EnableIRQ)
    __arm_cp.2_0                             0x000020dc   Number         4  periph_conf.o(.text.__NVIC_EnableIRQ)
    crc16                                    0x000020e1   Thumb Code    88  main.o(.text.crc16)
    [Anonymous Symbol]                       0x000020e0   Section        0  main.o(.text.crc16)
    __arm_cp.9_0                             0x00002138   Number         4  main.o(.text.crc16)
    __arm_cp.9_1                             0x0000213c   Number         4  main.o(.text.crc16)
    crc16                                    0x00002141   Thumb Code    88  int_handler.o(.text.crc16)
    [Anonymous Symbol]                       0x00002140   Section        0  int_handler.o(.text.crc16)
    __arm_cp.6_0                             0x00002198   Number         4  int_handler.o(.text.crc16)
    __arm_cp.6_1                             0x0000219c   Number         4  int_handler.o(.text.crc16)
    delay                                    0x000021a1   Thumb Code    20  main.o(.text.delay)
    [Anonymous Symbol]                       0x000021a0   Section        0  main.o(.text.delay)
    [Anonymous Symbol]                       0x000021b4   Section        0  retarget.o(.text.fputc)
    [Anonymous Symbol]                       0x000021c8   Section        0  main.o(.text.main)
    __arm_cp.3_0                             0x0000228c   Number         4  main.o(.text.main)
    __arm_cp.3_1                             0x00002290   Number         4  main.o(.text.main)
    __arm_cp.3_2                             0x00002294   Number         4  main.o(.text.main)
    __arm_cp.3_3                             0x00002298   Number         4  main.o(.text.main)
    __arm_cp.3_4                             0x0000229c   Number         4  main.o(.text.main)
    __arm_cp.3_5                             0x000022a0   Number         4  main.o(.text.main)
    __arm_cp.3_6                             0x000022a4   Number         4  main.o(.text.main)
    __arm_cp.3_7                             0x000022a8   Number         4  main.o(.text.main)
    robot_Rotate                             0x000022ad   Thumb Code    80  int_handler.o(.text.robot_Rotate)
    [Anonymous Symbol]                       0x000022ac   Section        0  int_handler.o(.text.robot_Rotate)
    robot_Run                                0x000022fd   Thumb Code   512  int_handler.o(.text.robot_Run)
    [Anonymous Symbol]                       0x000022fc   Section        0  int_handler.o(.text.robot_Run)
    __arm_cp.1_0                             0x000024fc   Number         4  int_handler.o(.text.robot_Run)
    __arm_cp.1_1                             0x00002500   Number         4  int_handler.o(.text.robot_Run)
    __arm_cp.1_2                             0x00002504   Number         4  int_handler.o(.text.robot_Run)
    __arm_cp.1_3                             0x00002508   Number         4  int_handler.o(.text.robot_Run)
    __arm_cp.1_7                             0x0000250c   Number         4  int_handler.o(.text.robot_Run)
    __arm_cp.1_8                             0x00002510   Number         4  int_handler.o(.text.robot_Run)
    __arm_cp.1_9                             0x00002514   Number         4  int_handler.o(.text.robot_Run)
    robot_Stop                               0x00002519   Thumb Code   120  int_handler.o(.text.robot_Stop)
    [Anonymous Symbol]                       0x00002518   Section        0  int_handler.o(.text.robot_Stop)
    __arm_cp.3_0                             0x00002590   Number         4  int_handler.o(.text.robot_Stop)
    __arm_cp.3_1                             0x00002594   Number         4  int_handler.o(.text.robot_Stop)
    __arm_cp.3_2                             0x00002598   Number         4  int_handler.o(.text.robot_Stop)
    __arm_cp.3_3                             0x0000259c   Number         4  int_handler.o(.text.robot_Stop)
    __arm_cp.3_4                             0x000025a0   Number         4  int_handler.o(.text.robot_Stop)
    i.__0printf                              0x000025a4   Section        0  printfa.o(i.__0printf)
    i.__ARM_clz                              0x000025c4   Section        0  depilogue.o(i.__ARM_clz)
    i.__ARM_common_ll_muluu                  0x000025f2   Section        0  rred.o(i.__ARM_common_ll_muluu)
    i.__ARM_fpclassify                       0x00002624   Section        0  fpclassify.o(i.__ARM_fpclassify)
    i.__ieee754_rem_pio2                     0x00002650   Section        0  rred.o(i.__ieee754_rem_pio2)
    i.__kernel_cos                           0x000029ec   Section        0  cos_i.o(i.__kernel_cos)
    i.__kernel_poly                          0x00002ae0   Section        0  poly.o(i.__kernel_poly)
    i.__kernel_sin                           0x00002b8c   Section        0  sin_i.o(i.__kernel_sin)
    i.__mathlib_dbl_infnan                   0x00002c78   Section        0  dunder.o(i.__mathlib_dbl_infnan)
    i.__mathlib_dbl_invalid                  0x00002c82   Section        0  dunder.o(i.__mathlib_dbl_invalid)
    i.__mathlib_dbl_underflow                0x00002c94   Section        0  dunder.o(i.__mathlib_dbl_underflow)
    i.__scatterload_copy                     0x00002ca8   Section       14  handlers.o(i.__scatterload_copy)
    i.__scatterload_null                     0x00002cb6   Section        2  handlers.o(i.__scatterload_null)
    i.__scatterload_zeroinit                 0x00002cb8   Section       14  handlers.o(i.__scatterload_zeroinit)
    i.__set_errno                            0x00002cc8   Section        0  errno.o(i.__set_errno)
    _fp_digits                               0x00002cd5   Thumb Code   344  printfa.o(i._fp_digits)
    i._fp_digits                             0x00002cd4   Section        0  printfa.o(i._fp_digits)
    _printf_core                             0x00002e49   Thumb Code  1754  printfa.o(i._printf_core)
    i._printf_core                           0x00002e48   Section        0  printfa.o(i._printf_core)
    _printf_post_padding                     0x00003535   Thumb Code    32  printfa.o(i._printf_post_padding)
    i._printf_post_padding                   0x00003534   Section        0  printfa.o(i._printf_post_padding)
    _printf_pre_padding                      0x00003555   Thumb Code    44  printfa.o(i._printf_pre_padding)
    i._printf_pre_padding                    0x00003554   Section        0  printfa.o(i._printf_pre_padding)
    i.cos                                    0x00003580   Section        0  cos.o(i.cos)
    i.sin                                    0x00003618   Section        0  sin.o(i.sin)
    C                                        0x000036b8   Data          48  cos_i.o(.constdata)
    .constdata                               0x000036b8   Section       48  cos_i.o(.constdata)
    pio2s                                    0x000036e8   Data          48  rred.o(.constdata)
    .constdata                               0x000036e8   Section      204  rred.o(.constdata)
    twooverpi                                0x00003718   Data         156  rred.o(.constdata)
    S                                        0x000037b8   Data          40  sin_i.o(.constdata)
    .constdata                               0x000037b8   Section       40  sin_i.o(.constdata)
    [Anonymous Symbol]                       0x000037e0   Section        0  uart.o(.rodata..L__const.UART_Open.au32ClkTbl)
    __auchCRCHi                              0x000037f8   Data         256  wit_c_sdk.o(.rodata.__auchCRCHi)
    [Anonymous Symbol]                       0x000037f8   Section        0  wit_c_sdk.o(.rodata.__auchCRCHi)
    __auchCRCLo                              0x000038f8   Data         256  wit_c_sdk.o(.rodata.__auchCRCLo)
    [Anonymous Symbol]                       0x000038f8   Section        0  wit_c_sdk.o(.rodata.__auchCRCLo)
    [Anonymous Symbol]                       0x000039f8   Section        0  timer.o(.rodata.cst32)
    [Anonymous Symbol]                       0x00003a38   Section        0  retarget.o(.rodata.str1.1)
    [Anonymous Symbol]                       0x00003a47   Section        0  int_handler.o(.rodata.str1.1)
    table_crc_hi                             0x00003a98   Data         256  main.o(.rodata.table_crc_hi)
    [Anonymous Symbol]                       0x00003a98   Section        0  main.o(.rodata.table_crc_hi)
    table_crc_hi                             0x00003b98   Data         256  int_handler.o(.rodata.table_crc_hi)
    [Anonymous Symbol]                       0x00003b98   Section        0  int_handler.o(.rodata.table_crc_hi)
    table_crc_lo                             0x00003c98   Data         256  main.o(.rodata.table_crc_lo)
    [Anonymous Symbol]                       0x00003c98   Section        0  main.o(.rodata.table_crc_lo)
    table_crc_lo                             0x00003d98   Data         256  int_handler.o(.rodata.table_crc_lo)
    [Anonymous Symbol]                       0x00003d98   Section        0  int_handler.o(.rodata.table_crc_lo)
    _errno                                   0x20000000   Data           4  errno.o(.data)
    .data                                    0x20000000   Section        4  errno.o(.data)
    ACC_ADDR                                 0x20000004   Data           2  main.o(.data.ACC_ADDR)
    [Anonymous Symbol]                       0x20000004   Section        0  main.o(.data.ACC_ADDR)
    CTRL_CMD                                 0x20000006   Data           2  main.o(.data.CTRL_CMD)
    [Anonymous Symbol]                       0x20000006   Section        0  main.o(.data.CTRL_CMD)
    CTRL_CMD                                 0x20000008   Data           2  int_handler.o(.data.CTRL_CMD)
    [Anonymous Symbol]                       0x20000008   Section        0  int_handler.o(.data.CTRL_CMD)
    DEC_ADDR                                 0x20000010   Data           2  main.o(.data.DEC_ADDR)
    [Anonymous Symbol]                       0x20000010   Section        0  main.o(.data.DEC_ADDR)
    SPEED_ADDR                               0x20000018   Data           2  int_handler.o(.data.SPEED_ADDR)
    [Anonymous Symbol]                       0x20000018   Section        0  int_handler.o(.data.SPEED_ADDR)
    g_ICE_Connected                          0x20000020   Data           4  retarget.o(.data.g_ICE_Connected)
    [Anonymous Symbol]                       0x20000020   Section        0  retarget.o(.data.g_ICE_Connected)
    s_ucAddr                                 0x20000024   Data           1  wit_c_sdk.o(.data.s_ucAddr)
    [Anonymous Symbol]                       0x20000024   Section        0  wit_c_sdk.o(.data.s_ucAddr)
    dir1                                     0x2000007c   Data           1  int_handler.o(.bss.dir1)
    [Anonymous Symbol]                       0x2000007c   Section        0  int_handler.o(.bss.dir1)
    dir2                                     0x2000007d   Data           1  int_handler.o(.bss.dir2)
    [Anonymous Symbol]                       0x2000007d   Section        0  int_handler.o(.bss.dir2)
    dir3                                     0x2000007e   Data           1  int_handler.o(.bss.dir3)
    [Anonymous Symbol]                       0x2000007e   Section        0  int_handler.o(.bss.dir3)
    fAcc                                     0x20000080   Data          12  int_handler.o(.bss.fAcc)
    [Anonymous Symbol]                       0x20000080   Section        0  int_handler.o(.bss.fAcc)
    fAngle                                   0x2000008c   Data          12  int_handler.o(.bss.fAngle)
    [Anonymous Symbol]                       0x2000008c   Section        0  int_handler.o(.bss.fAngle)
    fGyro                                    0x20000098   Data          12  int_handler.o(.bss.fGyro)
    [Anonymous Symbol]                       0x20000098   Section        0  int_handler.o(.bss.fGyro)
    offSet_z                                 0x200000a8   Data           4  int_handler.o(.bss.offSet_z)
    [Anonymous Symbol]                       0x200000a8   Section        0  int_handler.o(.bss.offSet_z)
    p_WitDelaymsFunc                         0x200000ac   Data           4  wit_c_sdk.o(.bss.p_WitDelaymsFunc)
    [Anonymous Symbol]                       0x200000ac   Section        0  wit_c_sdk.o(.bss.p_WitDelaymsFunc)
    p_WitRegUpdateCbFunc                     0x200000b0   Data           4  wit_c_sdk.o(.bss.p_WitRegUpdateCbFunc)
    [Anonymous Symbol]                       0x200000b0   Section        0  wit_c_sdk.o(.bss.p_WitRegUpdateCbFunc)
    p_WitSerialWriteFunc                     0x200000b4   Data           4  wit_c_sdk.o(.bss.p_WitSerialWriteFunc)
    [Anonymous Symbol]                       0x200000b4   Section        0  wit_c_sdk.o(.bss.p_WitSerialWriteFunc)
    s_cDataUpdate                            0x200001d8   Data           1  main.o(.bss.s_cDataUpdate)
    [Anonymous Symbol]                       0x200001d8   Section        0  main.o(.bss.s_cDataUpdate)
    s_cDataUpdate                            0x200001d9   Data           1  int_handler.o(.bss.s_cDataUpdate)
    [Anonymous Symbol]                       0x200001d9   Section        0  int_handler.o(.bss.s_cDataUpdate)
    s_ucWitDataBuff                          0x200001da   Data         256  wit_c_sdk.o(.bss.s_ucWitDataBuff)
    [Anonymous Symbol]                       0x200001da   Section        0  wit_c_sdk.o(.bss.s_ucWitDataBuff)
    s_uiProtoclo                             0x200002dc   Data           4  wit_c_sdk.o(.bss.s_uiProtoclo)
    [Anonymous Symbol]                       0x200002dc   Section        0  wit_c_sdk.o(.bss.s_uiProtoclo)
    s_uiReadRegIndex                         0x200002e0   Data           4  wit_c_sdk.o(.bss.s_uiReadRegIndex)
    [Anonymous Symbol]                       0x200002e0   Section        0  wit_c_sdk.o(.bss.s_uiReadRegIndex)
    s_uiWitDataCnt                           0x200002e4   Data           4  wit_c_sdk.o(.bss.s_uiWitDataCnt)
    [Anonymous Symbol]                       0x200002e4   Section        0  wit_c_sdk.o(.bss.s_uiWitDataCnt)
    speed1                                   0x200002e8   Data           4  int_handler.o(.bss.speed1)
    [Anonymous Symbol]                       0x200002e8   Section        0  int_handler.o(.bss.speed1)
    speed2                                   0x200002ec   Data           4  int_handler.o(.bss.speed2)
    [Anonymous Symbol]                       0x200002ec   Section        0  int_handler.o(.bss.speed2)
    speed3                                   0x200002f0   Data           4  int_handler.o(.bss.speed3)
    [Anonymous Symbol]                       0x200002f0   Section        0  int_handler.o(.bss.speed3)
    x                                        0x200002f4   Data           4  int_handler.o(.bss.x)
    [Anonymous Symbol]                       0x200002f4   Section        0  int_handler.o(.bss.x)
    STACK                                    0x200002f8   Section     2048  startup_m251.o(STACK)

    Global Symbols

    Symbol Name                              Value     Ov Type        Size  Object(Section)

    BuildAttributes$$THM_ISAv3M$S$8M$PE$A:L22$X:L11$S22$IEEE1$IW$~IW$USESV6$~STKCKD$USESV7$~SHL$OTIME$ROPI$IEEEX$EBA8$MICROLIB$REQ8$PRES8$EABIv2 0x00000000   Number         0  anon$$obj.o ABSOLUTE
    __Vectors                                0x00000000   Data           4  startup_m251.o(RESET)
    __cpp_initialize__aeabi_                  - Undefined Weak Reference
    __cxa_finalize                            - Undefined Weak Reference
    __decompress                              - Undefined Weak Reference
    _clock_init                               - Undefined Weak Reference
    _microlib_exit                            - Undefined Weak Reference
    __Vectors_End                            0x00000140   Data           0  startup_m251.o(RESET)
    __Vectors_Size                           0x00000140   Number         0  startup_m251.o ABSOLUTE
    __main                                   0x00000141   Thumb Code     0  entry.o(.ARM.Collect$$$$00000000)
    _main_stk                                0x00000141   Thumb Code     0  entry2.o(.ARM.Collect$$$$00000001)
    _main_scatterload                        0x00000145   Thumb Code     0  entry5.o(.ARM.Collect$$$$00000004)
    __main_after_scatterload                 0x00000149   Thumb Code     0  entry5.o(.ARM.Collect$$$$00000004)
    _main_clock                              0x00000149   Thumb Code     0  entry7b.o(.ARM.Collect$$$$00000008)
    _main_cpp_init                           0x00000149   Thumb Code     0  entry8b.o(.ARM.Collect$$$$0000000A)
    _main_init                               0x00000149   Thumb Code     0  entry9a.o(.ARM.Collect$$$$0000000B)
    __rt_final_cpp                           0x00000151   Thumb Code     0  entry10a.o(.ARM.Collect$$$$0000000D)
    __rt_final_exit                          0x00000151   Thumb Code     0  entry11a.o(.ARM.Collect$$$$0000000F)
    Reset_Handler                            0x00000155   Thumb Code    56  startup_m251.o(.text)
    NMI_Handler                              0x0000018d   Thumb Code     2  startup_m251.o(.text)
    HardFault_Handler                        0x0000018f   Thumb Code    16  startup_m251.o(.text)
    SVC_Handler                              0x0000019f   Thumb Code     2  startup_m251.o(.text)
    PendSV_Handler                           0x000001a1   Thumb Code     2  startup_m251.o(.text)
    SysTick_Handler                          0x000001a3   Thumb Code     2  startup_m251.o(.text)
    ACMP01_IRQHandler                        0x000001a5   Thumb Code     0  startup_m251.o(.text)
    BOD_IRQHandler                           0x000001a5   Thumb Code     0  startup_m251.o(.text)
    BPWM0_IRQHandler                         0x000001a5   Thumb Code     0  startup_m251.o(.text)
    BPWM1_IRQHandler                         0x000001a5   Thumb Code     0  startup_m251.o(.text)
    BRAKE0_IRQHandler                        0x000001a5   Thumb Code     0  startup_m251.o(.text)
    BRAKE1_IRQHandler                        0x000001a5   Thumb Code     0  startup_m251.o(.text)
    CLKFAIL_IRQHandler                       0x000001a5   Thumb Code     0  startup_m251.o(.text)
    CRPT_IRQHandler                          0x000001a5   Thumb Code     0  startup_m251.o(.text)
    DAC_IRQHandler                           0x000001a5   Thumb Code     0  startup_m251.o(.text)
    DEFAULT_IRQHandler                       0x000001a5   Thumb Code     0  startup_m251.o(.text)
    EADC_INT0_IRQHandler                     0x000001a5   Thumb Code     0  startup_m251.o(.text)
    EADC_INT1_IRQHandler                     0x000001a5   Thumb Code     0  startup_m251.o(.text)
    EADC_INT2_IRQHandler                     0x000001a5   Thumb Code     0  startup_m251.o(.text)
    EADC_INT3_IRQHandler                     0x000001a5   Thumb Code     0  startup_m251.o(.text)
    EINT0_IRQHandler                         0x000001a5   Thumb Code     0  startup_m251.o(.text)
    EINT1_IRQHandler                         0x000001a5   Thumb Code     0  startup_m251.o(.text)
    EINT2_IRQHandler                         0x000001a5   Thumb Code     0  startup_m251.o(.text)
    EINT3_IRQHandler                         0x000001a5   Thumb Code     0  startup_m251.o(.text)
    EINT4_IRQHandler                         0x000001a5   Thumb Code     0  startup_m251.o(.text)
    EINT5_IRQHandler                         0x000001a5   Thumb Code     0  startup_m251.o(.text)
    GPA_IRQHandler                           0x000001a5   Thumb Code     0  startup_m251.o(.text)
    GPB_IRQHandler                           0x000001a5   Thumb Code     0  startup_m251.o(.text)
    GPC_IRQHandler                           0x000001a5   Thumb Code     0  startup_m251.o(.text)
    GPD_IRQHandler                           0x000001a5   Thumb Code     0  startup_m251.o(.text)
    GPE_IRQHandler                           0x000001a5   Thumb Code     0  startup_m251.o(.text)
    GPF_IRQHandler                           0x000001a5   Thumb Code     0  startup_m251.o(.text)
    I2C0_IRQHandler                          0x000001a5   Thumb Code     0  startup_m251.o(.text)
    I2C1_IRQHandler                          0x000001a5   Thumb Code     0  startup_m251.o(.text)
    IRCTRIM_IRQHandler                       0x000001a5   Thumb Code     0  startup_m251.o(.text)
    LCD_IRQHandler                           0x000001a5   Thumb Code     0  startup_m251.o(.text)
    OPA_IRQHandler                           0x000001a5   Thumb Code     0  startup_m251.o(.text)
    PDMA_IRQHandler                          0x000001a5   Thumb Code     0  startup_m251.o(.text)
    PSIO_IRQHandler                          0x000001a5   Thumb Code     0  startup_m251.o(.text)
    PWM0_P0_IRQHandler                       0x000001a5   Thumb Code     0  startup_m251.o(.text)
    PWM0_P1_IRQHandler                       0x000001a5   Thumb Code     0  startup_m251.o(.text)
    PWM0_P2_IRQHandler                       0x000001a5   Thumb Code     0  startup_m251.o(.text)
    PWM1_P0_IRQHandler                       0x000001a5   Thumb Code     0  startup_m251.o(.text)
    PWM1_P1_IRQHandler                       0x000001a5   Thumb Code     0  startup_m251.o(.text)
    PWM1_P2_IRQHandler                       0x000001a5   Thumb Code     0  startup_m251.o(.text)
    PWRWU_IRQHandler                         0x000001a5   Thumb Code     0  startup_m251.o(.text)
    QSPI0_IRQHandler                         0x000001a5   Thumb Code     0  startup_m251.o(.text)
    RTC_IRQHandler                           0x000001a5   Thumb Code     0  startup_m251.o(.text)
    SC0_IRQHandler                           0x000001a5   Thumb Code     0  startup_m251.o(.text)
    SPI0_IRQHandler                          0x000001a5   Thumb Code     0  startup_m251.o(.text)
    SPI1_IRQHandler                          0x000001a5   Thumb Code     0  startup_m251.o(.text)
    TAMPER_IRQHandler                        0x000001a5   Thumb Code     0  startup_m251.o(.text)
    TK_IRQHandler                            0x000001a5   Thumb Code     0  startup_m251.o(.text)
    TMR0_IRQHandler                          0x000001a5   Thumb Code     0  startup_m251.o(.text)
    TMR1_IRQHandler                          0x000001a5   Thumb Code     0  startup_m251.o(.text)
    TMR2_IRQHandler                          0x000001a5   Thumb Code     0  startup_m251.o(.text)
    TMR3_IRQHandler                          0x000001a5   Thumb Code     0  startup_m251.o(.text)
    UART1_IRQHandler                         0x000001a5   Thumb Code     0  startup_m251.o(.text)
    UART3_IRQHandler                         0x000001a5   Thumb Code     0  startup_m251.o(.text)
    USBD_IRQHandler                          0x000001a5   Thumb Code     0  startup_m251.o(.text)
    USCI0_IRQHandler                         0x000001a5   Thumb Code     0  startup_m251.o(.text)
    USCI1_IRQHandler                         0x000001a5   Thumb Code     0  startup_m251.o(.text)
    USCI2_IRQHandler                         0x000001a5   Thumb Code     0  startup_m251.o(.text)
    WDT_IRQHandler                           0x000001a5   Thumb Code     0  startup_m251.o(.text)
    WWDT_IRQHandler                          0x000001a5   Thumb Code     0  startup_m251.o(.text)
    SH_DoCommand                             0x000001a9   Thumb Code    10  startup_m251.o(.text)
    __PC                                     0x000001b3   Thumb Code     6  startup_m251.o(.text)
    abs                                      0x000001d9   Thumb Code     8  siabs.o(.text)
    __aeabi_memcpy                           0x000001e1   Thumb Code    36  memcpya.o(.text)
    __aeabi_memcpy4                          0x000001e1   Thumb Code     0  memcpya.o(.text)
    __aeabi_memcpy8                          0x000001e1   Thumb Code     0  memcpya.o(.text)
    __aeabi_fmul                             0x00000205   Thumb Code   122  fmul.o(.text)
    __aeabi_fdiv                             0x0000027f   Thumb Code   124  fdiv.o(.text)
    __aeabi_dadd                             0x000002fd   Thumb Code   328  dadd.o(.text)
    __aeabi_dsub                             0x00000445   Thumb Code    12  dadd.o(.text)
    __aeabi_drsub                            0x00000451   Thumb Code    12  dadd.o(.text)
    __aeabi_dmul                             0x00000461   Thumb Code   202  dmul.o(.text)
    __aeabi_i2f                              0x00000531   Thumb Code    22  fflti.o(.text)
    __aeabi_i2d                              0x00000549   Thumb Code    34  dflti.o(.text)
    __aeabi_d2iz                             0x00000571   Thumb Code    62  dfixi.o(.text)
    __aeabi_f2d                              0x000005b9   Thumb Code    40  f2d.o(.text)
    __aeabi_uldivmod                         0x000005e1   Thumb Code    96  uldiv.o(.text)
    __aeabi_llsl                             0x00000641   Thumb Code    32  llshl.o(.text)
    _ll_shift_l                              0x00000641   Thumb Code     0  llshl.o(.text)
    __aeabi_llsr                             0x00000661   Thumb Code    34  llushr.o(.text)
    _ll_ushift_r                             0x00000661   Thumb Code     0  llushr.o(.text)
    __aeabi_lasr                             0x00000683   Thumb Code    38  llsshr.o(.text)
    _ll_sshift_r                             0x00000683   Thumb Code     0  llsshr.o(.text)
    __I$use$fp                               0x000006a9   Thumb Code     0  iusefp.o(.text)
    _float_round                             0x000006a9   Thumb Code    16  fepilogue.o(.text)
    _float_epilogue                          0x000006b9   Thumb Code   114  fepilogue.o(.text)
    _double_round                            0x0000072b   Thumb Code    26  depilogue.o(.text)
    _double_epilogue                         0x00000745   Thumb Code   164  depilogue.o(.text)
    __aeabi_ddiv                             0x000007e9   Thumb Code   234  ddiv.o(.text)
    __aeabi_d2ulz                            0x000008d9   Thumb Code    54  dfixul.o(.text)
    __aeabi_cdrcmple                         0x00000919   Thumb Code    38  cdrcmple.o(.text)
    __scatterload                            0x00000941   Thumb Code    28  init.o(.text)
    __scatterload_rt2                        0x00000941   Thumb Code     0  init.o(.text)
    __aeabi_uidiv$div0                       0x00000965   Thumb Code     0  uidiv_div0.o(.text)
    __aeabi_uidivmod                         0x00000965   Thumb Code    62  uidiv_div0.o(.text)
    __ARM_scalbn                             0x000009a3   Thumb Code    44  dscalb.o(.text)
    scalbn                                   0x000009a3   Thumb Code     0  dscalb.o(.text)
    __aeabi_ui2d                             0x000009d1   Thumb Code    24  dfltui.o(.text)
    CLK_EnableModuleClock                    0x000009ed   Thumb Code    48  clk.o(.text.CLK_EnableModuleClock)
    CLK_EnableXtalRC                         0x00000a21   Thumb Code    20  clk.o(.text.CLK_EnableXtalRC)
    CLK_GetPCLK0Freq                         0x00000a35   Thumb Code   128  clk.o(.text.CLK_GetPCLK0Freq)
    CLK_GetPCLK1Freq                         0x00000ab5   Thumb Code   132  clk.o(.text.CLK_GetPCLK1Freq)
    CLK_GetPLLClockFreq                      0x00000b39   Thumb Code   160  clk.o(.text.CLK_GetPLLClockFreq)
    CLK_SetHCLK                              0x00000be9   Thumb Code    92  clk.o(.text.CLK_SetHCLK)
    CLK_SetModuleClock                       0x00000c49   Thumb Code   152  clk.o(.text.CLK_SetModuleClock)
    CLK_WaitClockReady                       0x00000ce9   Thumb Code    68  clk.o(.text.CLK_WaitClockReady)
    Clock_Init                               0x00000d39   Thumb Code   180  clk_conf.o(.text.Clock_Init)
    GPIO_Init                                0x00000f81   Thumb Code    60  periph_conf.o(.text.GPIO_Init)
    GetChar                                  0x00000fe1   Thumb Code    24  retarget.o(.text.GetChar)
    Periph_Init                              0x00000ff9   Thumb Code    20  periph_conf.o(.text.Periph_Init)
    Pin_Init                                 0x0000100d   Thumb Code    72  pin_conf.o(.text.Pin_Init)
    ProcessHardFault                         0x00001089   Thumb Code   112  retarget.o(.text.ProcessHardFault)
    SH_Return                                0x00001105   Thumb Code    14  retarget.o(.text.SH_Return)
    SendChar                                 0x00001141   Thumb Code    16  retarget.o(.text.SendChar)
    SendChar_ToUART                          0x00001151   Thumb Code    64  retarget.o(.text.SendChar_ToUART)
    SystemCoreClockUpdate                    0x0000125d   Thumb Code    96  system_m251.o(.text.SystemCoreClockUpdate)
    SystemInit                               0x000012d5   Thumb Code    24  system_m251.o(.text.SystemInit)
    System_Init                              0x000012f9   Thumb Code    24  main.o(.text.System_Init)
    TIMER_Delay                              0x00001311   Thumb Code   356  timer.o(.text.TIMER_Delay)
    TIMER_GetModuleClock                     0x00001485   Thumb Code   180  timer.o(.text.TIMER_GetModuleClock)
    UART0_IRQHandler                         0x0000154d   Thumb Code   632  int_handler.o(.text.UART0_IRQHandler)
    UART0_Init                               0x0000180d   Thumb Code    44  periph_conf.o(.text.UART0_Init)
    UART1_Init                               0x00001841   Thumb Code    24  periph_conf.o(.text.UART1_Init)
    UART2_IRQHandler                         0x0000185d   Thumb Code   280  int_handler.o(.text.UART2_IRQHandler)
    UART2_Init                               0x00001999   Thumb Code    44  periph_conf.o(.text.UART2_Init)
    UART_ClearIntFlag                        0x000019c9   Thumb Code   140  uart.o(.text.UART_ClearIntFlag)
    UART_EnableInt                           0x00001a5d   Thumb Code    20  uart.o(.text.UART_EnableInt)
    UART_Open                                0x00001a71   Thumb Code   384  uart.o(.text.UART_Open)
    UART_Write                               0x00001c19   Thumb Code   106  uart.o(.text.UART_Write)
    WitDelayMsRegister                       0x00001c85   Thumb Code    36  wit_c_sdk.o(.text.WitDelayMsRegister)
    WitInit                                  0x00001cad   Thumb Code    52  wit_c_sdk.o(.text.WitInit)
    WitRegisterCallBack                      0x00001ce5   Thumb Code    36  wit_c_sdk.o(.text.WitRegisterCallBack)
    WitSerialDataIn                          0x00001d09   Thumb Code   480  wit_c_sdk.o(.text.WitSerialDataIn)
    WitSerialWriteRegister                   0x00001f01   Thumb Code    36  wit_c_sdk.o(.text.WitSerialWriteRegister)
    fputc                                    0x000021b5   Thumb Code    20  retarget.o(.text.fputc)
    main                                     0x000021c9   Thumb Code   196  main.o(.text.main)
    __0printf                                0x000025a5   Thumb Code    24  printfa.o(i.__0printf)
    __1printf                                0x000025a5   Thumb Code     0  printfa.o(i.__0printf)
    __2printf                                0x000025a5   Thumb Code     0  printfa.o(i.__0printf)
    __c89printf                              0x000025a5   Thumb Code     0  printfa.o(i.__0printf)
    printf                                   0x000025a5   Thumb Code     0  printfa.o(i.__0printf)
    __ARM_clz                                0x000025c5   Thumb Code    46  depilogue.o(i.__ARM_clz)
    __ARM_common_ll_muluu                    0x000025f3   Thumb Code    50  rred.o(i.__ARM_common_ll_muluu)
    __ARM_fpclassify                         0x00002625   Thumb Code    40  fpclassify.o(i.__ARM_fpclassify)
    __ieee754_rem_pio2                       0x00002651   Thumb Code   838  rred.o(i.__ieee754_rem_pio2)
    __kernel_cos                             0x000029ed   Thumb Code   224  cos_i.o(i.__kernel_cos)
    __kernel_poly                            0x00002ae1   Thumb Code   172  poly.o(i.__kernel_poly)
    __kernel_sin                             0x00002b8d   Thumb Code   222  sin_i.o(i.__kernel_sin)
    __mathlib_dbl_infnan                     0x00002c79   Thumb Code    10  dunder.o(i.__mathlib_dbl_infnan)
    __mathlib_dbl_invalid                    0x00002c83   Thumb Code    16  dunder.o(i.__mathlib_dbl_invalid)
    __mathlib_dbl_underflow                  0x00002c95   Thumb Code    14  dunder.o(i.__mathlib_dbl_underflow)
    __scatterload_copy                       0x00002ca9   Thumb Code    14  handlers.o(i.__scatterload_copy)
    __scatterload_null                       0x00002cb7   Thumb Code     2  handlers.o(i.__scatterload_null)
    __scatterload_zeroinit                   0x00002cb9   Thumb Code    14  handlers.o(i.__scatterload_zeroinit)
    __set_errno                              0x00002cc9   Thumb Code     6  errno.o(i.__set_errno)
    cos                                      0x00003581   Thumb Code   142  cos.o(i.cos)
    sin                                      0x00003619   Thumb Code   146  sin.o(i.sin)
    gau32ClkSrcTbl                           0x00003a18   Data          32  system_m251.o(.rodata.gau32ClkSrcTbl)
    Region$$Table$$Base                      0x00003e98   Number         0  anon$$obj.o(Region$$Table)
    Region$$Table$$Limit                     0x00003eb8   Number         0  anon$$obj.o(Region$$Table)
    CyclesPerUs                              0x2000000c   Data           4  system_m251.o(.data.CyclesPerUs)
    PllClock                                 0x20000014   Data           4  system_m251.o(.data.PllClock)
    SystemCoreClock                          0x2000001c   Data           4  system_m251.o(.data.SystemCoreClock)
    __stdout                                 0x20000028   Data          84  retarget.o(.bss.__stdout)
    g_CLK_i32ErrCode                         0x200000a4   Data           4  clk.o(.bss.g_CLK_i32ErrCode)
    sReg                                     0x200000b8   Data         288  wit_c_sdk.o(.bss.sReg)
    __initial_sp                             0x20000af8   Data           0  startup_m251.o(STACK)



==============================================================================

Memory Map of the image

  Image Entry point : 0x00000155

  Load Region LR_1 (Base: 0x00000000, Size: 0x00003ee0, Max: 0xffffffff, ABSOLUTE)

    Execution Region ER_RO (Exec base: 0x00000000, Load base: 0x00000000, Size: 0x00003eb8, Max: 0xffffffff, ABSOLUTE)

    Exec Addr    Load Addr    Size         Type   Attr      Idx    E Section Name        Object

    0x00000000   0x00000000   0x00000140   Data   RO           20    RESET               startup_m251.o
    0x00000140   0x00000140   0x00000000   Code   RO         1375  * .ARM.Collect$$$$00000000  mc_p.l(entry.o)
    0x00000140   0x00000140   0x00000004   Code   RO         1455    .ARM.Collect$$$$00000001  mc_p.l(entry2.o)
    0x00000144   0x00000144   0x00000004   Code   RO         1458    .ARM.Collect$$$$00000004  mc_p.l(entry5.o)
    0x00000148   0x00000148   0x00000000   Code   RO         1460    .ARM.Collect$$$$00000008  mc_p.l(entry7b.o)
    0x00000148   0x00000148   0x00000000   Code   RO         1462    .ARM.Collect$$$$0000000A  mc_p.l(entry8b.o)
    0x00000148   0x00000148   0x00000008   Code   RO         1463    .ARM.Collect$$$$0000000B  mc_p.l(entry9a.o)
    0x00000150   0x00000150   0x00000000   Code   RO         1465    .ARM.Collect$$$$0000000D  mc_p.l(entry10a.o)
    0x00000150   0x00000150   0x00000000   Code   RO         1467    .ARM.Collect$$$$0000000F  mc_p.l(entry11a.o)
    0x00000150   0x00000150   0x00000004   Code   RO         1456    .ARM.Collect$$$$00002712  mc_p.l(entry2.o)
    0x00000154   0x00000154   0x00000084   Code   RO           21  * .text               startup_m251.o
    0x000001d8   0x000001d8   0x00000008   Code   RO         1376    .text               mc_p.l(siabs.o)
    0x000001e0   0x000001e0   0x00000024   Code   RO         1380    .text               mc_p.l(memcpya.o)
    0x00000204   0x00000204   0x0000007a   Code   RO         1412    .text               mf_p.l(fmul.o)
    0x0000027e   0x0000027e   0x0000007c   Code   RO         1414    .text               mf_p.l(fdiv.o)
    0x000002fa   0x000002fa   0x00000002   PAD
    0x000002fc   0x000002fc   0x00000164   Code   RO         1416    .text               mf_p.l(dadd.o)
    0x00000460   0x00000460   0x000000d0   Code   RO         1418    .text               mf_p.l(dmul.o)
    0x00000530   0x00000530   0x00000016   Code   RO         1420    .text               mf_p.l(fflti.o)
    0x00000546   0x00000546   0x00000002   PAD
    0x00000548   0x00000548   0x00000028   Code   RO         1422    .text               mf_p.l(dflti.o)
    0x00000570   0x00000570   0x00000048   Code   RO         1424    .text               mf_p.l(dfixi.o)
    0x000005b8   0x000005b8   0x00000028   Code   RO         1426    .text               mf_p.l(f2d.o)
    0x000005e0   0x000005e0   0x00000060   Code   RO         1473    .text               mc_p.l(uldiv.o)
    0x00000640   0x00000640   0x00000020   Code   RO         1475    .text               mc_p.l(llshl.o)
    0x00000660   0x00000660   0x00000022   Code   RO         1477    .text               mc_p.l(llushr.o)
    0x00000682   0x00000682   0x00000026   Code   RO         1479    .text               mc_p.l(llsshr.o)
    0x000006a8   0x000006a8   0x00000000   Code   RO         1488    .text               mc_p.l(iusefp.o)
    0x000006a8   0x000006a8   0x00000082   Code   RO         1489    .text               mf_p.l(fepilogue.o)
    0x0000072a   0x0000072a   0x000000be   Code   RO         1491    .text               mf_p.l(depilogue.o)
    0x000007e8   0x000007e8   0x000000f0   Code   RO         1495    .text               mf_p.l(ddiv.o)
    0x000008d8   0x000008d8   0x00000040   Code   RO         1497    .text               mf_p.l(dfixul.o)
    0x00000918   0x00000918   0x00000028   Code   RO         1499    .text               mf_p.l(cdrcmple.o)
    0x00000940   0x00000940   0x00000024   Code   RO         1505    .text               mc_p.l(init.o)
    0x00000964   0x00000964   0x0000003e   Code   RO         1509    .text               mc_p.l(uidiv_div0.o)
    0x000009a2   0x000009a2   0x0000002c   Code   RO         1515    .text               mf_p.l(dscalb.o)
    0x000009ce   0x000009ce   0x00000002   PAD
    0x000009d0   0x000009d0   0x0000001c   Code   RO         1517    .text               mf_p.l(dfltui.o)
    0x000009ec   0x000009ec   0x00000034   Code   RO           68    .text.CLK_EnableModuleClock  clk.o
    0x00000a20   0x00000a20   0x00000014   Code   RO           64    .text.CLK_EnableXtalRC  clk.o
    0x00000a34   0x00000a34   0x00000080   Code   RO           40    .text.CLK_GetPCLK0Freq  clk.o
    0x00000ab4   0x00000ab4   0x00000084   Code   RO           42    .text.CLK_GetPCLK1Freq  clk.o
    0x00000b38   0x00000b38   0x000000b0   Code   RO           48    .text.CLK_GetPLLClockFreq  clk.o
    0x00000be8   0x00000be8   0x00000060   Code   RO           56    .text.CLK_SetHCLK   clk.o
    0x00000c48   0x00000c48   0x000000a0   Code   RO           60    .text.CLK_SetModuleClock  clk.o
    0x00000ce8   0x00000ce8   0x00000050   Code   RO           54    .text.CLK_WaitClockReady  clk.o
    0x00000d38   0x00000d38   0x000000d0   Code   RO         1295    .text.Clock_Init    clk_conf.o
    0x00000e08   0x00000e08   0x00000154   Code   RO         1198    .text.CopeWitData   wit_c_sdk.o
    0x00000f5c   0x00000f5c   0x0000001c   Code   RO         1277    .text.Delayms       main.o
    0x00000f78   0x00000f78   0x00000008   Code   RO          131    .text.DumpStack     retarget.o
    0x00000f80   0x00000f80   0x00000060   Code   RO         1303    .text.GPIO_Init     periph_conf.o
    0x00000fe0   0x00000fe0   0x00000018   Code   RO          137    .text.GetChar       retarget.o
    0x00000ff8   0x00000ff8   0x00000014   Code   RO         1313    .text.Periph_Init   periph_conf.o
    0x0000100c   0x0000100c   0x0000007c   Code   RO         1322    .text.Pin_Init      pin_conf.o
    0x00001088   0x00001088   0x0000007c   Code   RO          129    .text.ProcessHardFault  retarget.o
    0x00001104   0x00001104   0x0000000e   Code   RO          127    .text.SH_Return     retarget.o
    0x00001112   0x00001112   0x00000002   PAD
    0x00001114   0x00001114   0x00000008   Code   RO         1265    .text.SYS_LockReg   main.o
    0x0000111c   0x0000111c   0x00000024   Code   RO         1263    .text.SYS_UnlockReg  main.o
    0x00001140   0x00001140   0x00000010   Code   RO          135    .text.SendChar      retarget.o
    0x00001150   0x00001150   0x00000048   Code   RO          133    .text.SendChar_ToUART  retarget.o
    0x00001198   0x00001198   0x000000a8   Code   RO         1275    .text.SensorDataUpdata  main.o
    0x00001240   0x00001240   0x0000001c   Code   RO         1273    .text.SensorUartSend  main.o
    0x0000125c   0x0000125c   0x00000078   Code   RO            2    .text.SystemCoreClockUpdate  system_m251.o
    0x000012d4   0x000012d4   0x00000024   Code   RO            4    .text.SystemInit    system_m251.o
    0x000012f8   0x000012f8   0x00000018   Code   RO         1261    .text.System_Init   main.o
    0x00001310   0x00001310   0x00000174   Code   RO          932    .text.TIMER_Delay   timer.o
    0x00001484   0x00001484   0x000000c8   Code   RO          928    .text.TIMER_GetModuleClock  timer.o
    0x0000154c   0x0000154c   0x000002c0   Code   RO         1330    .text.UART0_IRQHandler  int_handler.o
    0x0000180c   0x0000180c   0x00000034   Code   RO         1305    .text.UART0_Init    periph_conf.o
    0x00001840   0x00001840   0x0000001c   Code   RO         1309    .text.UART1_Init    periph_conf.o
    0x0000185c   0x0000185c   0x0000013c   Code   RO         1340    .text.UART2_IRQHandler  int_handler.o
    0x00001998   0x00001998   0x00000030   Code   RO         1311    .text.UART2_Init    periph_conf.o
    0x000019c8   0x000019c8   0x00000094   Code   RO          191    .text.UART_ClearIntFlag  uart.o
    0x00001a5c   0x00001a5c   0x00000014   Code   RO          201    .text.UART_EnableInt  uart.o
    0x00001a70   0x00001a70   0x000001a8   Code   RO          203    .text.UART_Open     uart.o
    0x00001c18   0x00001c18   0x0000006a   Code   RO          217    .text.UART_Write    uart.o
    0x00001c82   0x00001c82   0x00000002   PAD
    0x00001c84   0x00001c84   0x00000028   Code   RO         1218    .text.WitDelayMsRegister  wit_c_sdk.o
    0x00001cac   0x00001cac   0x00000038   Code   RO         1214    .text.WitInit       wit_c_sdk.o
    0x00001ce4   0x00001ce4   0x00000024   Code   RO         1208    .text.WitRegisterCallBack  wit_c_sdk.o
    0x00001d08   0x00001d08   0x000001f8   Code   RO         1194    .text.WitSerialDataIn  wit_c_sdk.o
    0x00001f00   0x00001f00   0x00000028   Code   RO         1192    .text.WitSerialWriteRegister  wit_c_sdk.o
    0x00001f28   0x00001f28   0x00000068   Code   RO         1269    .text.Write_Data_Modbus  main.o
    0x00001f90   0x00001f90   0x00000070   Code   RO         1338    .text.Write_Data_Modbus  int_handler.o
    0x00002000   0x00002000   0x00000070   Code   RO         1200    .text.__CRC16       wit_c_sdk.o
    0x00002070   0x00002070   0x0000003a   Code   RO         1196    .text.__CaliSum     wit_c_sdk.o
    0x000020aa   0x000020aa   0x00000002   PAD
    0x000020ac   0x000020ac   0x00000034   Code   RO         1307    .text.__NVIC_EnableIRQ  periph_conf.o
    0x000020e0   0x000020e0   0x00000060   Code   RO         1279    .text.crc16         main.o
    0x00002140   0x00002140   0x00000060   Code   RO         1342    .text.crc16         int_handler.o
    0x000021a0   0x000021a0   0x00000014   Code   RO         1271    .text.delay         main.o
    0x000021b4   0x000021b4   0x00000014   Code   RO          145    .text.fputc         retarget.o
    0x000021c8   0x000021c8   0x000000e4   Code   RO         1267    .text.main          main.o
    0x000022ac   0x000022ac   0x00000050   Code   RO         1334    .text.robot_Rotate  int_handler.o
    0x000022fc   0x000022fc   0x0000021c   Code   RO         1332    .text.robot_Run     int_handler.o
    0x00002518   0x00002518   0x0000008c   Code   RO         1336    .text.robot_Stop    int_handler.o
    0x000025a4   0x000025a4   0x00000020   Code   RO         1385    i.__0printf         mc_p.l(printfa.o)
    0x000025c4   0x000025c4   0x0000002e   Code   RO         1493    i.__ARM_clz         mf_p.l(depilogue.o)
    0x000025f2   0x000025f2   0x00000032   Code   RO         1450    i.__ARM_common_ll_muluu  m_ps.l(rred.o)
    0x00002624   0x00002624   0x0000002c   Code   RO         1501    i.__ARM_fpclassify  m_ps.l(fpclassify.o)
    0x00002650   0x00002650   0x0000039c   Code   RO         1445    i.__ieee754_rem_pio2  m_ps.l(rred.o)
    0x000029ec   0x000029ec   0x000000f4   Code   RO         1428    i.__kernel_cos      m_ps.l(cos_i.o)
    0x00002ae0   0x00002ae0   0x000000ac   Code   RO         1503    i.__kernel_poly     m_ps.l(poly.o)
    0x00002b8c   0x00002b8c   0x000000ec   Code   RO         1452    i.__kernel_sin      m_ps.l(sin_i.o)
    0x00002c78   0x00002c78   0x0000000a   Code   RO         1432    i.__mathlib_dbl_infnan  m_ps.l(dunder.o)
    0x00002c82   0x00002c82   0x00000010   Code   RO         1434    i.__mathlib_dbl_invalid  m_ps.l(dunder.o)
    0x00002c92   0x00002c92   0x00000002   PAD
    0x00002c94   0x00002c94   0x00000014   Code   RO         1437    i.__mathlib_dbl_underflow  m_ps.l(dunder.o)
    0x00002ca8   0x00002ca8   0x0000000e   Code   RO         1521    i.__scatterload_copy  mc_p.l(handlers.o)
    0x00002cb6   0x00002cb6   0x00000002   Code   RO         1522    i.__scatterload_null  mc_p.l(handlers.o)
    0x00002cb8   0x00002cb8   0x0000000e   Code   RO         1523    i.__scatterload_zeroinit  mc_p.l(handlers.o)
    0x00002cc6   0x00002cc6   0x00000002   PAD
    0x00002cc8   0x00002cc8   0x0000000c   Code   RO         1483    i.__set_errno       mc_p.l(errno.o)
    0x00002cd4   0x00002cd4   0x00000174   Code   RO         1392    i._fp_digits        mc_p.l(printfa.o)
    0x00002e48   0x00002e48   0x000006ec   Code   RO         1393    i._printf_core      mc_p.l(printfa.o)
    0x00003534   0x00003534   0x00000020   Code   RO         1394    i._printf_post_padding  mc_p.l(printfa.o)
    0x00003554   0x00003554   0x0000002c   Code   RO         1395    i._printf_pre_padding  mc_p.l(printfa.o)
    0x00003580   0x00003580   0x00000098   Code   RO         1368    i.cos               m_ps.l(cos.o)
    0x00003618   0x00003618   0x0000009c   Code   RO         1372    i.sin               m_ps.l(sin.o)
    0x000036b4   0x000036b4   0x00000004   PAD
    0x000036b8   0x000036b8   0x00000030   Data   RO         1429    .constdata          m_ps.l(cos_i.o)
    0x000036e8   0x000036e8   0x000000cc   Data   RO         1447    .constdata          m_ps.l(rred.o)
    0x000037b4   0x000037b4   0x00000004   PAD
    0x000037b8   0x000037b8   0x00000028   Data   RO         1453    .constdata          m_ps.l(sin_i.o)
    0x000037e0   0x000037e0   0x00000018   Data   RO          221    .rodata..L__const.UART_Open.au32ClkTbl  uart.o
    0x000037f8   0x000037f8   0x00000100   Data   RO         1252    .rodata.__auchCRCHi  wit_c_sdk.o
    0x000038f8   0x000038f8   0x00000100   Data   RO         1253    .rodata.__auchCRCLo  wit_c_sdk.o
    0x000039f8   0x000039f8   0x00000020   Data   RO          954    .rodata.cst32       timer.o
    0x00003a18   0x00003a18   0x00000020   Data   RO           11    .rodata.gau32ClkSrcTbl  system_m251.o
    0x00003a38   0x00003a38   0x0000000f   Data   RO          152    .rodata.str1.1      retarget.o
    0x00003a47   0x00003a47   0x00000051   Data   RO         1344    .rodata.str1.1      int_handler.o
    0x00003a98   0x00003a98   0x00000100   Data   RO         1284    .rodata.table_crc_hi  main.o
    0x00003b98   0x00003b98   0x00000100   Data   RO         1359    .rodata.table_crc_hi  int_handler.o
    0x00003c98   0x00003c98   0x00000100   Data   RO         1285    .rodata.table_crc_lo  main.o
    0x00003d98   0x00003d98   0x00000100   Data   RO         1360    .rodata.table_crc_lo  int_handler.o
    0x00003e98   0x00003e98   0x00000020   Data   RO         1520    Region$$Table       anon$$obj.o


    Execution Region ER_RW (Exec base: 0x20000000, Load base: 0x00003eb8, Size: 0x00000028, Max: 0xffffffff, ABSOLUTE)

    Exec Addr    Load Addr    Size         Type   Attr      Idx    E Section Name        Object

    0x20000000   0x00003eb8   0x00000004   Data   RW         1484    .data               mc_p.l(errno.o)
    0x20000004   0x00003ebc   0x00000002   Data   RW         1282    .data.ACC_ADDR      main.o
    0x20000006   0x00003ebe   0x00000002   Data   RW         1281    .data.CTRL_CMD      main.o
    0x20000008   0x00003ec0   0x00000002   Data   RW         1351    .data.CTRL_CMD      int_handler.o
    0x2000000a   0x00003ec2   0x00000002   PAD
    0x2000000c   0x00003ec4   0x00000004   Data   RW            9    .data.CyclesPerUs   system_m251.o
    0x20000010   0x00003ec8   0x00000002   Data   RW         1283    .data.DEC_ADDR      main.o
    0x20000012   0x00003eca   0x00000002   PAD
    0x20000014   0x00003ecc   0x00000004   Data   RW           10    .data.PllClock      system_m251.o
    0x20000018   0x00003ed0   0x00000002   Data   RW         1347    .data.SPEED_ADDR    int_handler.o
    0x2000001a   0x00003ed2   0x00000002   PAD
    0x2000001c   0x00003ed4   0x00000004   Data   RW            8    .data.SystemCoreClock  system_m251.o
    0x20000020   0x00003ed8   0x00000004   Data   RW          151    .data.g_ICE_Connected  retarget.o
    0x20000024   0x00003edc   0x00000001   Data   RW         1250    .data.s_ucAddr      wit_c_sdk.o


    Execution Region ER_ZI (Exec base: 0x20000028, Load base: 0x00003ee0, Size: 0x00000ad0, Max: 0xffffffff, ABSOLUTE)

    Exec Addr    Load Addr    Size         Type   Attr      Idx    E Section Name        Object

    0x20000028        -       0x00000054   Zero   RW          153    .bss.__stdout       retarget.o
    0x2000007c        -       0x00000001   Zero   RW         1354    .bss.dir1           int_handler.o
    0x2000007d        -       0x00000001   Zero   RW         1353    .bss.dir2           int_handler.o
    0x2000007e        -       0x00000001   Zero   RW         1352    .bss.dir3           int_handler.o
    0x2000007f   0x00003ee0   0x00000001   PAD
    0x20000080        -       0x0000000c   Zero   RW         1356    .bss.fAcc           int_handler.o
    0x2000008c        -       0x0000000c   Zero   RW         1345    .bss.fAngle         int_handler.o
    0x20000098        -       0x0000000c   Zero   RW         1357    .bss.fGyro          int_handler.o
    0x200000a4        -       0x00000004   Zero   RW           98    .bss.g_CLK_i32ErrCode  clk.o
    0x200000a8        -       0x00000004   Zero   RW         1346    .bss.offSet_z       int_handler.o
    0x200000ac        -       0x00000004   Zero   RW         1251    .bss.p_WitDelaymsFunc  wit_c_sdk.o
    0x200000b0        -       0x00000004   Zero   RW         1241    .bss.p_WitRegUpdateCbFunc  wit_c_sdk.o
    0x200000b4        -       0x00000004   Zero   RW         1240    .bss.p_WitSerialWriteFunc  wit_c_sdk.o
    0x200000b8        -       0x00000120   Zero   RW         1245    .bss.sReg           wit_c_sdk.o
    0x200001d8        -       0x00000001   Zero   RW         1286    .bss.s_cDataUpdate  main.o
    0x200001d9        -       0x00000001   Zero   RW         1355    .bss.s_cDataUpdate  int_handler.o
    0x200001da        -       0x00000100   Zero   RW         1242    .bss.s_ucWitDataBuff  wit_c_sdk.o
    0x200002da   0x00003ee0   0x00000002   PAD
    0x200002dc        -       0x00000004   Zero   RW         1244    .bss.s_uiProtoclo   wit_c_sdk.o
    0x200002e0        -       0x00000004   Zero   RW         1246    .bss.s_uiReadRegIndex  wit_c_sdk.o
    0x200002e4        -       0x00000004   Zero   RW         1243    .bss.s_uiWitDataCnt  wit_c_sdk.o
    0x200002e8        -       0x00000004   Zero   RW         1350    .bss.speed1         int_handler.o
    0x200002ec        -       0x00000004   Zero   RW         1349    .bss.speed2         int_handler.o
    0x200002f0        -       0x00000004   Zero   RW         1348    .bss.speed3         int_handler.o
    0x200002f4        -       0x00000004   Zero   RW         1358    .bss.x              int_handler.o
    0x200002f8        -       0x00000800   Zero   RW           18    STACK               startup_m251.o


==============================================================================

Image component sizes


      Code (inc. data)   RO Data    RW Data    ZI Data      Debug   Object Name

       844         44          0          0          4      10590   clk.o
       208         28          0          0          0       1408   clk_conf.o
      1988        172        593          4         60       4734   int_handler.o
       740         56        512          6          1       5091   main.o
       296         56          0          0          0       3801   periph_conf.o
       124         52          0          0          0       2021   pin_conf.o
       278         20         15          4         84       3236   retarget.o
       132         36        320          0       2048        860   startup_m251.o
       156         36         32         12          0       4101   system_m251.o
       572         36         32          0          0       5264   timer.o
       698         48         24          0          0       5932   uart.o
      1186         56        512          1        568       7950   wit_c_sdk.o

    ----------------------------------------------------------------------
      7228        640       2072         36       2768      54988   Object Totals
         0          0         32          0          0          0   (incl. Generated)
         6          0          0          9          3          0   (incl. Padding)

    ----------------------------------------------------------------------

      Code (inc. data)   RO Data    RW Data    ZI Data      Debug   Library Member Name

       152         10          0          0          0        104   cos.o
       244         20         48          0          0         92   cos_i.o
        46          6          0          0          0        204   dunder.o
        44          4          0          0          0         60   fpclassify.o
       172          0          0          0          0         76   poly.o
       974         86        204          0          0        200   rred.o
       156         10          0          0          0        104   sin.o
       236         14         40          0          0        100   sin_i.o
         0          0          0          0          0          0   entry.o
         0          0          0          0          0          0   entry10a.o
         0          0          0          0          0          0   entry11a.o
         8          4          0          0          0          0   entry2.o
         4          0          0          0          0          0   entry5.o
         0          0          0          0          0          0   entry7b.o
         0          0          0          0          0          0   entry8b.o
         8          4          0          0          0          0   entry9a.o
        12          6          0          4          0         60   errno.o
        30          0          0          0          0          0   handlers.o
        36          8          0          0          0         68   init.o
         0          0          0          0          0          0   iusefp.o
        32          0          0          0          0         68   llshl.o
        38          0          0          0          0         68   llsshr.o
        34          0          0          0          0         68   llushr.o
        36          0          0          0          0         60   memcpya.o
      2252         98          0          0          0        412   printfa.o
         8          0          0          0          0         60   siabs.o
        62          0          0          0          0         72   uidiv_div0.o
        96          0          0          0          0         84   uldiv.o
        40          2          0          0          0         68   cdrcmple.o
       356          4          0          0          0        140   dadd.o
       240          6          0          0          0         84   ddiv.o
       236          0          0          0          0        216   depilogue.o
        72         10          0          0          0         72   dfixi.o
        64         10          0          0          0         68   dfixul.o
        40          6          0          0          0         68   dflti.o
        28          4          0          0          0         68   dfltui.o
       208          6          0          0          0         88   dmul.o
        44          0          0          0          0         72   dscalb.o
        40          0          0          0          0         60   f2d.o
       124          0          0          0          0         72   fdiv.o
       130          0          0          0          0        144   fepilogue.o
        22          0          0          0          0         68   fflti.o
       122          0          0          0          0         72   fmul.o

    ----------------------------------------------------------------------
      6460        322        296          4          0       3320   Library Totals
        14          4          4          0          0          0   (incl. Padding)

    ----------------------------------------------------------------------

      Code (inc. data)   RO Data    RW Data    ZI Data      Debug   Library Name

      2024        150        292          0          0        940   m_ps.l
      2656        120          0          4          0       1020   mc_p.l
      1766         48          0          0          0       1360   mf_p.l

    ----------------------------------------------------------------------
      6460        322        296          4          0       3320   Library Totals

    ----------------------------------------------------------------------

==============================================================================


      Code (inc. data)   RO Data    RW Data    ZI Data      Debug   

     13688        962       2368         40       2768      56580   Grand Totals
     13688        962       2368         40       2768      56580   ELF Image Totals
     13688        962       2368         40          0          0   ROM Totals

==============================================================================

    Total RO  Size (Code + RO Data)                16056 (  15.68kB)
    Total RW  Size (RW Data + ZI Data)              2808 (   2.74kB)
    Total ROM Size (Code + RO Data + RW Data)      16096 (  15.72kB)

==============================================================================

