	.text
	.syntax unified
	.eabi_attribute	67, "2.09"	@ Tag_conformance
	.cpu	cortex-m23
	.eabi_attribute	6, 16	@ Tag_CPU_arch
	.eabi_attribute	7, 77	@ Tag_CPU_arch_profile
	.eabi_attribute	8, 0	@ Tag_ARM_ISA_use
	.eabi_attribute	9, 3	@ Tag_THUMB_ISA_use
	.eabi_attribute	34, 0	@ Tag_CPU_unaligned_access
	.eabi_attribute	17, 1	@ Tag_ABI_PCS_GOT_use
	.eabi_attribute	20, 2	@ Tag_ABI_FP_denormal
	.eabi_attribute	21, 0	@ Tag_ABI_FP_exceptions
	.eabi_attribute	23, 1	@ Tag_ABI_FP_number_model
	.eabi_attribute	24, 1	@ Tag_ABI_align_needed
	.eabi_attribute	25, 1	@ Tag_ABI_align_preserved
	.eabi_attribute	38, 1	@ Tag_ABI_FP_16bit_format
	.eabi_attribute	18, 2	@ Tag_ABI_PCS_wchar_t
	.eabi_attribute	26, 1	@ Tag_ABI_enum_size
	.eabi_attribute	14, 0	@ Tag_ABI_PCS_R9_use
	.file	"retarget.c"
	.file	1 "E:\\ROBOCON2024\\01. Coding\\Nuvoton\\demo_robot_3wheel\\SampleCode\\NuCodeGen\\DemoCodeGen\\KEIL" "../../../../Library/StdDriver/src/retarget.c"
	.file	2 "C:\\Keil_v5\\ARM\\ARMCLANG\\Bin\\..\\include" "stdio.h"
	.file	3 "C:\\Keil_v5\\ARM\\ARMCLANG\\Bin\\..\\include" "stdint.h"
	.file	4 "E:\\ROBOCON2024\\01. Coding\\Nuvoton\\demo_robot_3wheel\\SampleCode\\NuCodeGen\\DemoCodeGen\\KEIL" "../../../../Library/Device/Nuvoton/M251/Include/M251.h"
	.file	5 "E:\\ROBOCON2024\\01. Coding\\Nuvoton\\demo_robot_3wheel\\SampleCode\\NuCodeGen\\DemoCodeGen\\KEIL" "../../../../Library/Device/Nuvoton/M251/Include/uart_reg.h"
	.section	.text.SH_Return,"ax",%progbits
	.hidden	SH_Return                       @ -- Begin function SH_Return
	.globl	SH_Return
	.p2align	1
	.type	SH_Return,%function
	.code	16                              @ @SH_Return
	.thumb_func
SH_Return:
.Lfunc_begin0:
	.loc	1 173 0                         @ ../../../../Library/StdDriver/src/retarget.c:173:0
	.fnstart
	.cfi_sections .debug_frame
	.cfi_startproc
@ %bb.0:
	.pad	#12
	sub	sp, #12
	.cfi_def_cfa_offset 12
	str	r0, [sp, #8]
	str	r1, [sp, #4]
	str	r2, [sp]
	movs	r0, #0
.Ltmp0:
	.loc	1 174 5 prologue_end            @ ../../../../Library/StdDriver/src/retarget.c:174:5
	add	sp, #12
	bx	lr
.Ltmp1:
.Lfunc_end0:
	.size	SH_Return, .Lfunc_end0-SH_Return
	.cfi_endproc
	.cantunwind
	.fnend
                                        @ -- End function
	.section	.text.ProcessHardFault,"ax",%progbits
	.hidden	ProcessHardFault                @ -- Begin function ProcessHardFault
	.weak	ProcessHardFault
	.p2align	2
	.type	ProcessHardFault,%function
	.code	16                              @ @ProcessHardFault
	.thumb_func
ProcessHardFault:
.Lfunc_begin1:
	.loc	1 187 0                         @ ../../../../Library/StdDriver/src/retarget.c:187:0
	.fnstart
	.cfi_startproc
@ %bb.0:
	.save	{r7, lr}
	push	{r7, lr}
	.cfi_def_cfa_offset 8
	.cfi_offset lr, -4
	.cfi_offset r7, -8
	.pad	#24
	sub	sp, #24
	.cfi_def_cfa_offset 32
	str	r0, [sp, #16]
	str	r1, [sp, #12]
	str	r2, [sp, #8]
	add	r0, sp, #16
.Ltmp2:
	.loc	1 202 13 prologue_end           @ ../../../../Library/StdDriver/src/retarget.c:202:13
	ldrb	r0, [r0]
	lsls	r0, r0, #29
	cmp	r0, #0
	bpl	.LBB1_2
	b	.LBB1_1
.LBB1_1:
.Ltmp3:
	.loc	1 204 30                        @ ../../../../Library/StdDriver/src/retarget.c:204:30
	ldr	r0, [sp, #8]
	.loc	1 204 16 is_stmt 0              @ ../../../../Library/StdDriver/src/retarget.c:204:16
	str	r0, [sp, #4]
	.loc	1 205 9 is_stmt 1               @ ../../../../Library/StdDriver/src/retarget.c:205:9
	b	.LBB1_3
.Ltmp4:
.LBB1_2:
	.loc	1 208 30                        @ ../../../../Library/StdDriver/src/retarget.c:208:30
	ldr	r0, [sp, #12]
	.loc	1 208 16 is_stmt 0              @ ../../../../Library/StdDriver/src/retarget.c:208:16
	str	r0, [sp, #4]
	b	.LBB1_3
.Ltmp5:
.LBB1_3:
	.loc	1 225 12 is_stmt 1              @ ../../../../Library/StdDriver/src/retarget.c:225:12
	ldr	r0, [sp, #4]
	ldr	r0, [r0, #24]
	ldrh	r0, [r0]
	.loc	1 225 10 is_stmt 0              @ ../../../../Library/StdDriver/src/retarget.c:225:10
	str	r0, [sp]
.Ltmp6:
	.loc	1 227 9 is_stmt 1               @ ../../../../Library/StdDriver/src/retarget.c:227:9
	ldr	r0, [sp]
	ldr	r1, __arm_cp.1_0
.Ltmp7:
	.loc	1 227 9 is_stmt 0               @ ../../../../Library/StdDriver/src/retarget.c:227:9
	cmp	r0, r1
	bne	.LBB1_5
	b	.LBB1_4
.LBB1_4:
.Ltmp8:
	.loc	1 233 25 is_stmt 1              @ ../../../../Library/StdDriver/src/retarget.c:233:25
	ldr	r1, __arm_cp.1_2
	movs	r0, #0
	str	r0, [r1]
	.loc	1 234 9                         @ ../../../../Library/StdDriver/src/retarget.c:234:9
	ldr	r1, [sp, #4]
	.loc	1 234 15 is_stmt 0              @ ../../../../Library/StdDriver/src/retarget.c:234:15
	ldr	r0, [r1, #24]
	adds	r0, r0, #2
	str	r0, [r1, #24]
	.loc	1 235 16 is_stmt 1              @ ../../../../Library/StdDriver/src/retarget.c:235:16
	ldr	r0, [sp, #16]
	.loc	1 235 9 is_stmt 0               @ ../../../../Library/StdDriver/src/retarget.c:235:9
	str	r0, [sp, #20]
	b	.LBB1_9
.Ltmp9:
.LBB1_5:
	.loc	1 238 5 is_stmt 1               @ ../../../../Library/StdDriver/src/retarget.c:238:5
	ldr	r0, __arm_cp.1_1
	bl	printf
	.loc	1 239 15                        @ ../../../../Library/StdDriver/src/retarget.c:239:15
	ldr	r0, [sp, #4]
	.loc	1 239 5 is_stmt 0               @ ../../../../Library/StdDriver/src/retarget.c:239:5
	bl	DumpStack
	.loc	1 242 5 is_stmt 1               @ ../../../../Library/StdDriver/src/retarget.c:242:5
	b	.LBB1_6
.LBB1_6:                                @ =>This Inner Loop Header: Depth=1
	.loc	1 242 18 is_stmt 0              @ ../../../../Library/StdDriver/src/retarget.c:242:18
	ldr	r0, [sp, #4]
	.loc	1 242 17                        @ ../../../../Library/StdDriver/src/retarget.c:242:17
	ldr	r0, [r0]
	movs	r1, #1
	.loc	1 242 15                        @ ../../../../Library/StdDriver/src/retarget.c:242:15
	orrs	r0, r1
	.loc	1 242 5                         @ ../../../../Library/StdDriver/src/retarget.c:242:5
	cbz	r0, .LBB1_8
	b	.LBB1_7
.LBB1_7:                                @   in Loop: Header=BB1_6 Depth=1
	b	.LBB1_6
.LBB1_8:
	.loc	1 244 12 is_stmt 1              @ ../../../../Library/StdDriver/src/retarget.c:244:12
	ldr	r0, [sp, #16]
	.loc	1 244 5 is_stmt 0               @ ../../../../Library/StdDriver/src/retarget.c:244:5
	str	r0, [sp, #20]
	b	.LBB1_9
.LBB1_9:
	.loc	1 245 1 is_stmt 1               @ ../../../../Library/StdDriver/src/retarget.c:245:1
	ldr	r0, [sp, #20]
	add	sp, #24
	pop	{r7, pc}
.Ltmp10:
	.p2align	2
@ %bb.10:
	.loc	1 0 1 is_stmt 0                 @ ../../../../Library/StdDriver/src/retarget.c:0:1
__arm_cp.1_0:
	.long	48811                           @ 0xbeab
.Lcpi_end0:
	.size	__arm_cp.1_0, .Lcpi_end0-__arm_cp.1_0
__arm_cp.1_1:
	.long	.L.str
.Lcpi_end1:
	.size	__arm_cp.1_1, .Lcpi_end1-__arm_cp.1_1
__arm_cp.1_2:
	.long	g_ICE_Connected
.Lcpi_end2:
	.size	__arm_cp.1_2, .Lcpi_end2-__arm_cp.1_2
.Lfunc_end1:
	.size	ProcessHardFault, .Lfunc_end1-ProcessHardFault
	.cfi_endproc
	.cantunwind
	.fnend
                                        @ -- End function
	.section	.text.DumpStack,"ax",%progbits
	.p2align	1                               @ -- Begin function DumpStack
	.type	DumpStack,%function
	.code	16                              @ @DumpStack
	.thumb_func
DumpStack:
.Lfunc_begin2:
	.loc	1 105 0 is_stmt 1               @ ../../../../Library/StdDriver/src/retarget.c:105:0
	.fnstart
	.cfi_startproc
@ %bb.0:
	.pad	#4
	sub	sp, #4
	.cfi_def_cfa_offset 4
	str	r0, [sp]
.Ltmp11:
	.loc	1 116 1 prologue_end            @ ../../../../Library/StdDriver/src/retarget.c:116:1
	add	sp, #4
	bx	lr
.Ltmp12:
.Lfunc_end2:
	.size	DumpStack, .Lfunc_end2-DumpStack
	.cfi_endproc
	.cantunwind
	.fnend
                                        @ -- End function
	.section	.text.SendChar_ToUART,"ax",%progbits
	.hidden	SendChar_ToUART                 @ -- Begin function SendChar_ToUART
	.globl	SendChar_ToUART
	.p2align	2
	.type	SendChar_ToUART,%function
	.code	16                              @ @SendChar_ToUART
	.thumb_func
SendChar_ToUART:
.Lfunc_begin3:
	.loc	1 257 0                         @ ../../../../Library/StdDriver/src/retarget.c:257:0
	.fnstart
	.cfi_startproc
@ %bb.0:
	.pad	#4
	sub	sp, #4
	.cfi_def_cfa_offset 4
	str	r0, [sp]
.Ltmp13:
	.loc	1 258 5 prologue_end            @ ../../../../Library/StdDriver/src/retarget.c:258:5
	b	.LBB3_1
.LBB3_1:                                @ =>This Inner Loop Header: Depth=1
	.loc	1 0 5 is_stmt 0                 @ ../../../../Library/StdDriver/src/retarget.c:0:5
	ldr	r0, __arm_cp.3_0
	.loc	1 258 24                        @ ../../../../Library/StdDriver/src/retarget.c:258:24
	ldr	r0, [r0]
	.loc	1 258 5                         @ ../../../../Library/StdDriver/src/retarget.c:258:5
	lsls	r0, r0, #8
	cmp	r0, #0
	bpl	.LBB3_3
	b	.LBB3_2
.LBB3_2:                                @   in Loop: Header=BB3_1 Depth=1
	b	.LBB3_1
.LBB3_3:
	.loc	1 0 5                           @ ../../../../Library/StdDriver/src/retarget.c:0:5
	mov	r0, sp
.Ltmp14:
	.loc	1 260 15 is_stmt 1              @ ../../../../Library/StdDriver/src/retarget.c:260:15
	ldrb	r0, [r0]
.Ltmp15:
	.loc	1 260 9 is_stmt 0               @ ../../../../Library/StdDriver/src/retarget.c:260:9
	cmp	r0, #10
	bne	.LBB3_8
	b	.LBB3_4
.LBB3_4:
	.loc	1 0 9                           @ ../../../../Library/StdDriver/src/retarget.c:0:9
	ldr	r1, __arm_cp.3_1
	movs	r0, #13
.Ltmp16:
	.loc	1 262 25 is_stmt 1              @ ../../../../Library/StdDriver/src/retarget.c:262:25
	str	r0, [r1]
	.loc	1 264 9                         @ ../../../../Library/StdDriver/src/retarget.c:264:9
	b	.LBB3_5
.LBB3_5:                                @ =>This Inner Loop Header: Depth=1
	.loc	1 0 9 is_stmt 0                 @ ../../../../Library/StdDriver/src/retarget.c:0:9
	ldr	r0, __arm_cp.3_0
	.loc	1 264 28                        @ ../../../../Library/StdDriver/src/retarget.c:264:28
	ldr	r0, [r0]
	.loc	1 264 9                         @ ../../../../Library/StdDriver/src/retarget.c:264:9
	lsls	r0, r0, #8
	cmp	r0, #0
	bpl	.LBB3_7
	b	.LBB3_6
.LBB3_6:                                @   in Loop: Header=BB3_5 Depth=1
	b	.LBB3_5
.LBB3_7:
	.loc	1 265 5 is_stmt 1               @ ../../../../Library/StdDriver/src/retarget.c:265:5
	b	.LBB3_8
.Ltmp17:
.LBB3_8:
	.loc	1 267 33                        @ ../../../../Library/StdDriver/src/retarget.c:267:33
	ldr	r0, [sp]
	ldr	r1, __arm_cp.3_1
	.loc	1 267 21 is_stmt 0              @ ../../../../Library/StdDriver/src/retarget.c:267:21
	str	r0, [r1]
	.loc	1 268 1 is_stmt 1               @ ../../../../Library/StdDriver/src/retarget.c:268:1
	add	sp, #4
	bx	lr
.Ltmp18:
	.p2align	2
@ %bb.9:
	.loc	1 0 1 is_stmt 0                 @ ../../../../Library/StdDriver/src/retarget.c:0:1
__arm_cp.3_0:
	.long	1074200600                      @ 0x40070018
.Lcpi_end3:
	.size	__arm_cp.3_0, .Lcpi_end3-__arm_cp.3_0
__arm_cp.3_1:
	.long	1074200576                      @ 0x40070000
.Lcpi_end4:
	.size	__arm_cp.3_1, .Lcpi_end4-__arm_cp.3_1
.Lfunc_end3:
	.size	SendChar_ToUART, .Lfunc_end3-SendChar_ToUART
	.cfi_endproc
	.cantunwind
	.fnend
                                        @ -- End function
	.section	.text.SendChar,"ax",%progbits
	.hidden	SendChar                        @ -- Begin function SendChar
	.weak	SendChar
	.p2align	1
	.type	SendChar,%function
	.code	16                              @ @SendChar
	.thumb_func
SendChar:
.Lfunc_begin4:
	.loc	1 347 0 is_stmt 1               @ ../../../../Library/StdDriver/src/retarget.c:347:0
	.fnstart
	.cfi_startproc
@ %bb.0:
	.save	{r7, lr}
	push	{r7, lr}
	.cfi_def_cfa_offset 8
	.cfi_offset lr, -4
	.cfi_offset r7, -8
	.pad	#8
	sub	sp, #8
	.cfi_def_cfa_offset 16
	str	r0, [sp, #4]
.Ltmp19:
	.loc	1 379 21 prologue_end           @ ../../../../Library/StdDriver/src/retarget.c:379:21
	ldr	r0, [sp, #4]
	.loc	1 379 5 is_stmt 0               @ ../../../../Library/StdDriver/src/retarget.c:379:5
	bl	SendChar_ToUART
	.loc	1 381 1 is_stmt 1               @ ../../../../Library/StdDriver/src/retarget.c:381:1
	add	sp, #8
	pop	{r7, pc}
.Ltmp20:
.Lfunc_end4:
	.size	SendChar, .Lfunc_end4-SendChar
	.cfi_endproc
	.cantunwind
	.fnend
                                        @ -- End function
	.section	.text.GetChar,"ax",%progbits
	.hidden	GetChar                         @ -- Begin function GetChar
	.globl	GetChar
	.p2align	2
	.type	GetChar,%function
	.code	16                              @ @GetChar
	.thumb_func
GetChar:
.Lfunc_begin5:
	.loc	1 393 0                         @ ../../../../Library/StdDriver/src/retarget.c:393:0
	.fnstart
	.cfi_startproc
@ %bb.0:
	.loc	1 443 5 prologue_end            @ ../../../../Library/StdDriver/src/retarget.c:443:5
	b	.LBB5_1
.LBB5_1:                                @ =>This Inner Loop Header: Depth=1
	.loc	1 0 5 is_stmt 0                 @ ../../../../Library/StdDriver/src/retarget.c:0:5
	ldr	r0, __arm_cp.5_0
.Ltmp21:
	.loc	1 445 26 is_stmt 1              @ ../../../../Library/StdDriver/src/retarget.c:445:26
	ldr	r0, [r0]
.Ltmp22:
	.loc	1 445 13 is_stmt 0              @ ../../../../Library/StdDriver/src/retarget.c:445:13
	lsls	r0, r0, #17
	cmp	r0, #0
	bmi	.LBB5_3
	b	.LBB5_2
.LBB5_2:
	.loc	1 0 13                          @ ../../../../Library/StdDriver/src/retarget.c:0:13
	ldr	r0, __arm_cp.5_1
.Ltmp23:
	.loc	1 447 39 is_stmt 1              @ ../../../../Library/StdDriver/src/retarget.c:447:39
	ldr	r0, [r0]
	.loc	1 447 13 is_stmt 0              @ ../../../../Library/StdDriver/src/retarget.c:447:13
	uxtb	r0, r0
	bx	lr
.Ltmp24:
.LBB5_3:                                @   in Loop: Header=BB5_1 Depth=1
	.loc	1 443 5 is_stmt 1               @ ../../../../Library/StdDriver/src/retarget.c:443:5
	b	.LBB5_1
.Ltmp25:
	.p2align	2
@ %bb.4:
	.loc	1 0 5 is_stmt 0                 @ ../../../../Library/StdDriver/src/retarget.c:0:5
__arm_cp.5_0:
	.long	1074200600                      @ 0x40070018
.Lcpi_end5:
	.size	__arm_cp.5_0, .Lcpi_end5-__arm_cp.5_0
__arm_cp.5_1:
	.long	1074200576                      @ 0x40070000
.Lcpi_end6:
	.size	__arm_cp.5_1, .Lcpi_end6-__arm_cp.5_1
.Lfunc_end5:
	.size	GetChar, .Lfunc_end5-GetChar
	.cfi_endproc
	.cantunwind
	.fnend
                                        @ -- End function
	.section	.text.kbhit,"ax",%progbits
	.hidden	kbhit                           @ -- Begin function kbhit
	.globl	kbhit
	.p2align	2
	.type	kbhit,%function
	.code	16                              @ @kbhit
	.thumb_func
kbhit:
.Lfunc_begin6:
	.loc	1 465 0 is_stmt 1               @ ../../../../Library/StdDriver/src/retarget.c:465:0
	.fnstart
	.cfi_startproc
@ %bb.0:
	ldr	r0, __arm_cp.6_0
.Ltmp26:
	.loc	1 466 27 prologue_end           @ ../../../../Library/StdDriver/src/retarget.c:466:27
	ldr	r0, [r0]
	movw	r1, #16384
	.loc	1 466 35 is_stmt 0              @ ../../../../Library/StdDriver/src/retarget.c:466:35
	ands	r0, r1
	.loc	1 466 63                        @ ../../../../Library/StdDriver/src/retarget.c:466:63
	lsrs	r0, r0, #14
	.loc	1 466 5                         @ ../../../../Library/StdDriver/src/retarget.c:466:5
	bx	lr
.Ltmp27:
	.p2align	2
@ %bb.1:
	.loc	1 0 5                           @ ../../../../Library/StdDriver/src/retarget.c:0:5
__arm_cp.6_0:
	.long	1074200600                      @ 0x40070018
.Lcpi_end7:
	.size	__arm_cp.6_0, .Lcpi_end7-__arm_cp.6_0
.Lfunc_end6:
	.size	kbhit, .Lfunc_end6-kbhit
	.cfi_endproc
	.cantunwind
	.fnend
                                        @ -- End function
	.section	.text.IsDebugFifoEmpty,"ax",%progbits
	.hidden	IsDebugFifoEmpty                @ -- Begin function IsDebugFifoEmpty
	.globl	IsDebugFifoEmpty
	.p2align	2
	.type	IsDebugFifoEmpty,%function
	.code	16                              @ @IsDebugFifoEmpty
	.thumb_func
IsDebugFifoEmpty:
.Lfunc_begin7:
	.loc	1 479 0 is_stmt 1               @ ../../../../Library/StdDriver/src/retarget.c:479:0
	.fnstart
	.cfi_startproc
@ %bb.0:
	ldr	r0, __arm_cp.7_0
.Ltmp28:
	.loc	1 480 26 prologue_end           @ ../../../../Library/StdDriver/src/retarget.c:480:26
	ldr	r0, [r0]
	movs	r1, #1
	lsls	r1, r1, #28
	.loc	1 480 34 is_stmt 0              @ ../../../../Library/StdDriver/src/retarget.c:480:34
	ands	r0, r1
	.loc	1 480 63                        @ ../../../../Library/StdDriver/src/retarget.c:480:63
	lsrs	r0, r0, #28
	.loc	1 480 5                         @ ../../../../Library/StdDriver/src/retarget.c:480:5
	bx	lr
.Ltmp29:
	.p2align	2
@ %bb.1:
	.loc	1 0 5                           @ ../../../../Library/StdDriver/src/retarget.c:0:5
__arm_cp.7_0:
	.long	1074200600                      @ 0x40070018
.Lcpi_end8:
	.size	__arm_cp.7_0, .Lcpi_end8-__arm_cp.7_0
.Lfunc_end7:
	.size	IsDebugFifoEmpty, .Lfunc_end7-IsDebugFifoEmpty
	.cfi_endproc
	.cantunwind
	.fnend
                                        @ -- End function
	.section	.text._ttywrch,"ax",%progbits
	.hidden	_ttywrch                        @ -- Begin function _ttywrch
	.globl	_ttywrch
	.p2align	1
	.type	_ttywrch,%function
	.code	16                              @ @_ttywrch
	.thumb_func
_ttywrch:
.Lfunc_begin8:
	.loc	1 492 0 is_stmt 1               @ ../../../../Library/StdDriver/src/retarget.c:492:0
	.fnstart
	.cfi_startproc
@ %bb.0:
	.save	{r7, lr}
	push	{r7, lr}
	.cfi_def_cfa_offset 8
	.cfi_offset lr, -4
	.cfi_offset r7, -8
	.pad	#8
	sub	sp, #8
	.cfi_def_cfa_offset 16
	str	r0, [sp, #4]
.Ltmp30:
	.loc	1 493 14 prologue_end           @ ../../../../Library/StdDriver/src/retarget.c:493:14
	ldr	r0, [sp, #4]
	.loc	1 493 5 is_stmt 0               @ ../../../../Library/StdDriver/src/retarget.c:493:5
	bl	SendChar
	.loc	1 494 5 is_stmt 1               @ ../../../../Library/StdDriver/src/retarget.c:494:5
	add	sp, #8
	pop	{r7, pc}
.Ltmp31:
.Lfunc_end8:
	.size	_ttywrch, .Lfunc_end8-_ttywrch
	.cfi_endproc
	.cantunwind
	.fnend
                                        @ -- End function
	.section	.text.fputc,"ax",%progbits
	.hidden	fputc                           @ -- Begin function fputc
	.globl	fputc
	.p2align	1
	.type	fputc,%function
	.code	16                              @ @fputc
	.thumb_func
fputc:
.Lfunc_begin9:
	.loc	1 547 0                         @ ../../../../Library/StdDriver/src/retarget.c:547:0
	.fnstart
	.cfi_startproc
@ %bb.0:
	.save	{r7, lr}
	push	{r7, lr}
	.cfi_def_cfa_offset 8
	.cfi_offset lr, -4
	.cfi_offset r7, -8
	.pad	#8
	sub	sp, #8
	.cfi_def_cfa_offset 16
	str	r0, [sp, #4]
	str	r1, [sp]
.Ltmp32:
	.loc	1 548 14 prologue_end           @ ../../../../Library/StdDriver/src/retarget.c:548:14
	ldr	r0, [sp, #4]
	.loc	1 548 5 is_stmt 0               @ ../../../../Library/StdDriver/src/retarget.c:548:5
	bl	SendChar
	.loc	1 549 12 is_stmt 1              @ ../../../../Library/StdDriver/src/retarget.c:549:12
	ldr	r0, [sp, #4]
	.loc	1 549 5 is_stmt 0               @ ../../../../Library/StdDriver/src/retarget.c:549:5
	add	sp, #8
	pop	{r7, pc}
.Ltmp33:
.Lfunc_end9:
	.size	fputc, .Lfunc_end9-fputc
	.cfi_endproc
	.cantunwind
	.fnend
                                        @ -- End function
	.section	.text.fgetc,"ax",%progbits
	.hidden	fgetc                           @ -- Begin function fgetc
	.globl	fgetc
	.p2align	1
	.type	fgetc,%function
	.code	16                              @ @fgetc
	.thumb_func
fgetc:
.Lfunc_begin10:
	.loc	1 639 0 is_stmt 1               @ ../../../../Library/StdDriver/src/retarget.c:639:0
	.fnstart
	.cfi_startproc
@ %bb.0:
	.save	{r7, lr}
	push	{r7, lr}
	.cfi_def_cfa_offset 8
	.cfi_offset lr, -4
	.cfi_offset r7, -8
	.pad	#8
	sub	sp, #8
	.cfi_def_cfa_offset 16
	str	r0, [sp, #4]
.Ltmp34:
	.loc	1 640 18 prologue_end           @ ../../../../Library/StdDriver/src/retarget.c:640:18
	bl	GetChar
	.loc	1 640 5 is_stmt 0               @ ../../../../Library/StdDriver/src/retarget.c:640:5
	add	sp, #8
	pop	{r7, pc}
.Ltmp35:
.Lfunc_end10:
	.size	fgetc, .Lfunc_end10-fgetc
	.cfi_endproc
	.cantunwind
	.fnend
                                        @ -- End function
	.section	.text.ferror,"ax",%progbits
	.hidden	ferror                          @ -- Begin function ferror
	.globl	ferror
	.p2align	1
	.type	ferror,%function
	.code	16                              @ @ferror
	.thumb_func
ferror:
.Lfunc_begin11:
	.loc	1 659 0 is_stmt 1               @ ../../../../Library/StdDriver/src/retarget.c:659:0
	.fnstart
	.cfi_startproc
@ %bb.0:
	.pad	#4
	sub	sp, #4
	.cfi_def_cfa_offset 4
	str	r0, [sp]
	movs	r0, #0
	mvns	r0, r0
.Ltmp36:
	.loc	1 660 5 prologue_end            @ ../../../../Library/StdDriver/src/retarget.c:660:5
	add	sp, #4
	bx	lr
.Ltmp37:
.Lfunc_end11:
	.size	ferror, .Lfunc_end11-ferror
	.cfi_endproc
	.cantunwind
	.fnend
                                        @ -- End function
	.type	g_ICE_Connected,%object         @ @g_ICE_Connected
	.section	.data.g_ICE_Connected,"aw",%progbits
	.p2align	2, 0x0
g_ICE_Connected:
	.long	1                               @ 0x1
	.size	g_ICE_Connected, 4

	.type	.L.str,%object                  @ @.str
	.section	.rodata.str1.1,"aMS",%progbits,1
.L.str:
	.asciz	"  HardFault!\n\n"
	.size	.L.str, 15

	.hidden	__stdout                        @ @__stdout
	.type	__stdout,%object
	.section	.bss.__stdout,"aw",%nobits
	.globl	__stdout
	.p2align	2, 0x0
__stdout:
	.zero	84
	.size	__stdout, 84

	.hidden	__stdin                         @ @__stdin
	.type	__stdin,%object
	.section	.bss.__stdin,"aw",%nobits
	.globl	__stdin
	.p2align	2, 0x0
__stdin:
	.zero	84
	.size	__stdin, 84

	.section	.debug_abbrev,"",%progbits
	.byte	1                               @ Abbreviation Code
	.byte	17                              @ DW_TAG_compile_unit
	.byte	1                               @ DW_CHILDREN_yes
	.byte	37                              @ DW_AT_producer
	.byte	14                              @ DW_FORM_strp
	.byte	19                              @ DW_AT_language
	.byte	5                               @ DW_FORM_data2
	.byte	3                               @ DW_AT_name
	.byte	14                              @ DW_FORM_strp
	.byte	16                              @ DW_AT_stmt_list
	.byte	23                              @ DW_FORM_sec_offset
	.byte	27                              @ DW_AT_comp_dir
	.byte	14                              @ DW_FORM_strp
	.byte	17                              @ DW_AT_low_pc
	.byte	1                               @ DW_FORM_addr
	.byte	85                              @ DW_AT_ranges
	.byte	23                              @ DW_FORM_sec_offset
	.byte	0                               @ EOM(1)
	.byte	0                               @ EOM(2)
	.byte	2                               @ Abbreviation Code
	.byte	52                              @ DW_TAG_variable
	.byte	0                               @ DW_CHILDREN_no
	.byte	73                              @ DW_AT_type
	.byte	19                              @ DW_FORM_ref4
	.byte	58                              @ DW_AT_decl_file
	.byte	11                              @ DW_FORM_data1
	.byte	59                              @ DW_AT_decl_line
	.byte	11                              @ DW_FORM_data1
	.byte	2                               @ DW_AT_location
	.byte	24                              @ DW_FORM_exprloc
	.byte	0                               @ EOM(1)
	.byte	0                               @ EOM(2)
	.byte	3                               @ Abbreviation Code
	.byte	1                               @ DW_TAG_array_type
	.byte	1                               @ DW_CHILDREN_yes
	.byte	73                              @ DW_AT_type
	.byte	19                              @ DW_FORM_ref4
	.byte	0                               @ EOM(1)
	.byte	0                               @ EOM(2)
	.byte	4                               @ Abbreviation Code
	.byte	33                              @ DW_TAG_subrange_type
	.byte	0                               @ DW_CHILDREN_no
	.byte	73                              @ DW_AT_type
	.byte	19                              @ DW_FORM_ref4
	.byte	55                              @ DW_AT_count
	.byte	11                              @ DW_FORM_data1
	.byte	0                               @ EOM(1)
	.byte	0                               @ EOM(2)
	.byte	5                               @ Abbreviation Code
	.byte	36                              @ DW_TAG_base_type
	.byte	0                               @ DW_CHILDREN_no
	.byte	3                               @ DW_AT_name
	.byte	14                              @ DW_FORM_strp
	.byte	62                              @ DW_AT_encoding
	.byte	11                              @ DW_FORM_data1
	.byte	11                              @ DW_AT_byte_size
	.byte	11                              @ DW_FORM_data1
	.byte	0                               @ EOM(1)
	.byte	0                               @ EOM(2)
	.byte	6                               @ Abbreviation Code
	.byte	36                              @ DW_TAG_base_type
	.byte	0                               @ DW_CHILDREN_no
	.byte	3                               @ DW_AT_name
	.byte	14                              @ DW_FORM_strp
	.byte	11                              @ DW_AT_byte_size
	.byte	11                              @ DW_FORM_data1
	.byte	62                              @ DW_AT_encoding
	.byte	11                              @ DW_FORM_data1
	.byte	0                               @ EOM(1)
	.byte	0                               @ EOM(2)
	.byte	7                               @ Abbreviation Code
	.byte	52                              @ DW_TAG_variable
	.byte	0                               @ DW_CHILDREN_no
	.byte	3                               @ DW_AT_name
	.byte	14                              @ DW_FORM_strp
	.byte	73                              @ DW_AT_type
	.byte	19                              @ DW_FORM_ref4
	.byte	63                              @ DW_AT_external
	.byte	25                              @ DW_FORM_flag_present
	.byte	58                              @ DW_AT_decl_file
	.byte	11                              @ DW_FORM_data1
	.byte	59                              @ DW_AT_decl_line
	.byte	11                              @ DW_FORM_data1
	.byte	2                               @ DW_AT_location
	.byte	24                              @ DW_FORM_exprloc
	.byte	0                               @ EOM(1)
	.byte	0                               @ EOM(2)
	.byte	8                               @ Abbreviation Code
	.byte	22                              @ DW_TAG_typedef
	.byte	0                               @ DW_CHILDREN_no
	.byte	73                              @ DW_AT_type
	.byte	19                              @ DW_FORM_ref4
	.byte	3                               @ DW_AT_name
	.byte	14                              @ DW_FORM_strp
	.byte	58                              @ DW_AT_decl_file
	.byte	11                              @ DW_FORM_data1
	.byte	59                              @ DW_AT_decl_line
	.byte	11                              @ DW_FORM_data1
	.byte	0                               @ EOM(1)
	.byte	0                               @ EOM(2)
	.byte	9                               @ Abbreviation Code
	.byte	19                              @ DW_TAG_structure_type
	.byte	1                               @ DW_CHILDREN_yes
	.byte	3                               @ DW_AT_name
	.byte	14                              @ DW_FORM_strp
	.byte	11                              @ DW_AT_byte_size
	.byte	11                              @ DW_FORM_data1
	.byte	58                              @ DW_AT_decl_file
	.byte	11                              @ DW_FORM_data1
	.byte	59                              @ DW_AT_decl_line
	.byte	11                              @ DW_FORM_data1
	.byte	0                               @ EOM(1)
	.byte	0                               @ EOM(2)
	.byte	10                              @ Abbreviation Code
	.byte	13                              @ DW_TAG_member
	.byte	0                               @ DW_CHILDREN_no
	.byte	3                               @ DW_AT_name
	.byte	14                              @ DW_FORM_strp
	.byte	73                              @ DW_AT_type
	.byte	19                              @ DW_FORM_ref4
	.byte	58                              @ DW_AT_decl_file
	.byte	11                              @ DW_FORM_data1
	.byte	59                              @ DW_AT_decl_line
	.byte	11                              @ DW_FORM_data1
	.byte	56                              @ DW_AT_data_member_location
	.byte	11                              @ DW_FORM_data1
	.byte	0                               @ EOM(1)
	.byte	0                               @ EOM(2)
	.byte	11                              @ Abbreviation Code
	.byte	23                              @ DW_TAG_union_type
	.byte	1                               @ DW_CHILDREN_yes
	.byte	11                              @ DW_AT_byte_size
	.byte	11                              @ DW_FORM_data1
	.byte	58                              @ DW_AT_decl_file
	.byte	11                              @ DW_FORM_data1
	.byte	59                              @ DW_AT_decl_line
	.byte	11                              @ DW_FORM_data1
	.byte	0                               @ EOM(1)
	.byte	0                               @ EOM(2)
	.byte	12                              @ Abbreviation Code
	.byte	52                              @ DW_TAG_variable
	.byte	0                               @ DW_CHILDREN_no
	.byte	3                               @ DW_AT_name
	.byte	14                              @ DW_FORM_strp
	.byte	73                              @ DW_AT_type
	.byte	19                              @ DW_FORM_ref4
	.byte	58                              @ DW_AT_decl_file
	.byte	11                              @ DW_FORM_data1
	.byte	59                              @ DW_AT_decl_line
	.byte	11                              @ DW_FORM_data1
	.byte	2                               @ DW_AT_location
	.byte	24                              @ DW_FORM_exprloc
	.byte	0                               @ EOM(1)
	.byte	0                               @ EOM(2)
	.byte	13                              @ Abbreviation Code
	.byte	53                              @ DW_TAG_volatile_type
	.byte	0                               @ DW_CHILDREN_no
	.byte	73                              @ DW_AT_type
	.byte	19                              @ DW_FORM_ref4
	.byte	0                               @ EOM(1)
	.byte	0                               @ EOM(2)
	.byte	14                              @ Abbreviation Code
	.byte	15                              @ DW_TAG_pointer_type
	.byte	0                               @ DW_CHILDREN_no
	.byte	73                              @ DW_AT_type
	.byte	19                              @ DW_FORM_ref4
	.byte	0                               @ EOM(1)
	.byte	0                               @ EOM(2)
	.byte	15                              @ Abbreviation Code
	.byte	22                              @ DW_TAG_typedef
	.byte	0                               @ DW_CHILDREN_no
	.byte	73                              @ DW_AT_type
	.byte	19                              @ DW_FORM_ref4
	.byte	3                               @ DW_AT_name
	.byte	14                              @ DW_FORM_strp
	.byte	58                              @ DW_AT_decl_file
	.byte	11                              @ DW_FORM_data1
	.byte	59                              @ DW_AT_decl_line
	.byte	5                               @ DW_FORM_data2
	.byte	0                               @ EOM(1)
	.byte	0                               @ EOM(2)
	.byte	16                              @ Abbreviation Code
	.byte	19                              @ DW_TAG_structure_type
	.byte	1                               @ DW_CHILDREN_yes
	.byte	11                              @ DW_AT_byte_size
	.byte	11                              @ DW_FORM_data1
	.byte	58                              @ DW_AT_decl_file
	.byte	11                              @ DW_FORM_data1
	.byte	59                              @ DW_AT_decl_line
	.byte	11                              @ DW_FORM_data1
	.byte	0                               @ EOM(1)
	.byte	0                               @ EOM(2)
	.byte	17                              @ Abbreviation Code
	.byte	13                              @ DW_TAG_member
	.byte	0                               @ DW_CHILDREN_no
	.byte	3                               @ DW_AT_name
	.byte	14                              @ DW_FORM_strp
	.byte	73                              @ DW_AT_type
	.byte	19                              @ DW_FORM_ref4
	.byte	58                              @ DW_AT_decl_file
	.byte	11                              @ DW_FORM_data1
	.byte	59                              @ DW_AT_decl_line
	.byte	5                               @ DW_FORM_data2
	.byte	56                              @ DW_AT_data_member_location
	.byte	11                              @ DW_FORM_data1
	.byte	0                               @ EOM(1)
	.byte	0                               @ EOM(2)
	.byte	18                              @ Abbreviation Code
	.byte	46                              @ DW_TAG_subprogram
	.byte	1                               @ DW_CHILDREN_yes
	.byte	17                              @ DW_AT_low_pc
	.byte	1                               @ DW_FORM_addr
	.byte	18                              @ DW_AT_high_pc
	.byte	6                               @ DW_FORM_data4
	.byte	64                              @ DW_AT_frame_base
	.byte	24                              @ DW_FORM_exprloc
	.byte	3                               @ DW_AT_name
	.byte	14                              @ DW_FORM_strp
	.byte	58                              @ DW_AT_decl_file
	.byte	11                              @ DW_FORM_data1
	.byte	59                              @ DW_AT_decl_line
	.byte	11                              @ DW_FORM_data1
	.byte	39                              @ DW_AT_prototyped
	.byte	25                              @ DW_FORM_flag_present
	.byte	73                              @ DW_AT_type
	.byte	19                              @ DW_FORM_ref4
	.byte	63                              @ DW_AT_external
	.byte	25                              @ DW_FORM_flag_present
	.byte	0                               @ EOM(1)
	.byte	0                               @ EOM(2)
	.byte	19                              @ Abbreviation Code
	.byte	5                               @ DW_TAG_formal_parameter
	.byte	0                               @ DW_CHILDREN_no
	.byte	2                               @ DW_AT_location
	.byte	24                              @ DW_FORM_exprloc
	.byte	3                               @ DW_AT_name
	.byte	14                              @ DW_FORM_strp
	.byte	58                              @ DW_AT_decl_file
	.byte	11                              @ DW_FORM_data1
	.byte	59                              @ DW_AT_decl_line
	.byte	11                              @ DW_FORM_data1
	.byte	73                              @ DW_AT_type
	.byte	19                              @ DW_FORM_ref4
	.byte	0                               @ EOM(1)
	.byte	0                               @ EOM(2)
	.byte	20                              @ Abbreviation Code
	.byte	52                              @ DW_TAG_variable
	.byte	0                               @ DW_CHILDREN_no
	.byte	2                               @ DW_AT_location
	.byte	24                              @ DW_FORM_exprloc
	.byte	3                               @ DW_AT_name
	.byte	14                              @ DW_FORM_strp
	.byte	58                              @ DW_AT_decl_file
	.byte	11                              @ DW_FORM_data1
	.byte	59                              @ DW_AT_decl_line
	.byte	11                              @ DW_FORM_data1
	.byte	73                              @ DW_AT_type
	.byte	19                              @ DW_FORM_ref4
	.byte	0                               @ EOM(1)
	.byte	0                               @ EOM(2)
	.byte	21                              @ Abbreviation Code
	.byte	46                              @ DW_TAG_subprogram
	.byte	1                               @ DW_CHILDREN_yes
	.byte	17                              @ DW_AT_low_pc
	.byte	1                               @ DW_FORM_addr
	.byte	18                              @ DW_AT_high_pc
	.byte	6                               @ DW_FORM_data4
	.byte	64                              @ DW_AT_frame_base
	.byte	24                              @ DW_FORM_exprloc
	.byte	3                               @ DW_AT_name
	.byte	14                              @ DW_FORM_strp
	.byte	58                              @ DW_AT_decl_file
	.byte	11                              @ DW_FORM_data1
	.byte	59                              @ DW_AT_decl_line
	.byte	11                              @ DW_FORM_data1
	.byte	39                              @ DW_AT_prototyped
	.byte	25                              @ DW_FORM_flag_present
	.byte	0                               @ EOM(1)
	.byte	0                               @ EOM(2)
	.byte	22                              @ Abbreviation Code
	.byte	46                              @ DW_TAG_subprogram
	.byte	1                               @ DW_CHILDREN_yes
	.byte	17                              @ DW_AT_low_pc
	.byte	1                               @ DW_FORM_addr
	.byte	18                              @ DW_AT_high_pc
	.byte	6                               @ DW_FORM_data4
	.byte	64                              @ DW_AT_frame_base
	.byte	24                              @ DW_FORM_exprloc
	.byte	3                               @ DW_AT_name
	.byte	14                              @ DW_FORM_strp
	.byte	58                              @ DW_AT_decl_file
	.byte	11                              @ DW_FORM_data1
	.byte	59                              @ DW_AT_decl_line
	.byte	5                               @ DW_FORM_data2
	.byte	39                              @ DW_AT_prototyped
	.byte	25                              @ DW_FORM_flag_present
	.byte	63                              @ DW_AT_external
	.byte	25                              @ DW_FORM_flag_present
	.byte	0                               @ EOM(1)
	.byte	0                               @ EOM(2)
	.byte	23                              @ Abbreviation Code
	.byte	5                               @ DW_TAG_formal_parameter
	.byte	0                               @ DW_CHILDREN_no
	.byte	2                               @ DW_AT_location
	.byte	24                              @ DW_FORM_exprloc
	.byte	3                               @ DW_AT_name
	.byte	14                              @ DW_FORM_strp
	.byte	58                              @ DW_AT_decl_file
	.byte	11                              @ DW_FORM_data1
	.byte	59                              @ DW_AT_decl_line
	.byte	5                               @ DW_FORM_data2
	.byte	73                              @ DW_AT_type
	.byte	19                              @ DW_FORM_ref4
	.byte	0                               @ EOM(1)
	.byte	0                               @ EOM(2)
	.byte	24                              @ Abbreviation Code
	.byte	46                              @ DW_TAG_subprogram
	.byte	0                               @ DW_CHILDREN_no
	.byte	17                              @ DW_AT_low_pc
	.byte	1                               @ DW_FORM_addr
	.byte	18                              @ DW_AT_high_pc
	.byte	6                               @ DW_FORM_data4
	.byte	64                              @ DW_AT_frame_base
	.byte	24                              @ DW_FORM_exprloc
	.byte	3                               @ DW_AT_name
	.byte	14                              @ DW_FORM_strp
	.byte	58                              @ DW_AT_decl_file
	.byte	11                              @ DW_FORM_data1
	.byte	59                              @ DW_AT_decl_line
	.byte	5                               @ DW_FORM_data2
	.byte	39                              @ DW_AT_prototyped
	.byte	25                              @ DW_FORM_flag_present
	.byte	73                              @ DW_AT_type
	.byte	19                              @ DW_FORM_ref4
	.byte	63                              @ DW_AT_external
	.byte	25                              @ DW_FORM_flag_present
	.byte	0                               @ EOM(1)
	.byte	0                               @ EOM(2)
	.byte	25                              @ Abbreviation Code
	.byte	46                              @ DW_TAG_subprogram
	.byte	1                               @ DW_CHILDREN_yes
	.byte	17                              @ DW_AT_low_pc
	.byte	1                               @ DW_FORM_addr
	.byte	18                              @ DW_AT_high_pc
	.byte	6                               @ DW_FORM_data4
	.byte	64                              @ DW_AT_frame_base
	.byte	24                              @ DW_FORM_exprloc
	.byte	3                               @ DW_AT_name
	.byte	14                              @ DW_FORM_strp
	.byte	58                              @ DW_AT_decl_file
	.byte	11                              @ DW_FORM_data1
	.byte	59                              @ DW_AT_decl_line
	.byte	5                               @ DW_FORM_data2
	.byte	39                              @ DW_AT_prototyped
	.byte	25                              @ DW_FORM_flag_present
	.byte	73                              @ DW_AT_type
	.byte	19                              @ DW_FORM_ref4
	.byte	63                              @ DW_AT_external
	.byte	25                              @ DW_FORM_flag_present
	.byte	0                               @ EOM(1)
	.byte	0                               @ EOM(2)
	.byte	0                               @ EOM(3)
	.section	.debug_info,"",%progbits
.Lcu_begin0:
	.long	.Ldebug_info_end0-.Ldebug_info_start0 @ Length of Unit
.Ldebug_info_start0:
	.short	4                               @ DWARF version number
	.long	.debug_abbrev                   @ Offset Into Abbrev. Section
	.byte	4                               @ Address Size (in bytes)
	.byte	1                               @ Abbrev [1] 0xb:0x41d DW_TAG_compile_unit
	.long	.Linfo_string0                  @ DW_AT_producer
	.short	12                              @ DW_AT_language
	.long	.Linfo_string1                  @ DW_AT_name
	.long	.Lline_table_start0             @ DW_AT_stmt_list
	.long	.Linfo_string2                  @ DW_AT_comp_dir
	.long	0                               @ DW_AT_low_pc
	.long	.Ldebug_ranges0                 @ DW_AT_ranges
	.byte	2                               @ Abbrev [2] 0x26:0xd DW_TAG_variable
	.long	51                              @ DW_AT_type
	.byte	1                               @ DW_AT_decl_file
	.byte	238                             @ DW_AT_decl_line
	.byte	5                               @ DW_AT_location
	.byte	3
	.long	.L.str
	.byte	3                               @ Abbrev [3] 0x33:0xc DW_TAG_array_type
	.long	63                              @ DW_AT_type
	.byte	4                               @ Abbrev [4] 0x38:0x6 DW_TAG_subrange_type
	.long	70                              @ DW_AT_type
	.byte	15                              @ DW_AT_count
	.byte	0                               @ End Of Children Mark
	.byte	5                               @ Abbrev [5] 0x3f:0x7 DW_TAG_base_type
	.long	.Linfo_string3                  @ DW_AT_name
	.byte	8                               @ DW_AT_encoding
	.byte	1                               @ DW_AT_byte_size
	.byte	6                               @ Abbrev [6] 0x46:0x7 DW_TAG_base_type
	.long	.Linfo_string4                  @ DW_AT_name
	.byte	8                               @ DW_AT_byte_size
	.byte	7                               @ DW_AT_encoding
	.byte	7                               @ Abbrev [7] 0x4d:0x11 DW_TAG_variable
	.long	.Linfo_string5                  @ DW_AT_name
	.long	94                              @ DW_AT_type
                                        @ DW_AT_external
	.byte	1                               @ DW_AT_decl_file
	.byte	59                              @ DW_AT_decl_line
	.byte	5                               @ DW_AT_location
	.byte	3
	.long	__stdout
	.byte	8                               @ Abbrev [8] 0x5e:0xb DW_TAG_typedef
	.long	105                             @ DW_AT_type
	.long	.Linfo_string11                 @ DW_AT_name
	.byte	2                               @ DW_AT_decl_file
	.byte	108                             @ DW_AT_decl_line
	.byte	9                               @ Abbrev [9] 0x69:0x32 DW_TAG_structure_type
	.long	.Linfo_string10                 @ DW_AT_name
	.byte	84                              @ DW_AT_byte_size
	.byte	2                               @ DW_AT_decl_file
	.byte	119                             @ DW_AT_decl_line
	.byte	10                              @ Abbrev [10] 0x71:0xc DW_TAG_member
	.long	.Linfo_string6                  @ DW_AT_name
	.long	125                             @ DW_AT_type
	.byte	2                               @ DW_AT_decl_file
	.byte	127                             @ DW_AT_decl_line
	.byte	0                               @ DW_AT_data_member_location
	.byte	11                              @ Abbrev [11] 0x7d:0x1d DW_TAG_union_type
	.byte	84                              @ DW_AT_byte_size
	.byte	2                               @ DW_AT_decl_file
	.byte	120                             @ DW_AT_decl_line
	.byte	10                              @ Abbrev [10] 0x81:0xc DW_TAG_member
	.long	.Linfo_string7                  @ DW_AT_name
	.long	155                             @ DW_AT_type
	.byte	2                               @ DW_AT_decl_file
	.byte	121                             @ DW_AT_decl_line
	.byte	0                               @ DW_AT_data_member_location
	.byte	10                              @ Abbrev [10] 0x8d:0xc DW_TAG_member
	.long	.Linfo_string9                  @ DW_AT_name
	.long	162                             @ DW_AT_type
	.byte	2                               @ DW_AT_decl_file
	.byte	125                             @ DW_AT_decl_line
	.byte	0                               @ DW_AT_data_member_location
	.byte	0                               @ End Of Children Mark
	.byte	0                               @ End Of Children Mark
	.byte	5                               @ Abbrev [5] 0x9b:0x7 DW_TAG_base_type
	.long	.Linfo_string8                  @ DW_AT_name
	.byte	5                               @ DW_AT_encoding
	.byte	4                               @ DW_AT_byte_size
	.byte	3                               @ Abbrev [3] 0xa2:0xc DW_TAG_array_type
	.long	63                              @ DW_AT_type
	.byte	4                               @ Abbrev [4] 0xa7:0x6 DW_TAG_subrange_type
	.long	70                              @ DW_AT_type
	.byte	84                              @ DW_AT_count
	.byte	0                               @ End Of Children Mark
	.byte	7                               @ Abbrev [7] 0xae:0x11 DW_TAG_variable
	.long	.Linfo_string12                 @ DW_AT_name
	.long	94                              @ DW_AT_type
                                        @ DW_AT_external
	.byte	1                               @ DW_AT_decl_file
	.byte	60                              @ DW_AT_decl_line
	.byte	5                               @ DW_AT_location
	.byte	3
	.long	__stdin
	.byte	12                              @ Abbrev [12] 0xbf:0x11 DW_TAG_variable
	.long	.Linfo_string13                 @ DW_AT_name
	.long	208                             @ DW_AT_type
	.byte	1                               @ DW_AT_decl_file
	.byte	95                              @ DW_AT_decl_line
	.byte	5                               @ DW_AT_location
	.byte	3
	.long	g_ICE_Connected
	.byte	13                              @ Abbrev [13] 0xd0:0x5 DW_TAG_volatile_type
	.long	213                             @ DW_AT_type
	.byte	8                               @ Abbrev [8] 0xd5:0xb DW_TAG_typedef
	.long	224                             @ DW_AT_type
	.long	.Linfo_string15                 @ DW_AT_name
	.byte	3                               @ DW_AT_decl_file
	.byte	58                              @ DW_AT_decl_line
	.byte	5                               @ Abbrev [5] 0xe0:0x7 DW_TAG_base_type
	.long	.Linfo_string14                 @ DW_AT_name
	.byte	5                               @ DW_AT_encoding
	.byte	4                               @ DW_AT_byte_size
	.byte	14                              @ Abbrev [14] 0xe7:0x5 DW_TAG_pointer_type
	.long	236                             @ DW_AT_type
	.byte	8                               @ Abbrev [8] 0xec:0xb DW_TAG_typedef
	.long	247                             @ DW_AT_type
	.long	.Linfo_string17                 @ DW_AT_name
	.byte	3                               @ DW_AT_decl_file
	.byte	64                              @ DW_AT_decl_line
	.byte	5                               @ Abbrev [5] 0xf7:0x7 DW_TAG_base_type
	.long	.Linfo_string16                 @ DW_AT_name
	.byte	7                               @ DW_AT_encoding
	.byte	4                               @ DW_AT_byte_size
	.byte	14                              @ Abbrev [14] 0xfe:0x5 DW_TAG_pointer_type
	.long	259                             @ DW_AT_type
	.byte	15                              @ Abbrev [15] 0x103:0xc DW_TAG_typedef
	.long	271                             @ DW_AT_type
	.long	.Linfo_string20                 @ DW_AT_name
	.byte	4                               @ DW_AT_decl_file
	.short	416                             @ DW_AT_decl_line
	.byte	13                              @ Abbrev [13] 0x10f:0x5 DW_TAG_volatile_type
	.long	276                             @ DW_AT_type
	.byte	8                               @ Abbrev [8] 0x114:0xb DW_TAG_typedef
	.long	287                             @ DW_AT_type
	.long	.Linfo_string19                 @ DW_AT_name
	.byte	3                               @ DW_AT_decl_file
	.byte	63                              @ DW_AT_decl_line
	.byte	5                               @ Abbrev [5] 0x11f:0x7 DW_TAG_base_type
	.long	.Linfo_string18                 @ DW_AT_name
	.byte	7                               @ DW_AT_encoding
	.byte	2                               @ DW_AT_byte_size
	.byte	14                              @ Abbrev [14] 0x126:0x5 DW_TAG_pointer_type
	.long	299                             @ DW_AT_type
	.byte	15                              @ Abbrev [15] 0x12b:0xc DW_TAG_typedef
	.long	311                             @ DW_AT_type
	.long	.Linfo_string40                 @ DW_AT_name
	.byte	5                               @ DW_AT_decl_file
	.short	868                             @ DW_AT_decl_line
	.byte	16                              @ Abbrev [16] 0x137:0xfc DW_TAG_structure_type
	.byte	76                              @ DW_AT_byte_size
	.byte	5                               @ DW_AT_decl_file
	.byte	28                              @ DW_AT_decl_line
	.byte	17                              @ Abbrev [17] 0x13b:0xd DW_TAG_member
	.long	.Linfo_string21                 @ DW_AT_name
	.long	563                             @ DW_AT_type
	.byte	5                               @ DW_AT_decl_file
	.short	848                             @ DW_AT_decl_line
	.byte	0                               @ DW_AT_data_member_location
	.byte	17                              @ Abbrev [17] 0x148:0xd DW_TAG_member
	.long	.Linfo_string22                 @ DW_AT_name
	.long	563                             @ DW_AT_type
	.byte	5                               @ DW_AT_decl_file
	.short	849                             @ DW_AT_decl_line
	.byte	4                               @ DW_AT_data_member_location
	.byte	17                              @ Abbrev [17] 0x155:0xd DW_TAG_member
	.long	.Linfo_string23                 @ DW_AT_name
	.long	563                             @ DW_AT_type
	.byte	5                               @ DW_AT_decl_file
	.short	850                             @ DW_AT_decl_line
	.byte	8                               @ DW_AT_data_member_location
	.byte	17                              @ Abbrev [17] 0x162:0xd DW_TAG_member
	.long	.Linfo_string24                 @ DW_AT_name
	.long	563                             @ DW_AT_type
	.byte	5                               @ DW_AT_decl_file
	.short	851                             @ DW_AT_decl_line
	.byte	12                              @ DW_AT_data_member_location
	.byte	17                              @ Abbrev [17] 0x16f:0xd DW_TAG_member
	.long	.Linfo_string25                 @ DW_AT_name
	.long	563                             @ DW_AT_type
	.byte	5                               @ DW_AT_decl_file
	.short	852                             @ DW_AT_decl_line
	.byte	16                              @ DW_AT_data_member_location
	.byte	17                              @ Abbrev [17] 0x17c:0xd DW_TAG_member
	.long	.Linfo_string26                 @ DW_AT_name
	.long	563                             @ DW_AT_type
	.byte	5                               @ DW_AT_decl_file
	.short	853                             @ DW_AT_decl_line
	.byte	20                              @ DW_AT_data_member_location
	.byte	17                              @ Abbrev [17] 0x189:0xd DW_TAG_member
	.long	.Linfo_string27                 @ DW_AT_name
	.long	563                             @ DW_AT_type
	.byte	5                               @ DW_AT_decl_file
	.short	854                             @ DW_AT_decl_line
	.byte	24                              @ DW_AT_data_member_location
	.byte	17                              @ Abbrev [17] 0x196:0xd DW_TAG_member
	.long	.Linfo_string28                 @ DW_AT_name
	.long	563                             @ DW_AT_type
	.byte	5                               @ DW_AT_decl_file
	.short	855                             @ DW_AT_decl_line
	.byte	28                              @ DW_AT_data_member_location
	.byte	17                              @ Abbrev [17] 0x1a3:0xd DW_TAG_member
	.long	.Linfo_string29                 @ DW_AT_name
	.long	563                             @ DW_AT_type
	.byte	5                               @ DW_AT_decl_file
	.short	856                             @ DW_AT_decl_line
	.byte	32                              @ DW_AT_data_member_location
	.byte	17                              @ Abbrev [17] 0x1b0:0xd DW_TAG_member
	.long	.Linfo_string30                 @ DW_AT_name
	.long	563                             @ DW_AT_type
	.byte	5                               @ DW_AT_decl_file
	.short	857                             @ DW_AT_decl_line
	.byte	36                              @ DW_AT_data_member_location
	.byte	17                              @ Abbrev [17] 0x1bd:0xd DW_TAG_member
	.long	.Linfo_string31                 @ DW_AT_name
	.long	563                             @ DW_AT_type
	.byte	5                               @ DW_AT_decl_file
	.short	858                             @ DW_AT_decl_line
	.byte	40                              @ DW_AT_data_member_location
	.byte	17                              @ Abbrev [17] 0x1ca:0xd DW_TAG_member
	.long	.Linfo_string32                 @ DW_AT_name
	.long	563                             @ DW_AT_type
	.byte	5                               @ DW_AT_decl_file
	.short	859                             @ DW_AT_decl_line
	.byte	44                              @ DW_AT_data_member_location
	.byte	17                              @ Abbrev [17] 0x1d7:0xd DW_TAG_member
	.long	.Linfo_string33                 @ DW_AT_name
	.long	563                             @ DW_AT_type
	.byte	5                               @ DW_AT_decl_file
	.short	860                             @ DW_AT_decl_line
	.byte	48                              @ DW_AT_data_member_location
	.byte	17                              @ Abbrev [17] 0x1e4:0xd DW_TAG_member
	.long	.Linfo_string34                 @ DW_AT_name
	.long	563                             @ DW_AT_type
	.byte	5                               @ DW_AT_decl_file
	.short	861                             @ DW_AT_decl_line
	.byte	52                              @ DW_AT_data_member_location
	.byte	17                              @ Abbrev [17] 0x1f1:0xd DW_TAG_member
	.long	.Linfo_string35                 @ DW_AT_name
	.long	563                             @ DW_AT_type
	.byte	5                               @ DW_AT_decl_file
	.short	862                             @ DW_AT_decl_line
	.byte	56                              @ DW_AT_data_member_location
	.byte	17                              @ Abbrev [17] 0x1fe:0xd DW_TAG_member
	.long	.Linfo_string36                 @ DW_AT_name
	.long	563                             @ DW_AT_type
	.byte	5                               @ DW_AT_decl_file
	.short	863                             @ DW_AT_decl_line
	.byte	60                              @ DW_AT_data_member_location
	.byte	17                              @ Abbrev [17] 0x20b:0xd DW_TAG_member
	.long	.Linfo_string37                 @ DW_AT_name
	.long	563                             @ DW_AT_type
	.byte	5                               @ DW_AT_decl_file
	.short	864                             @ DW_AT_decl_line
	.byte	64                              @ DW_AT_data_member_location
	.byte	17                              @ Abbrev [17] 0x218:0xd DW_TAG_member
	.long	.Linfo_string38                 @ DW_AT_name
	.long	563                             @ DW_AT_type
	.byte	5                               @ DW_AT_decl_file
	.short	865                             @ DW_AT_decl_line
	.byte	68                              @ DW_AT_data_member_location
	.byte	17                              @ Abbrev [17] 0x225:0xd DW_TAG_member
	.long	.Linfo_string39                 @ DW_AT_name
	.long	563                             @ DW_AT_type
	.byte	5                               @ DW_AT_decl_file
	.short	866                             @ DW_AT_decl_line
	.byte	72                              @ DW_AT_data_member_location
	.byte	0                               @ End Of Children Mark
	.byte	13                              @ Abbrev [13] 0x233:0x5 DW_TAG_volatile_type
	.long	236                             @ DW_AT_type
	.byte	18                              @ Abbrev [18] 0x238:0x40 DW_TAG_subprogram
	.long	.Lfunc_begin0                   @ DW_AT_low_pc
	.long	.Lfunc_end0-.Lfunc_begin0       @ DW_AT_high_pc
	.byte	1                               @ DW_AT_frame_base
	.byte	93
	.long	.Linfo_string41                 @ DW_AT_name
	.byte	1                               @ DW_AT_decl_file
	.byte	172                             @ DW_AT_decl_line
                                        @ DW_AT_prototyped
	.long	213                             @ DW_AT_type
                                        @ DW_AT_external
	.byte	19                              @ Abbrev [19] 0x24d:0xe DW_TAG_formal_parameter
	.byte	2                               @ DW_AT_location
	.byte	145
	.byte	8
	.long	.Linfo_string53                 @ DW_AT_name
	.byte	1                               @ DW_AT_decl_file
	.byte	172                             @ DW_AT_decl_line
	.long	213                             @ DW_AT_type
	.byte	19                              @ Abbrev [19] 0x25b:0xe DW_TAG_formal_parameter
	.byte	2                               @ DW_AT_location
	.byte	145
	.byte	4
	.long	.Linfo_string54                 @ DW_AT_name
	.byte	1                               @ DW_AT_decl_file
	.byte	172                             @ DW_AT_decl_line
	.long	213                             @ DW_AT_type
	.byte	19                              @ Abbrev [19] 0x269:0xe DW_TAG_formal_parameter
	.byte	2                               @ DW_AT_location
	.byte	145
	.byte	0
	.long	.Linfo_string55                 @ DW_AT_name
	.byte	1                               @ DW_AT_decl_file
	.byte	172                             @ DW_AT_decl_line
	.long	1053                            @ DW_AT_type
	.byte	0                               @ End Of Children Mark
	.byte	18                              @ Abbrev [18] 0x278:0x5c DW_TAG_subprogram
	.long	.Lfunc_begin1                   @ DW_AT_low_pc
	.long	.Lfunc_end1-.Lfunc_begin1       @ DW_AT_high_pc
	.byte	1                               @ DW_AT_frame_base
	.byte	93
	.long	.Linfo_string42                 @ DW_AT_name
	.byte	1                               @ DW_AT_decl_file
	.byte	186                             @ DW_AT_decl_line
                                        @ DW_AT_prototyped
	.long	236                             @ DW_AT_type
                                        @ DW_AT_external
	.byte	19                              @ Abbrev [19] 0x28d:0xe DW_TAG_formal_parameter
	.byte	2                               @ DW_AT_location
	.byte	145
	.byte	16
	.long	.Linfo_string56                 @ DW_AT_name
	.byte	1                               @ DW_AT_decl_file
	.byte	186                             @ DW_AT_decl_line
	.long	236                             @ DW_AT_type
	.byte	19                              @ Abbrev [19] 0x29b:0xe DW_TAG_formal_parameter
	.byte	2                               @ DW_AT_location
	.byte	145
	.byte	12
	.long	.Linfo_string57                 @ DW_AT_name
	.byte	1                               @ DW_AT_decl_file
	.byte	186                             @ DW_AT_decl_line
	.long	236                             @ DW_AT_type
	.byte	19                              @ Abbrev [19] 0x2a9:0xe DW_TAG_formal_parameter
	.byte	2                               @ DW_AT_location
	.byte	145
	.byte	8
	.long	.Linfo_string58                 @ DW_AT_name
	.byte	1                               @ DW_AT_decl_file
	.byte	186                             @ DW_AT_decl_line
	.long	236                             @ DW_AT_type
	.byte	20                              @ Abbrev [20] 0x2b7:0xe DW_TAG_variable
	.byte	2                               @ DW_AT_location
	.byte	145
	.byte	4
	.long	.Linfo_string59                 @ DW_AT_name
	.byte	1                               @ DW_AT_decl_file
	.byte	188                             @ DW_AT_decl_line
	.long	231                             @ DW_AT_type
	.byte	20                              @ Abbrev [20] 0x2c5:0xe DW_TAG_variable
	.byte	2                               @ DW_AT_location
	.byte	145
	.byte	0
	.long	.Linfo_string60                 @ DW_AT_name
	.byte	1                               @ DW_AT_decl_file
	.byte	189                             @ DW_AT_decl_line
	.long	236                             @ DW_AT_type
	.byte	0                               @ End Of Children Mark
	.byte	21                              @ Abbrev [21] 0x2d4:0x20 DW_TAG_subprogram
	.long	.Lfunc_begin2                   @ DW_AT_low_pc
	.long	.Lfunc_end2-.Lfunc_begin2       @ DW_AT_high_pc
	.byte	1                               @ DW_AT_frame_base
	.byte	93
	.long	.Linfo_string43                 @ DW_AT_name
	.byte	1                               @ DW_AT_decl_file
	.byte	104                             @ DW_AT_decl_line
                                        @ DW_AT_prototyped
	.byte	19                              @ Abbrev [19] 0x2e5:0xe DW_TAG_formal_parameter
	.byte	2                               @ DW_AT_location
	.byte	145
	.byte	0
	.long	.Linfo_string61                 @ DW_AT_name
	.byte	1                               @ DW_AT_decl_file
	.byte	104                             @ DW_AT_decl_line
	.long	231                             @ DW_AT_type
	.byte	0                               @ End Of Children Mark
	.byte	22                              @ Abbrev [22] 0x2f4:0x22 DW_TAG_subprogram
	.long	.Lfunc_begin3                   @ DW_AT_low_pc
	.long	.Lfunc_end3-.Lfunc_begin3       @ DW_AT_high_pc
	.byte	1                               @ DW_AT_frame_base
	.byte	93
	.long	.Linfo_string44                 @ DW_AT_name
	.byte	1                               @ DW_AT_decl_file
	.short	256                             @ DW_AT_decl_line
                                        @ DW_AT_prototyped
                                        @ DW_AT_external
	.byte	23                              @ Abbrev [23] 0x306:0xf DW_TAG_formal_parameter
	.byte	2                               @ DW_AT_location
	.byte	145
	.byte	0
	.long	.Linfo_string62                 @ DW_AT_name
	.byte	1                               @ DW_AT_decl_file
	.short	256                             @ DW_AT_decl_line
	.long	224                             @ DW_AT_type
	.byte	0                               @ End Of Children Mark
	.byte	22                              @ Abbrev [22] 0x316:0x22 DW_TAG_subprogram
	.long	.Lfunc_begin4                   @ DW_AT_low_pc
	.long	.Lfunc_end4-.Lfunc_begin4       @ DW_AT_high_pc
	.byte	1                               @ DW_AT_frame_base
	.byte	93
	.long	.Linfo_string45                 @ DW_AT_name
	.byte	1                               @ DW_AT_decl_file
	.short	346                             @ DW_AT_decl_line
                                        @ DW_AT_prototyped
                                        @ DW_AT_external
	.byte	23                              @ Abbrev [23] 0x328:0xf DW_TAG_formal_parameter
	.byte	2                               @ DW_AT_location
	.byte	145
	.byte	4
	.long	.Linfo_string62                 @ DW_AT_name
	.byte	1                               @ DW_AT_decl_file
	.short	346                             @ DW_AT_decl_line
	.long	224                             @ DW_AT_type
	.byte	0                               @ End Of Children Mark
	.byte	24                              @ Abbrev [24] 0x338:0x16 DW_TAG_subprogram
	.long	.Lfunc_begin5                   @ DW_AT_low_pc
	.long	.Lfunc_end5-.Lfunc_begin5       @ DW_AT_high_pc
	.byte	1                               @ DW_AT_frame_base
	.byte	93
	.long	.Linfo_string46                 @ DW_AT_name
	.byte	1                               @ DW_AT_decl_file
	.short	392                             @ DW_AT_decl_line
                                        @ DW_AT_prototyped
	.long	63                              @ DW_AT_type
                                        @ DW_AT_external
	.byte	24                              @ Abbrev [24] 0x34e:0x16 DW_TAG_subprogram
	.long	.Lfunc_begin6                   @ DW_AT_low_pc
	.long	.Lfunc_end6-.Lfunc_begin6       @ DW_AT_high_pc
	.byte	1                               @ DW_AT_frame_base
	.byte	93
	.long	.Linfo_string47                 @ DW_AT_name
	.byte	1                               @ DW_AT_decl_file
	.short	464                             @ DW_AT_decl_line
                                        @ DW_AT_prototyped
	.long	224                             @ DW_AT_type
                                        @ DW_AT_external
	.byte	24                              @ Abbrev [24] 0x364:0x16 DW_TAG_subprogram
	.long	.Lfunc_begin7                   @ DW_AT_low_pc
	.long	.Lfunc_end7-.Lfunc_begin7       @ DW_AT_high_pc
	.byte	1                               @ DW_AT_frame_base
	.byte	93
	.long	.Linfo_string48                 @ DW_AT_name
	.byte	1                               @ DW_AT_decl_file
	.short	478                             @ DW_AT_decl_line
                                        @ DW_AT_prototyped
	.long	224                             @ DW_AT_type
                                        @ DW_AT_external
	.byte	22                              @ Abbrev [22] 0x37a:0x22 DW_TAG_subprogram
	.long	.Lfunc_begin8                   @ DW_AT_low_pc
	.long	.Lfunc_end8-.Lfunc_begin8       @ DW_AT_high_pc
	.byte	1                               @ DW_AT_frame_base
	.byte	93
	.long	.Linfo_string49                 @ DW_AT_name
	.byte	1                               @ DW_AT_decl_file
	.short	491                             @ DW_AT_decl_line
                                        @ DW_AT_prototyped
                                        @ DW_AT_external
	.byte	23                              @ Abbrev [23] 0x38c:0xf DW_TAG_formal_parameter
	.byte	2                               @ DW_AT_location
	.byte	145
	.byte	4
	.long	.Linfo_string62                 @ DW_AT_name
	.byte	1                               @ DW_AT_decl_file
	.short	491                             @ DW_AT_decl_line
	.long	224                             @ DW_AT_type
	.byte	0                               @ End Of Children Mark
	.byte	25                              @ Abbrev [25] 0x39c:0x35 DW_TAG_subprogram
	.long	.Lfunc_begin9                   @ DW_AT_low_pc
	.long	.Lfunc_end9-.Lfunc_begin9       @ DW_AT_high_pc
	.byte	1                               @ DW_AT_frame_base
	.byte	93
	.long	.Linfo_string50                 @ DW_AT_name
	.byte	1                               @ DW_AT_decl_file
	.short	546                             @ DW_AT_decl_line
                                        @ DW_AT_prototyped
	.long	224                             @ DW_AT_type
                                        @ DW_AT_external
	.byte	23                              @ Abbrev [23] 0x3b2:0xf DW_TAG_formal_parameter
	.byte	2                               @ DW_AT_location
	.byte	145
	.byte	4
	.long	.Linfo_string62                 @ DW_AT_name
	.byte	1                               @ DW_AT_decl_file
	.short	546                             @ DW_AT_decl_line
	.long	224                             @ DW_AT_type
	.byte	23                              @ Abbrev [23] 0x3c1:0xf DW_TAG_formal_parameter
	.byte	2                               @ DW_AT_location
	.byte	145
	.byte	0
	.long	.Linfo_string63                 @ DW_AT_name
	.byte	1                               @ DW_AT_decl_file
	.short	546                             @ DW_AT_decl_line
	.long	1058                            @ DW_AT_type
	.byte	0                               @ End Of Children Mark
	.byte	25                              @ Abbrev [25] 0x3d1:0x26 DW_TAG_subprogram
	.long	.Lfunc_begin10                  @ DW_AT_low_pc
	.long	.Lfunc_end10-.Lfunc_begin10     @ DW_AT_high_pc
	.byte	1                               @ DW_AT_frame_base
	.byte	93
	.long	.Linfo_string51                 @ DW_AT_name
	.byte	1                               @ DW_AT_decl_file
	.short	638                             @ DW_AT_decl_line
                                        @ DW_AT_prototyped
	.long	224                             @ DW_AT_type
                                        @ DW_AT_external
	.byte	23                              @ Abbrev [23] 0x3e7:0xf DW_TAG_formal_parameter
	.byte	2                               @ DW_AT_location
	.byte	145
	.byte	4
	.long	.Linfo_string63                 @ DW_AT_name
	.byte	1                               @ DW_AT_decl_file
	.short	638                             @ DW_AT_decl_line
	.long	1058                            @ DW_AT_type
	.byte	0                               @ End Of Children Mark
	.byte	25                              @ Abbrev [25] 0x3f7:0x26 DW_TAG_subprogram
	.long	.Lfunc_begin11                  @ DW_AT_low_pc
	.long	.Lfunc_end11-.Lfunc_begin11     @ DW_AT_high_pc
	.byte	1                               @ DW_AT_frame_base
	.byte	93
	.long	.Linfo_string52                 @ DW_AT_name
	.byte	1                               @ DW_AT_decl_file
	.short	658                             @ DW_AT_decl_line
                                        @ DW_AT_prototyped
	.long	224                             @ DW_AT_type
                                        @ DW_AT_external
	.byte	23                              @ Abbrev [23] 0x40d:0xf DW_TAG_formal_parameter
	.byte	2                               @ DW_AT_location
	.byte	145
	.byte	0
	.long	.Linfo_string63                 @ DW_AT_name
	.byte	1                               @ DW_AT_decl_file
	.short	658                             @ DW_AT_decl_line
	.long	1058                            @ DW_AT_type
	.byte	0                               @ End Of Children Mark
	.byte	14                              @ Abbrev [14] 0x41d:0x5 DW_TAG_pointer_type
	.long	213                             @ DW_AT_type
	.byte	14                              @ Abbrev [14] 0x422:0x5 DW_TAG_pointer_type
	.long	94                              @ DW_AT_type
	.byte	0                               @ End Of Children Mark
.Ldebug_info_end0:
	.section	.debug_ranges,"",%progbits
.Ldebug_ranges0:
	.long	.Lfunc_begin0
	.long	.Lfunc_end0
	.long	.Lfunc_begin1
	.long	.Lfunc_end1
	.long	.Lfunc_begin2
	.long	.Lfunc_end2
	.long	.Lfunc_begin3
	.long	.Lfunc_end3
	.long	.Lfunc_begin4
	.long	.Lfunc_end4
	.long	.Lfunc_begin5
	.long	.Lfunc_end5
	.long	.Lfunc_begin6
	.long	.Lfunc_end6
	.long	.Lfunc_begin7
	.long	.Lfunc_end7
	.long	.Lfunc_begin8
	.long	.Lfunc_end8
	.long	.Lfunc_begin9
	.long	.Lfunc_end9
	.long	.Lfunc_begin10
	.long	.Lfunc_end10
	.long	.Lfunc_begin11
	.long	.Lfunc_end11
	.long	0
	.long	0
	.section	.debug_str,"MS",%progbits,1
.Linfo_string0:
	.asciz	"Component: Arm Compiler for Embedded 6.19 Tool: armclang [5e73cb00]" @ string offset=0
.Linfo_string1:
	.asciz	"../../../../Library/StdDriver/src\\retarget.c" @ string offset=68
.Linfo_string2:
	.asciz	"E:\\ROBOCON2024\\01. Coding\\Nuvoton\\demo_robot_3wheel\\SampleCode\\NuCodeGen\\DemoCodeGen\\KEIL" @ string offset=113
.Linfo_string3:
	.asciz	"char"                          @ string offset=203
.Linfo_string4:
	.asciz	"__ARRAY_SIZE_TYPE__"           @ string offset=208
.Linfo_string5:
	.asciz	"__stdout"                      @ string offset=228
.Linfo_string6:
	.asciz	"__FILE_opaque"                 @ string offset=237
.Linfo_string7:
	.asciz	"__FILE_alignment"              @ string offset=251
.Linfo_string8:
	.asciz	"long"                          @ string offset=268
.Linfo_string9:
	.asciz	"__FILE_size"                   @ string offset=273
.Linfo_string10:
	.asciz	"__FILE"                        @ string offset=285
.Linfo_string11:
	.asciz	"FILE"                          @ string offset=292
.Linfo_string12:
	.asciz	"__stdin"                       @ string offset=297
.Linfo_string13:
	.asciz	"g_ICE_Connected"               @ string offset=305
.Linfo_string14:
	.asciz	"int"                           @ string offset=321
.Linfo_string15:
	.asciz	"int32_t"                       @ string offset=325
.Linfo_string16:
	.asciz	"unsigned int"                  @ string offset=333
.Linfo_string17:
	.asciz	"uint32_t"                      @ string offset=346
.Linfo_string18:
	.asciz	"unsigned short"                @ string offset=355
.Linfo_string19:
	.asciz	"uint16_t"                      @ string offset=370
.Linfo_string20:
	.asciz	"vu16"                          @ string offset=379
.Linfo_string21:
	.asciz	"DAT"                           @ string offset=384
.Linfo_string22:
	.asciz	"INTEN"                         @ string offset=388
.Linfo_string23:
	.asciz	"FIFO"                          @ string offset=394
.Linfo_string24:
	.asciz	"LINE"                          @ string offset=399
.Linfo_string25:
	.asciz	"MODEM"                         @ string offset=404
.Linfo_string26:
	.asciz	"MODEMSTS"                      @ string offset=410
.Linfo_string27:
	.asciz	"FIFOSTS"                       @ string offset=419
.Linfo_string28:
	.asciz	"INTSTS"                        @ string offset=427
.Linfo_string29:
	.asciz	"TOUT"                          @ string offset=434
.Linfo_string30:
	.asciz	"BAUD"                          @ string offset=439
.Linfo_string31:
	.asciz	"IRDA"                          @ string offset=444
.Linfo_string32:
	.asciz	"ALTCTL"                        @ string offset=449
.Linfo_string33:
	.asciz	"FUNCSEL"                       @ string offset=456
.Linfo_string34:
	.asciz	"LINCTL"                        @ string offset=464
.Linfo_string35:
	.asciz	"LINSTS"                        @ string offset=471
.Linfo_string36:
	.asciz	"BRCOMP"                        @ string offset=478
.Linfo_string37:
	.asciz	"WKCTL"                         @ string offset=485
.Linfo_string38:
	.asciz	"WKSTS"                         @ string offset=491
.Linfo_string39:
	.asciz	"DWKCOMP"                       @ string offset=497
.Linfo_string40:
	.asciz	"UART_T"                        @ string offset=505
.Linfo_string41:
	.asciz	"SH_Return"                     @ string offset=512
.Linfo_string42:
	.asciz	"ProcessHardFault"              @ string offset=522
.Linfo_string43:
	.asciz	"DumpStack"                     @ string offset=539
.Linfo_string44:
	.asciz	"SendChar_ToUART"               @ string offset=549
.Linfo_string45:
	.asciz	"SendChar"                      @ string offset=565
.Linfo_string46:
	.asciz	"GetChar"                       @ string offset=574
.Linfo_string47:
	.asciz	"kbhit"                         @ string offset=582
.Linfo_string48:
	.asciz	"IsDebugFifoEmpty"              @ string offset=588
.Linfo_string49:
	.asciz	"_ttywrch"                      @ string offset=605
.Linfo_string50:
	.asciz	"fputc"                         @ string offset=614
.Linfo_string51:
	.asciz	"fgetc"                         @ string offset=620
.Linfo_string52:
	.asciz	"ferror"                        @ string offset=626
.Linfo_string53:
	.asciz	"n32In_R0"                      @ string offset=633
.Linfo_string54:
	.asciz	"n32In_R1"                      @ string offset=642
.Linfo_string55:
	.asciz	"pn32Out_R0"                    @ string offset=651
.Linfo_string56:
	.asciz	"lr"                            @ string offset=662
.Linfo_string57:
	.asciz	"msp"                           @ string offset=665
.Linfo_string58:
	.asciz	"psp"                           @ string offset=669
.Linfo_string59:
	.asciz	"sp"                            @ string offset=673
.Linfo_string60:
	.asciz	"inst"                          @ string offset=676
.Linfo_string61:
	.asciz	"stack"                         @ string offset=681
.Linfo_string62:
	.asciz	"ch"                            @ string offset=687
.Linfo_string63:
	.asciz	"stream"                        @ string offset=690
	.ident	"Component: Arm Compiler for Embedded 6.19 Tool: armclang [5e73cb00]"
	.section	".note.GNU-stack","",%progbits
	.eabi_attribute	30, 6	@ Tag_ABI_optimization_goals
	.ARM_attribute	16, 1	@ Tag_AV_eba
	.section	.debug_line,"",%progbits
.Lline_table_start0:
