	.text
	.syntax unified
	.eabi_attribute	67, "2.09"	@ Tag_conformance
	.cpu	cortex-m23
	.eabi_attribute	6, 16	@ Tag_CPU_arch
	.eabi_attribute	7, 77	@ Tag_CPU_arch_profile
	.eabi_attribute	8, 0	@ Tag_ARM_ISA_use
	.eabi_attribute	9, 3	@ Tag_THUMB_ISA_use
	.eabi_attribute	34, 0	@ Tag_CPU_unaligned_access
	.eabi_attribute	17, 1	@ Tag_ABI_PCS_GOT_use
	.eabi_attribute	20, 2	@ Tag_ABI_FP_denormal
	.eabi_attribute	21, 0	@ Tag_ABI_FP_exceptions
	.eabi_attribute	23, 1	@ Tag_ABI_FP_number_model
	.eabi_attribute	24, 1	@ Tag_ABI_align_needed
	.eabi_attribute	25, 1	@ Tag_ABI_align_preserved
	.eabi_attribute	38, 1	@ Tag_ABI_FP_16bit_format
	.eabi_attribute	18, 2	@ Tag_ABI_PCS_wchar_t
	.eabi_attribute	26, 1	@ Tag_ABI_enum_size
	.eabi_attribute	14, 0	@ Tag_ABI_PCS_R9_use
	.file	"system_M251.c"
	.file	1 "C:\\Keil_v5\\ARM\\ARMCLANG\\Bin\\..\\include" "stdint.h"
	.file	2 "E:\\ROBOCON2024\\01. Coding\\Nuvoton\\demo_robot_3wheel\\SampleCode\\NuCodeGen\\DemoCodeGen\\KEIL" "../../../../Library/Device/Nuvoton/M251/Source/system_M251.c"
	.file	3 "E:\\ROBOCON2024\\01. Coding\\Nuvoton\\demo_robot_3wheel\\SampleCode\\NuCodeGen\\DemoCodeGen\\KEIL" "../../../../Library/Device/Nuvoton/M251/Include/clk_reg.h"
	.file	4 "E:\\ROBOCON2024\\01. Coding\\Nuvoton\\demo_robot_3wheel\\SampleCode\\NuCodeGen\\DemoCodeGen\\KEIL" "../../../../Library/Device/Nuvoton/M251/Include/fmc_reg.h"
	.file	5 "E:\\ROBOCON2024\\01. Coding\\Nuvoton\\demo_robot_3wheel\\SampleCode\\NuCodeGen\\DemoCodeGen\\KEIL" "../../../../Library/CMSIS/Include\\core_cm23.h"
	.file	6 "E:\\ROBOCON2024\\01. Coding\\Nuvoton\\demo_robot_3wheel\\SampleCode\\NuCodeGen\\DemoCodeGen\\KEIL" "../../../../Library/Device/Nuvoton/M251/Include/sys_reg.h"
	.section	.text.SystemCoreClockUpdate,"ax",%progbits
	.hidden	SystemCoreClockUpdate           @ -- Begin function SystemCoreClockUpdate
	.globl	SystemCoreClockUpdate
	.p2align	2
	.type	SystemCoreClockUpdate,%function
	.code	16                              @ @SystemCoreClockUpdate
	.thumb_func
SystemCoreClockUpdate:
.Lfunc_begin0:
	.loc	2 38 0                          @ ../../../../Library/Device/Nuvoton/M251/Source/system_M251.c:38:0
	.fnstart
	.cfi_sections .debug_frame
	.cfi_startproc
@ %bb.0:
	.save	{r7, lr}
	push	{r7, lr}
	.cfi_def_cfa_offset 8
	.cfi_offset lr, -4
	.cfi_offset r7, -8
	.pad	#16
	sub	sp, #16
	.cfi_def_cfa_offset 24
	ldr	r0, __arm_cp.0_0
.Ltmp0:
	.loc	2 42 22 prologue_end            @ ../../../../Library/Device/Nuvoton/M251/Source/system_M251.c:42:22
	ldr	r0, [r0]
	movs	r1, #7
	.loc	2 42 30 is_stmt 0               @ ../../../../Library/Device/Nuvoton/M251/Source/system_M251.c:42:30
	ands	r0, r1
	.loc	2 42 15                         @ ../../../../Library/Device/Nuvoton/M251/Source/system_M251.c:42:15
	str	r0, [sp, #8]
	.loc	2 45 16 is_stmt 1               @ ../../../../Library/Device/Nuvoton/M251/Source/system_M251.c:45:16
	bl	CLK_GetPLLClockFreq
	.loc	2 45 14 is_stmt 0               @ ../../../../Library/Device/Nuvoton/M251/Source/system_M251.c:45:14
	ldr	r1, __arm_cp.0_1
	str	r0, [r1]
.Ltmp1:
	.loc	2 47 9 is_stmt 1                @ ../../../../Library/Device/Nuvoton/M251/Source/system_M251.c:47:9
	ldr	r0, [sp, #8]
.Ltmp2:
	.loc	2 47 9 is_stmt 0                @ ../../../../Library/Device/Nuvoton/M251/Source/system_M251.c:47:9
	cmp	r0, #2
	beq	.LBB0_2
	b	.LBB0_1
.LBB0_1:
.Ltmp3:
	.loc	2 50 34 is_stmt 1               @ ../../../../Library/Device/Nuvoton/M251/Source/system_M251.c:50:34
	ldr	r0, [sp, #8]
	.loc	2 50 19 is_stmt 0               @ ../../../../Library/Device/Nuvoton/M251/Source/system_M251.c:50:19
	lsls	r1, r0, #2
	ldr	r0, __arm_cp.0_2
	ldr	r0, [r0, r1]
	.loc	2 50 17                         @ ../../../../Library/Device/Nuvoton/M251/Source/system_M251.c:50:17
	str	r0, [sp, #12]
	.loc	2 51 5 is_stmt 1                @ ../../../../Library/Device/Nuvoton/M251/Source/system_M251.c:51:5
	b	.LBB0_3
.Ltmp4:
.LBB0_2:
	.loc	2 55 19                         @ ../../../../Library/Device/Nuvoton/M251/Source/system_M251.c:55:19
	ldr	r0, __arm_cp.0_1
	ldr	r0, [r0]
	.loc	2 55 17 is_stmt 0               @ ../../../../Library/Device/Nuvoton/M251/Source/system_M251.c:55:17
	str	r0, [sp, #12]
	b	.LBB0_3
.Ltmp5:
.LBB0_3:
	.loc	2 0 17                          @ ../../../../Library/Device/Nuvoton/M251/Source/system_M251.c:0:17
	ldr	r0, __arm_cp.0_3
	.loc	2 58 24 is_stmt 1               @ ../../../../Library/Device/Nuvoton/M251/Source/system_M251.c:58:24
	ldr	r0, [r0]
	movs	r1, #15
	.loc	2 58 32 is_stmt 0               @ ../../../../Library/Device/Nuvoton/M251/Source/system_M251.c:58:32
	ands	r0, r1
	.loc	2 58 59                         @ ../../../../Library/Device/Nuvoton/M251/Source/system_M251.c:58:59
	adds	r0, r0, #1
	.loc	2 58 16                         @ ../../../../Library/Device/Nuvoton/M251/Source/system_M251.c:58:16
	str	r0, [sp, #4]
	.loc	2 61 23 is_stmt 1               @ ../../../../Library/Device/Nuvoton/M251/Source/system_M251.c:61:23
	ldr	r0, [sp, #12]
	.loc	2 61 33 is_stmt 0               @ ../../../../Library/Device/Nuvoton/M251/Source/system_M251.c:61:33
	ldr	r1, [sp, #4]
	.loc	2 61 31                         @ ../../../../Library/Device/Nuvoton/M251/Source/system_M251.c:61:31
	udiv	r1, r0, r1
	.loc	2 61 21                         @ ../../../../Library/Device/Nuvoton/M251/Source/system_M251.c:61:21
	ldr	r0, __arm_cp.0_4
	str	r1, [r0]
	.loc	2 63 20 is_stmt 1               @ ../../../../Library/Device/Nuvoton/M251/Source/system_M251.c:63:20
	ldr	r0, [r0]
	ldr	r1, __arm_cp.0_5
	.loc	2 63 36 is_stmt 0               @ ../../../../Library/Device/Nuvoton/M251/Source/system_M251.c:63:36
	adds	r0, r0, r1
	ldr	r1, __arm_cp.0_6
	.loc	2 63 46                         @ ../../../../Library/Device/Nuvoton/M251/Source/system_M251.c:63:46
	udiv	r0, r0, r1
	.loc	2 63 17                         @ ../../../../Library/Device/Nuvoton/M251/Source/system_M251.c:63:17
	ldr	r1, __arm_cp.0_7
	str	r0, [r1]
	.loc	2 64 1 is_stmt 1                @ ../../../../Library/Device/Nuvoton/M251/Source/system_M251.c:64:1
	add	sp, #16
	pop	{r7, pc}
.Ltmp6:
	.p2align	2
@ %bb.4:
	.loc	2 0 1 is_stmt 0                 @ ../../../../Library/Device/Nuvoton/M251/Source/system_M251.c:0:1
__arm_cp.0_0:
	.long	1073742352                      @ 0x40000210
.Lcpi_end0:
	.size	__arm_cp.0_0, .Lcpi_end0-__arm_cp.0_0
__arm_cp.0_1:
	.long	PllClock
.Lcpi_end1:
	.size	__arm_cp.0_1, .Lcpi_end1-__arm_cp.0_1
__arm_cp.0_2:
	.long	gau32ClkSrcTbl
.Lcpi_end2:
	.size	__arm_cp.0_2, .Lcpi_end2-__arm_cp.0_2
__arm_cp.0_3:
	.long	1073742368                      @ 0x40000220
.Lcpi_end3:
	.size	__arm_cp.0_3, .Lcpi_end3-__arm_cp.0_3
__arm_cp.0_4:
	.long	SystemCoreClock
.Lcpi_end4:
	.size	__arm_cp.0_4, .Lcpi_end4-__arm_cp.0_4
__arm_cp.0_5:
	.long	500000                          @ 0x7a120
.Lcpi_end5:
	.size	__arm_cp.0_5, .Lcpi_end5-__arm_cp.0_5
__arm_cp.0_6:
	.long	1000000                         @ 0xf4240
.Lcpi_end6:
	.size	__arm_cp.0_6, .Lcpi_end6-__arm_cp.0_6
__arm_cp.0_7:
	.long	CyclesPerUs
.Lcpi_end7:
	.size	__arm_cp.0_7, .Lcpi_end7-__arm_cp.0_7
.Lfunc_end0:
	.size	SystemCoreClockUpdate, .Lfunc_end0-SystemCoreClockUpdate
	.cfi_endproc
	.cantunwind
	.fnend
                                        @ -- End function
	.section	.text.SystemInit,"ax",%progbits
	.hidden	SystemInit                      @ -- Begin function SystemInit
	.globl	SystemInit
	.p2align	2
	.type	SystemInit,%function
	.code	16                              @ @SystemInit
	.thumb_func
SystemInit:
.Lfunc_begin1:
	.loc	2 74 0 is_stmt 1                @ ../../../../Library/Device/Nuvoton/M251/Source/system_M251.c:74:0
	.fnstart
	.cfi_startproc
@ %bb.0:
	ldr	r1, __arm_cp.1_0
.Ltmp7:
	.loc	2 76 25 prologue_end            @ ../../../../Library/Device/Nuvoton/M251/Source/system_M251.c:76:25
	ldr	r0, [r1]
	movw	r2, #259
	.loc	2 76 32 is_stmt 0               @ ../../../../Library/Device/Nuvoton/M251/Source/system_M251.c:76:32
	orrs	r0, r2
	movs	r2, #12
	.loc	2 76 87                         @ ../../../../Library/Device/Nuvoton/M251/Source/system_M251.c:76:87
	bics	r0, r2
	.loc	2 76 17                         @ ../../../../Library/Device/Nuvoton/M251/Source/system_M251.c:76:17
	str	r0, [r1]
	.loc	2 79 15 is_stmt 1               @ ../../../../Library/Device/Nuvoton/M251/Source/system_M251.c:79:15
	ldr	r0, __arm_cp.1_1
	ldr	r1, __arm_cp.1_2
	str	r0, [r1]
	.loc	2 92 1                          @ ../../../../Library/Device/Nuvoton/M251/Source/system_M251.c:92:1
	bx	lr
.Ltmp8:
	.p2align	2
@ %bb.1:
	.loc	2 0 1 is_stmt 0                 @ ../../../../Library/Device/Nuvoton/M251/Source/system_M251.c:0:1
__arm_cp.1_0:
	.long	1073791052                      @ 0x4000c04c
.Lcpi_end8:
	.size	__arm_cp.1_0, .Lcpi_end8-__arm_cp.1_0
__arm_cp.1_1:
	.long	__Vectors
.Lcpi_end9:
	.size	__arm_cp.1_1, .Lcpi_end9-__arm_cp.1_1
__arm_cp.1_2:
	.long	3758157064                      @ 0xe000ed08
.Lcpi_end10:
	.size	__arm_cp.1_2, .Lcpi_end10-__arm_cp.1_2
.Lfunc_end1:
	.size	SystemInit, .Lfunc_end1-SystemInit
	.cfi_endproc
	.cantunwind
	.fnend
                                        @ -- End function
	.section	.text.Uart0DefaultMPF,"ax",%progbits
	.hidden	Uart0DefaultMPF                 @ -- Begin function Uart0DefaultMPF
	.weak	Uart0DefaultMPF
	.p2align	2
	.type	Uart0DefaultMPF,%function
	.code	16                              @ @Uart0DefaultMPF
	.thumb_func
Uart0DefaultMPF:
.Lfunc_begin2:
	.loc	2 127 0 is_stmt 1               @ ../../../../Library/Device/Nuvoton/M251/Source/system_M251.c:127:0
	.fnstart
	.cfi_startproc
@ %bb.0:
	.save	{r4, lr}
	push	{r4, lr}
	.cfi_def_cfa_offset 8
	.cfi_offset lr, -4
	.cfi_offset r4, -8
	ldr	r1, __arm_cp.2_0
.Ltmp9:
	.loc	2 130 27 prologue_end           @ ../../../../Library/Device/Nuvoton/M251/Source/system_M251.c:130:27
	ldr	r0, [r1]
	movs	r3, #15
	lsls	r2, r3, #16
	.loc	2 130 36 is_stmt 0              @ ../../../../Library/Device/Nuvoton/M251/Source/system_M251.c:130:36
	bics	r0, r2
	movs	r2, #3
	lsls	r4, r2, #17
	.loc	2 130 65                        @ ../../../../Library/Device/Nuvoton/M251/Source/system_M251.c:130:65
	adds	r0, r0, r4
	.loc	2 130 19                        @ ../../../../Library/Device/Nuvoton/M251/Source/system_M251.c:130:19
	str	r0, [r1]
	.loc	2 131 27 is_stmt 1              @ ../../../../Library/Device/Nuvoton/M251/Source/system_M251.c:131:27
	ldr	r0, [r1]
	lsls	r3, r3, #20
	.loc	2 131 36 is_stmt 0              @ ../../../../Library/Device/Nuvoton/M251/Source/system_M251.c:131:36
	bics	r0, r3
	lsls	r2, r2, #21
	.loc	2 131 65                        @ ../../../../Library/Device/Nuvoton/M251/Source/system_M251.c:131:65
	adds	r0, r0, r2
	.loc	2 131 19                        @ ../../../../Library/Device/Nuvoton/M251/Source/system_M251.c:131:19
	str	r0, [r1]
	.loc	2 133 1 is_stmt 1               @ ../../../../Library/Device/Nuvoton/M251/Source/system_M251.c:133:1
	pop	{r4, pc}
.Ltmp10:
	.p2align	2
@ %bb.1:
	.loc	2 0 1 is_stmt 0                 @ ../../../../Library/Device/Nuvoton/M251/Source/system_M251.c:0:1
__arm_cp.2_0:
	.long	1073741884                      @ 0x4000003c
.Lcpi_end11:
	.size	__arm_cp.2_0, .Lcpi_end11-__arm_cp.2_0
.Lfunc_end2:
	.size	Uart0DefaultMPF, .Lfunc_end2-Uart0DefaultMPF
	.cfi_endproc
	.cantunwind
	.fnend
                                        @ -- End function
	.hidden	SystemCoreClock                 @ @SystemCoreClock
	.type	SystemCoreClock,%object
	.section	.data.SystemCoreClock,"aw",%progbits
	.globl	SystemCoreClock
	.p2align	2, 0x0
SystemCoreClock:
	.long	48000000                        @ 0x2dc6c00
	.size	SystemCoreClock, 4

	.hidden	CyclesPerUs                     @ @CyclesPerUs
	.type	CyclesPerUs,%object
	.section	.data.CyclesPerUs,"aw",%progbits
	.globl	CyclesPerUs
	.p2align	2, 0x0
CyclesPerUs:
	.long	48                              @ 0x30
	.size	CyclesPerUs, 4

	.hidden	PllClock                        @ @PllClock
	.type	PllClock,%object
	.section	.data.PllClock,"aw",%progbits
	.globl	PllClock
	.p2align	2, 0x0
PllClock:
	.long	48000000                        @ 0x2dc6c00
	.size	PllClock, 4

	.hidden	gau32ClkSrcTbl                  @ @gau32ClkSrcTbl
	.type	gau32ClkSrcTbl,%object
	.section	.rodata.gau32ClkSrcTbl,"a",%progbits
	.globl	gau32ClkSrcTbl
	.p2align	2, 0x0
gau32ClkSrcTbl:
	.long	12000000                        @ 0xb71b00
	.long	32768                           @ 0x8000
	.long	0                               @ 0x0
	.long	38400                           @ 0x9600
	.long	0                               @ 0x0
	.long	4032000                         @ 0x3d8600
	.long	0                               @ 0x0
	.long	48000000                        @ 0x2dc6c00
	.size	gau32ClkSrcTbl, 32

	.section	.debug_abbrev,"",%progbits
	.byte	1                               @ Abbreviation Code
	.byte	17                              @ DW_TAG_compile_unit
	.byte	1                               @ DW_CHILDREN_yes
	.byte	37                              @ DW_AT_producer
	.byte	14                              @ DW_FORM_strp
	.byte	19                              @ DW_AT_language
	.byte	5                               @ DW_FORM_data2
	.byte	3                               @ DW_AT_name
	.byte	14                              @ DW_FORM_strp
	.byte	16                              @ DW_AT_stmt_list
	.byte	23                              @ DW_FORM_sec_offset
	.byte	27                              @ DW_AT_comp_dir
	.byte	14                              @ DW_FORM_strp
	.byte	17                              @ DW_AT_low_pc
	.byte	1                               @ DW_FORM_addr
	.byte	85                              @ DW_AT_ranges
	.byte	23                              @ DW_FORM_sec_offset
	.byte	0                               @ EOM(1)
	.byte	0                               @ EOM(2)
	.byte	2                               @ Abbreviation Code
	.byte	52                              @ DW_TAG_variable
	.byte	0                               @ DW_CHILDREN_no
	.byte	3                               @ DW_AT_name
	.byte	14                              @ DW_FORM_strp
	.byte	73                              @ DW_AT_type
	.byte	19                              @ DW_FORM_ref4
	.byte	63                              @ DW_AT_external
	.byte	25                              @ DW_FORM_flag_present
	.byte	58                              @ DW_AT_decl_file
	.byte	11                              @ DW_FORM_data1
	.byte	59                              @ DW_AT_decl_line
	.byte	11                              @ DW_FORM_data1
	.byte	2                               @ DW_AT_location
	.byte	24                              @ DW_FORM_exprloc
	.byte	0                               @ EOM(1)
	.byte	0                               @ EOM(2)
	.byte	3                               @ Abbreviation Code
	.byte	22                              @ DW_TAG_typedef
	.byte	0                               @ DW_CHILDREN_no
	.byte	73                              @ DW_AT_type
	.byte	19                              @ DW_FORM_ref4
	.byte	3                               @ DW_AT_name
	.byte	14                              @ DW_FORM_strp
	.byte	58                              @ DW_AT_decl_file
	.byte	11                              @ DW_FORM_data1
	.byte	59                              @ DW_AT_decl_line
	.byte	11                              @ DW_FORM_data1
	.byte	0                               @ EOM(1)
	.byte	0                               @ EOM(2)
	.byte	4                               @ Abbreviation Code
	.byte	36                              @ DW_TAG_base_type
	.byte	0                               @ DW_CHILDREN_no
	.byte	3                               @ DW_AT_name
	.byte	14                              @ DW_FORM_strp
	.byte	62                              @ DW_AT_encoding
	.byte	11                              @ DW_FORM_data1
	.byte	11                              @ DW_AT_byte_size
	.byte	11                              @ DW_FORM_data1
	.byte	0                               @ EOM(1)
	.byte	0                               @ EOM(2)
	.byte	5                               @ Abbreviation Code
	.byte	1                               @ DW_TAG_array_type
	.byte	1                               @ DW_CHILDREN_yes
	.byte	73                              @ DW_AT_type
	.byte	19                              @ DW_FORM_ref4
	.byte	0                               @ EOM(1)
	.byte	0                               @ EOM(2)
	.byte	6                               @ Abbreviation Code
	.byte	33                              @ DW_TAG_subrange_type
	.byte	0                               @ DW_CHILDREN_no
	.byte	73                              @ DW_AT_type
	.byte	19                              @ DW_FORM_ref4
	.byte	55                              @ DW_AT_count
	.byte	11                              @ DW_FORM_data1
	.byte	0                               @ EOM(1)
	.byte	0                               @ EOM(2)
	.byte	7                               @ Abbreviation Code
	.byte	38                              @ DW_TAG_const_type
	.byte	0                               @ DW_CHILDREN_no
	.byte	73                              @ DW_AT_type
	.byte	19                              @ DW_FORM_ref4
	.byte	0                               @ EOM(1)
	.byte	0                               @ EOM(2)
	.byte	8                               @ Abbreviation Code
	.byte	36                              @ DW_TAG_base_type
	.byte	0                               @ DW_CHILDREN_no
	.byte	3                               @ DW_AT_name
	.byte	14                              @ DW_FORM_strp
	.byte	11                              @ DW_AT_byte_size
	.byte	11                              @ DW_FORM_data1
	.byte	62                              @ DW_AT_encoding
	.byte	11                              @ DW_FORM_data1
	.byte	0                               @ EOM(1)
	.byte	0                               @ EOM(2)
	.byte	9                               @ Abbreviation Code
	.byte	15                              @ DW_TAG_pointer_type
	.byte	0                               @ DW_CHILDREN_no
	.byte	73                              @ DW_AT_type
	.byte	19                              @ DW_FORM_ref4
	.byte	0                               @ EOM(1)
	.byte	0                               @ EOM(2)
	.byte	10                              @ Abbreviation Code
	.byte	22                              @ DW_TAG_typedef
	.byte	0                               @ DW_CHILDREN_no
	.byte	73                              @ DW_AT_type
	.byte	19                              @ DW_FORM_ref4
	.byte	3                               @ DW_AT_name
	.byte	14                              @ DW_FORM_strp
	.byte	58                              @ DW_AT_decl_file
	.byte	11                              @ DW_FORM_data1
	.byte	59                              @ DW_AT_decl_line
	.byte	5                               @ DW_FORM_data2
	.byte	0                               @ EOM(1)
	.byte	0                               @ EOM(2)
	.byte	11                              @ Abbreviation Code
	.byte	19                              @ DW_TAG_structure_type
	.byte	1                               @ DW_CHILDREN_yes
	.byte	11                              @ DW_AT_byte_size
	.byte	11                              @ DW_FORM_data1
	.byte	58                              @ DW_AT_decl_file
	.byte	11                              @ DW_FORM_data1
	.byte	59                              @ DW_AT_decl_line
	.byte	11                              @ DW_FORM_data1
	.byte	0                               @ EOM(1)
	.byte	0                               @ EOM(2)
	.byte	12                              @ Abbreviation Code
	.byte	13                              @ DW_TAG_member
	.byte	0                               @ DW_CHILDREN_no
	.byte	3                               @ DW_AT_name
	.byte	14                              @ DW_FORM_strp
	.byte	73                              @ DW_AT_type
	.byte	19                              @ DW_FORM_ref4
	.byte	58                              @ DW_AT_decl_file
	.byte	11                              @ DW_FORM_data1
	.byte	59                              @ DW_AT_decl_line
	.byte	5                               @ DW_FORM_data2
	.byte	56                              @ DW_AT_data_member_location
	.byte	11                              @ DW_FORM_data1
	.byte	0                               @ EOM(1)
	.byte	0                               @ EOM(2)
	.byte	13                              @ Abbreviation Code
	.byte	53                              @ DW_TAG_volatile_type
	.byte	0                               @ DW_CHILDREN_no
	.byte	73                              @ DW_AT_type
	.byte	19                              @ DW_FORM_ref4
	.byte	0                               @ EOM(1)
	.byte	0                               @ EOM(2)
	.byte	14                              @ Abbreviation Code
	.byte	19                              @ DW_TAG_structure_type
	.byte	1                               @ DW_CHILDREN_yes
	.byte	11                              @ DW_AT_byte_size
	.byte	11                              @ DW_FORM_data1
	.byte	58                              @ DW_AT_decl_file
	.byte	11                              @ DW_FORM_data1
	.byte	59                              @ DW_AT_decl_line
	.byte	5                               @ DW_FORM_data2
	.byte	0                               @ EOM(1)
	.byte	0                               @ EOM(2)
	.byte	15                              @ Abbreviation Code
	.byte	19                              @ DW_TAG_structure_type
	.byte	1                               @ DW_CHILDREN_yes
	.byte	11                              @ DW_AT_byte_size
	.byte	5                               @ DW_FORM_data2
	.byte	58                              @ DW_AT_decl_file
	.byte	11                              @ DW_FORM_data1
	.byte	59                              @ DW_AT_decl_line
	.byte	11                              @ DW_FORM_data1
	.byte	0                               @ EOM(1)
	.byte	0                               @ EOM(2)
	.byte	16                              @ Abbreviation Code
	.byte	13                              @ DW_TAG_member
	.byte	0                               @ DW_CHILDREN_no
	.byte	3                               @ DW_AT_name
	.byte	14                              @ DW_FORM_strp
	.byte	73                              @ DW_AT_type
	.byte	19                              @ DW_FORM_ref4
	.byte	58                              @ DW_AT_decl_file
	.byte	11                              @ DW_FORM_data1
	.byte	59                              @ DW_AT_decl_line
	.byte	5                               @ DW_FORM_data2
	.byte	56                              @ DW_AT_data_member_location
	.byte	5                               @ DW_FORM_data2
	.byte	0                               @ EOM(1)
	.byte	0                               @ EOM(2)
	.byte	17                              @ Abbreviation Code
	.byte	46                              @ DW_TAG_subprogram
	.byte	1                               @ DW_CHILDREN_yes
	.byte	17                              @ DW_AT_low_pc
	.byte	1                               @ DW_FORM_addr
	.byte	18                              @ DW_AT_high_pc
	.byte	6                               @ DW_FORM_data4
	.byte	64                              @ DW_AT_frame_base
	.byte	24                              @ DW_FORM_exprloc
	.byte	3                               @ DW_AT_name
	.byte	14                              @ DW_FORM_strp
	.byte	58                              @ DW_AT_decl_file
	.byte	11                              @ DW_FORM_data1
	.byte	59                              @ DW_AT_decl_line
	.byte	11                              @ DW_FORM_data1
	.byte	39                              @ DW_AT_prototyped
	.byte	25                              @ DW_FORM_flag_present
	.byte	63                              @ DW_AT_external
	.byte	25                              @ DW_FORM_flag_present
	.byte	0                               @ EOM(1)
	.byte	0                               @ EOM(2)
	.byte	18                              @ Abbreviation Code
	.byte	52                              @ DW_TAG_variable
	.byte	0                               @ DW_CHILDREN_no
	.byte	2                               @ DW_AT_location
	.byte	24                              @ DW_FORM_exprloc
	.byte	3                               @ DW_AT_name
	.byte	14                              @ DW_FORM_strp
	.byte	58                              @ DW_AT_decl_file
	.byte	11                              @ DW_FORM_data1
	.byte	59                              @ DW_AT_decl_line
	.byte	11                              @ DW_FORM_data1
	.byte	73                              @ DW_AT_type
	.byte	19                              @ DW_FORM_ref4
	.byte	0                               @ EOM(1)
	.byte	0                               @ EOM(2)
	.byte	19                              @ Abbreviation Code
	.byte	46                              @ DW_TAG_subprogram
	.byte	0                               @ DW_CHILDREN_no
	.byte	17                              @ DW_AT_low_pc
	.byte	1                               @ DW_FORM_addr
	.byte	18                              @ DW_AT_high_pc
	.byte	6                               @ DW_FORM_data4
	.byte	64                              @ DW_AT_frame_base
	.byte	24                              @ DW_FORM_exprloc
	.byte	3                               @ DW_AT_name
	.byte	14                              @ DW_FORM_strp
	.byte	58                              @ DW_AT_decl_file
	.byte	11                              @ DW_FORM_data1
	.byte	59                              @ DW_AT_decl_line
	.byte	11                              @ DW_FORM_data1
	.byte	39                              @ DW_AT_prototyped
	.byte	25                              @ DW_FORM_flag_present
	.byte	63                              @ DW_AT_external
	.byte	25                              @ DW_FORM_flag_present
	.byte	0                               @ EOM(1)
	.byte	0                               @ EOM(2)
	.byte	0                               @ EOM(3)
	.section	.debug_info,"",%progbits
.Lcu_begin0:
	.long	.Ldebug_info_end0-.Ldebug_info_start0 @ Length of Unit
.Ldebug_info_start0:
	.short	4                               @ DWARF version number
	.long	.debug_abbrev                   @ Offset Into Abbrev. Section
	.byte	4                               @ Address Size (in bytes)
	.byte	1                               @ Abbrev [1] 0xb:0x7cb DW_TAG_compile_unit
	.long	.Linfo_string0                  @ DW_AT_producer
	.short	12                              @ DW_AT_language
	.long	.Linfo_string1                  @ DW_AT_name
	.long	.Lline_table_start0             @ DW_AT_stmt_list
	.long	.Linfo_string2                  @ DW_AT_comp_dir
	.long	0                               @ DW_AT_low_pc
	.long	.Ldebug_ranges0                 @ DW_AT_ranges
	.byte	2                               @ Abbrev [2] 0x26:0x11 DW_TAG_variable
	.long	.Linfo_string3                  @ DW_AT_name
	.long	55                              @ DW_AT_type
                                        @ DW_AT_external
	.byte	2                               @ DW_AT_decl_file
	.byte	25                              @ DW_AT_decl_line
	.byte	5                               @ DW_AT_location
	.byte	3
	.long	SystemCoreClock
	.byte	3                               @ Abbrev [3] 0x37:0xb DW_TAG_typedef
	.long	66                              @ DW_AT_type
	.long	.Linfo_string5                  @ DW_AT_name
	.byte	1                               @ DW_AT_decl_file
	.byte	64                              @ DW_AT_decl_line
	.byte	4                               @ Abbrev [4] 0x42:0x7 DW_TAG_base_type
	.long	.Linfo_string4                  @ DW_AT_name
	.byte	7                               @ DW_AT_encoding
	.byte	4                               @ DW_AT_byte_size
	.byte	2                               @ Abbrev [2] 0x49:0x11 DW_TAG_variable
	.long	.Linfo_string6                  @ DW_AT_name
	.long	55                              @ DW_AT_type
                                        @ DW_AT_external
	.byte	2                               @ DW_AT_decl_file
	.byte	26                              @ DW_AT_decl_line
	.byte	5                               @ DW_AT_location
	.byte	3
	.long	CyclesPerUs
	.byte	2                               @ Abbrev [2] 0x5a:0x11 DW_TAG_variable
	.long	.Linfo_string7                  @ DW_AT_name
	.long	55                              @ DW_AT_type
                                        @ DW_AT_external
	.byte	2                               @ DW_AT_decl_file
	.byte	27                              @ DW_AT_decl_line
	.byte	5                               @ DW_AT_location
	.byte	3
	.long	PllClock
	.byte	2                               @ Abbrev [2] 0x6b:0x11 DW_TAG_variable
	.long	.Linfo_string8                  @ DW_AT_name
	.long	124                             @ DW_AT_type
                                        @ DW_AT_external
	.byte	2                               @ DW_AT_decl_file
	.byte	28                              @ DW_AT_decl_line
	.byte	5                               @ DW_AT_location
	.byte	3
	.long	gau32ClkSrcTbl
	.byte	5                               @ Abbrev [5] 0x7c:0xc DW_TAG_array_type
	.long	136                             @ DW_AT_type
	.byte	6                               @ Abbrev [6] 0x81:0x6 DW_TAG_subrange_type
	.long	141                             @ DW_AT_type
	.byte	8                               @ DW_AT_count
	.byte	0                               @ End Of Children Mark
	.byte	7                               @ Abbrev [7] 0x88:0x5 DW_TAG_const_type
	.long	55                              @ DW_AT_type
	.byte	8                               @ Abbrev [8] 0x8d:0x7 DW_TAG_base_type
	.long	.Linfo_string9                  @ DW_AT_name
	.byte	8                               @ DW_AT_byte_size
	.byte	7                               @ DW_AT_encoding
	.byte	9                               @ Abbrev [9] 0x94:0x5 DW_TAG_pointer_type
	.long	153                             @ DW_AT_type
	.byte	10                              @ Abbrev [10] 0x99:0xc DW_TAG_typedef
	.long	165                             @ DW_AT_type
	.long	.Linfo_string39                 @ DW_AT_name
	.byte	3                               @ DW_AT_decl_file
	.short	775                             @ DW_AT_decl_line
	.byte	11                              @ Abbrev [11] 0xa5:0x17e DW_TAG_structure_type
	.byte	184                             @ DW_AT_byte_size
	.byte	3                               @ DW_AT_decl_file
	.byte	28                              @ DW_AT_decl_line
	.byte	12                              @ Abbrev [12] 0xa9:0xd DW_TAG_member
	.long	.Linfo_string10                 @ DW_AT_name
	.long	547                             @ DW_AT_type
	.byte	3                               @ DW_AT_decl_file
	.short	732                             @ DW_AT_decl_line
	.byte	0                               @ DW_AT_data_member_location
	.byte	12                              @ Abbrev [12] 0xb6:0xd DW_TAG_member
	.long	.Linfo_string11                 @ DW_AT_name
	.long	547                             @ DW_AT_type
	.byte	3                               @ DW_AT_decl_file
	.short	733                             @ DW_AT_decl_line
	.byte	4                               @ DW_AT_data_member_location
	.byte	12                              @ Abbrev [12] 0xc3:0xd DW_TAG_member
	.long	.Linfo_string12                 @ DW_AT_name
	.long	547                             @ DW_AT_type
	.byte	3                               @ DW_AT_decl_file
	.short	734                             @ DW_AT_decl_line
	.byte	8                               @ DW_AT_data_member_location
	.byte	12                              @ Abbrev [12] 0xd0:0xd DW_TAG_member
	.long	.Linfo_string13                 @ DW_AT_name
	.long	547                             @ DW_AT_type
	.byte	3                               @ DW_AT_decl_file
	.short	735                             @ DW_AT_decl_line
	.byte	12                              @ DW_AT_data_member_location
	.byte	12                              @ Abbrev [12] 0xdd:0xd DW_TAG_member
	.long	.Linfo_string14                 @ DW_AT_name
	.long	547                             @ DW_AT_type
	.byte	3                               @ DW_AT_decl_file
	.short	736                             @ DW_AT_decl_line
	.byte	16                              @ DW_AT_data_member_location
	.byte	12                              @ Abbrev [12] 0xea:0xd DW_TAG_member
	.long	.Linfo_string15                 @ DW_AT_name
	.long	547                             @ DW_AT_type
	.byte	3                               @ DW_AT_decl_file
	.short	737                             @ DW_AT_decl_line
	.byte	20                              @ DW_AT_data_member_location
	.byte	12                              @ Abbrev [12] 0xf7:0xd DW_TAG_member
	.long	.Linfo_string16                 @ DW_AT_name
	.long	547                             @ DW_AT_type
	.byte	3                               @ DW_AT_decl_file
	.short	738                             @ DW_AT_decl_line
	.byte	24                              @ DW_AT_data_member_location
	.byte	12                              @ Abbrev [12] 0x104:0xd DW_TAG_member
	.long	.Linfo_string17                 @ DW_AT_name
	.long	547                             @ DW_AT_type
	.byte	3                               @ DW_AT_decl_file
	.short	739                             @ DW_AT_decl_line
	.byte	28                              @ DW_AT_data_member_location
	.byte	12                              @ Abbrev [12] 0x111:0xd DW_TAG_member
	.long	.Linfo_string18                 @ DW_AT_name
	.long	547                             @ DW_AT_type
	.byte	3                               @ DW_AT_decl_file
	.short	740                             @ DW_AT_decl_line
	.byte	32                              @ DW_AT_data_member_location
	.byte	12                              @ Abbrev [12] 0x11e:0xd DW_TAG_member
	.long	.Linfo_string19                 @ DW_AT_name
	.long	547                             @ DW_AT_type
	.byte	3                               @ DW_AT_decl_file
	.short	741                             @ DW_AT_decl_line
	.byte	36                              @ DW_AT_data_member_location
	.byte	12                              @ Abbrev [12] 0x12b:0xd DW_TAG_member
	.long	.Linfo_string20                 @ DW_AT_name
	.long	552                             @ DW_AT_type
	.byte	3                               @ DW_AT_decl_file
	.short	743                             @ DW_AT_decl_line
	.byte	40                              @ DW_AT_data_member_location
	.byte	12                              @ Abbrev [12] 0x138:0xd DW_TAG_member
	.long	.Linfo_string21                 @ DW_AT_name
	.long	547                             @ DW_AT_type
	.byte	3                               @ DW_AT_decl_file
	.short	745                             @ DW_AT_decl_line
	.byte	48                              @ DW_AT_data_member_location
	.byte	12                              @ Abbrev [12] 0x145:0xd DW_TAG_member
	.long	.Linfo_string22                 @ DW_AT_name
	.long	547                             @ DW_AT_type
	.byte	3                               @ DW_AT_decl_file
	.short	746                             @ DW_AT_decl_line
	.byte	52                              @ DW_AT_data_member_location
	.byte	12                              @ Abbrev [12] 0x152:0xd DW_TAG_member
	.long	.Linfo_string23                 @ DW_AT_name
	.long	552                             @ DW_AT_type
	.byte	3                               @ DW_AT_decl_file
	.short	748                             @ DW_AT_decl_line
	.byte	56                              @ DW_AT_data_member_location
	.byte	12                              @ Abbrev [12] 0x15f:0xd DW_TAG_member
	.long	.Linfo_string24                 @ DW_AT_name
	.long	547                             @ DW_AT_type
	.byte	3                               @ DW_AT_decl_file
	.short	750                             @ DW_AT_decl_line
	.byte	64                              @ DW_AT_data_member_location
	.byte	12                              @ Abbrev [12] 0x16c:0xd DW_TAG_member
	.long	.Linfo_string25                 @ DW_AT_name
	.long	569                             @ DW_AT_type
	.byte	3                               @ DW_AT_decl_file
	.short	752                             @ DW_AT_decl_line
	.byte	68                              @ DW_AT_data_member_location
	.byte	12                              @ Abbrev [12] 0x179:0xd DW_TAG_member
	.long	.Linfo_string26                 @ DW_AT_name
	.long	564                             @ DW_AT_type
	.byte	3                               @ DW_AT_decl_file
	.short	754                             @ DW_AT_decl_line
	.byte	80                              @ DW_AT_data_member_location
	.byte	12                              @ Abbrev [12] 0x186:0xd DW_TAG_member
	.long	.Linfo_string27                 @ DW_AT_name
	.long	569                             @ DW_AT_type
	.byte	3                               @ DW_AT_decl_file
	.short	756                             @ DW_AT_decl_line
	.byte	84                              @ DW_AT_data_member_location
	.byte	12                              @ Abbrev [12] 0x193:0xd DW_TAG_member
	.long	.Linfo_string28                 @ DW_AT_name
	.long	547                             @ DW_AT_type
	.byte	3                               @ DW_AT_decl_file
	.short	758                             @ DW_AT_decl_line
	.byte	96                              @ DW_AT_data_member_location
	.byte	12                              @ Abbrev [12] 0x1a0:0xd DW_TAG_member
	.long	.Linfo_string29                 @ DW_AT_name
	.long	569                             @ DW_AT_type
	.byte	3                               @ DW_AT_decl_file
	.short	760                             @ DW_AT_decl_line
	.byte	100                             @ DW_AT_data_member_location
	.byte	12                              @ Abbrev [12] 0x1ad:0xd DW_TAG_member
	.long	.Linfo_string30                 @ DW_AT_name
	.long	547                             @ DW_AT_type
	.byte	3                               @ DW_AT_decl_file
	.short	762                             @ DW_AT_decl_line
	.byte	112                             @ DW_AT_data_member_location
	.byte	12                              @ Abbrev [12] 0x1ba:0xd DW_TAG_member
	.long	.Linfo_string31                 @ DW_AT_name
	.long	547                             @ DW_AT_type
	.byte	3                               @ DW_AT_decl_file
	.short	763                             @ DW_AT_decl_line
	.byte	116                             @ DW_AT_data_member_location
	.byte	12                              @ Abbrev [12] 0x1c7:0xd DW_TAG_member
	.long	.Linfo_string32                 @ DW_AT_name
	.long	547                             @ DW_AT_type
	.byte	3                               @ DW_AT_decl_file
	.short	764                             @ DW_AT_decl_line
	.byte	120                             @ DW_AT_data_member_location
	.byte	12                              @ Abbrev [12] 0x1d4:0xd DW_TAG_member
	.long	.Linfo_string33                 @ DW_AT_name
	.long	547                             @ DW_AT_type
	.byte	3                               @ DW_AT_decl_file
	.short	765                             @ DW_AT_decl_line
	.byte	124                             @ DW_AT_data_member_location
	.byte	12                              @ Abbrev [12] 0x1e1:0xd DW_TAG_member
	.long	.Linfo_string34                 @ DW_AT_name
	.long	581                             @ DW_AT_type
	.byte	3                               @ DW_AT_decl_file
	.short	767                             @ DW_AT_decl_line
	.byte	128                             @ DW_AT_data_member_location
	.byte	12                              @ Abbrev [12] 0x1ee:0xd DW_TAG_member
	.long	.Linfo_string35                 @ DW_AT_name
	.long	547                             @ DW_AT_type
	.byte	3                               @ DW_AT_decl_file
	.short	769                             @ DW_AT_decl_line
	.byte	144                             @ DW_AT_data_member_location
	.byte	12                              @ Abbrev [12] 0x1fb:0xd DW_TAG_member
	.long	.Linfo_string36                 @ DW_AT_name
	.long	547                             @ DW_AT_type
	.byte	3                               @ DW_AT_decl_file
	.short	770                             @ DW_AT_decl_line
	.byte	148                             @ DW_AT_data_member_location
	.byte	12                              @ Abbrev [12] 0x208:0xd DW_TAG_member
	.long	.Linfo_string37                 @ DW_AT_name
	.long	593                             @ DW_AT_type
	.byte	3                               @ DW_AT_decl_file
	.short	772                             @ DW_AT_decl_line
	.byte	152                             @ DW_AT_data_member_location
	.byte	12                              @ Abbrev [12] 0x215:0xd DW_TAG_member
	.long	.Linfo_string38                 @ DW_AT_name
	.long	547                             @ DW_AT_type
	.byte	3                               @ DW_AT_decl_file
	.short	774                             @ DW_AT_decl_line
	.byte	180                             @ DW_AT_data_member_location
	.byte	0                               @ End Of Children Mark
	.byte	13                              @ Abbrev [13] 0x223:0x5 DW_TAG_volatile_type
	.long	55                              @ DW_AT_type
	.byte	5                               @ Abbrev [5] 0x228:0xc DW_TAG_array_type
	.long	564                             @ DW_AT_type
	.byte	6                               @ Abbrev [6] 0x22d:0x6 DW_TAG_subrange_type
	.long	141                             @ DW_AT_type
	.byte	2                               @ DW_AT_count
	.byte	0                               @ End Of Children Mark
	.byte	7                               @ Abbrev [7] 0x234:0x5 DW_TAG_const_type
	.long	547                             @ DW_AT_type
	.byte	5                               @ Abbrev [5] 0x239:0xc DW_TAG_array_type
	.long	564                             @ DW_AT_type
	.byte	6                               @ Abbrev [6] 0x23e:0x6 DW_TAG_subrange_type
	.long	141                             @ DW_AT_type
	.byte	3                               @ DW_AT_count
	.byte	0                               @ End Of Children Mark
	.byte	5                               @ Abbrev [5] 0x245:0xc DW_TAG_array_type
	.long	564                             @ DW_AT_type
	.byte	6                               @ Abbrev [6] 0x24a:0x6 DW_TAG_subrange_type
	.long	141                             @ DW_AT_type
	.byte	4                               @ DW_AT_count
	.byte	0                               @ End Of Children Mark
	.byte	5                               @ Abbrev [5] 0x251:0xc DW_TAG_array_type
	.long	564                             @ DW_AT_type
	.byte	6                               @ Abbrev [6] 0x256:0x6 DW_TAG_subrange_type
	.long	141                             @ DW_AT_type
	.byte	7                               @ DW_AT_count
	.byte	0                               @ End Of Children Mark
	.byte	9                               @ Abbrev [9] 0x25d:0x5 DW_TAG_pointer_type
	.long	610                             @ DW_AT_type
	.byte	10                              @ Abbrev [10] 0x262:0xc DW_TAG_typedef
	.long	622                             @ DW_AT_type
	.long	.Linfo_string57                 @ DW_AT_name
	.byte	4                               @ DW_AT_decl_file
	.short	330                             @ DW_AT_decl_line
	.byte	11                              @ Abbrev [11] 0x26e:0x13d DW_TAG_structure_type
	.byte	228                             @ DW_AT_byte_size
	.byte	4                               @ DW_AT_decl_file
	.byte	28                              @ DW_AT_decl_line
	.byte	12                              @ Abbrev [12] 0x272:0xd DW_TAG_member
	.long	.Linfo_string40                 @ DW_AT_name
	.long	547                             @ DW_AT_type
	.byte	4                               @ DW_AT_decl_file
	.short	294                             @ DW_AT_decl_line
	.byte	0                               @ DW_AT_data_member_location
	.byte	12                              @ Abbrev [12] 0x27f:0xd DW_TAG_member
	.long	.Linfo_string41                 @ DW_AT_name
	.long	547                             @ DW_AT_type
	.byte	4                               @ DW_AT_decl_file
	.short	295                             @ DW_AT_decl_line
	.byte	4                               @ DW_AT_data_member_location
	.byte	12                              @ Abbrev [12] 0x28c:0xd DW_TAG_member
	.long	.Linfo_string42                 @ DW_AT_name
	.long	547                             @ DW_AT_type
	.byte	4                               @ DW_AT_decl_file
	.short	296                             @ DW_AT_decl_line
	.byte	8                               @ DW_AT_data_member_location
	.byte	12                              @ Abbrev [12] 0x299:0xd DW_TAG_member
	.long	.Linfo_string43                 @ DW_AT_name
	.long	547                             @ DW_AT_type
	.byte	4                               @ DW_AT_decl_file
	.short	297                             @ DW_AT_decl_line
	.byte	12                              @ DW_AT_data_member_location
	.byte	12                              @ Abbrev [12] 0x2a6:0xd DW_TAG_member
	.long	.Linfo_string44                 @ DW_AT_name
	.long	547                             @ DW_AT_type
	.byte	4                               @ DW_AT_decl_file
	.short	298                             @ DW_AT_decl_line
	.byte	16                              @ DW_AT_data_member_location
	.byte	12                              @ Abbrev [12] 0x2b3:0xd DW_TAG_member
	.long	.Linfo_string20                 @ DW_AT_name
	.long	564                             @ DW_AT_type
	.byte	4                               @ DW_AT_decl_file
	.short	299                             @ DW_AT_decl_line
	.byte	20                              @ DW_AT_data_member_location
	.byte	12                              @ Abbrev [12] 0x2c0:0xd DW_TAG_member
	.long	.Linfo_string45                 @ DW_AT_name
	.long	547                             @ DW_AT_type
	.byte	4                               @ DW_AT_decl_file
	.short	300                             @ DW_AT_decl_line
	.byte	24                              @ DW_AT_data_member_location
	.byte	12                              @ Abbrev [12] 0x2cd:0xd DW_TAG_member
	.long	.Linfo_string23                 @ DW_AT_name
	.long	939                             @ DW_AT_type
	.byte	4                               @ DW_AT_decl_file
	.short	302                             @ DW_AT_decl_line
	.byte	28                              @ DW_AT_data_member_location
	.byte	12                              @ Abbrev [12] 0x2da:0xd DW_TAG_member
	.long	.Linfo_string46                 @ DW_AT_name
	.long	547                             @ DW_AT_type
	.byte	4                               @ DW_AT_decl_file
	.short	304                             @ DW_AT_decl_line
	.byte	64                              @ DW_AT_data_member_location
	.byte	12                              @ Abbrev [12] 0x2e7:0xd DW_TAG_member
	.long	.Linfo_string25                 @ DW_AT_name
	.long	552                             @ DW_AT_type
	.byte	4                               @ DW_AT_decl_file
	.short	306                             @ DW_AT_decl_line
	.byte	68                              @ DW_AT_data_member_location
	.byte	12                              @ Abbrev [12] 0x2f4:0xd DW_TAG_member
	.long	.Linfo_string47                 @ DW_AT_name
	.long	547                             @ DW_AT_type
	.byte	4                               @ DW_AT_decl_file
	.short	308                             @ DW_AT_decl_line
	.byte	76                              @ DW_AT_data_member_location
	.byte	12                              @ Abbrev [12] 0x301:0xd DW_TAG_member
	.long	.Linfo_string27                 @ DW_AT_name
	.long	951                             @ DW_AT_type
	.byte	4                               @ DW_AT_decl_file
	.short	310                             @ DW_AT_decl_line
	.byte	80                              @ DW_AT_data_member_location
	.byte	12                              @ Abbrev [12] 0x30e:0xd DW_TAG_member
	.long	.Linfo_string48                 @ DW_AT_name
	.long	547                             @ DW_AT_type
	.byte	4                               @ DW_AT_decl_file
	.short	312                             @ DW_AT_decl_line
	.byte	128                             @ DW_AT_data_member_location
	.byte	12                              @ Abbrev [12] 0x31b:0xd DW_TAG_member
	.long	.Linfo_string49                 @ DW_AT_name
	.long	547                             @ DW_AT_type
	.byte	4                               @ DW_AT_decl_file
	.short	313                             @ DW_AT_decl_line
	.byte	132                             @ DW_AT_data_member_location
	.byte	12                              @ Abbrev [12] 0x328:0xd DW_TAG_member
	.long	.Linfo_string50                 @ DW_AT_name
	.long	547                             @ DW_AT_type
	.byte	4                               @ DW_AT_decl_file
	.short	314                             @ DW_AT_decl_line
	.byte	136                             @ DW_AT_data_member_location
	.byte	12                              @ Abbrev [12] 0x335:0xd DW_TAG_member
	.long	.Linfo_string51                 @ DW_AT_name
	.long	547                             @ DW_AT_type
	.byte	4                               @ DW_AT_decl_file
	.short	315                             @ DW_AT_decl_line
	.byte	140                             @ DW_AT_data_member_location
	.byte	12                              @ Abbrev [12] 0x342:0xd DW_TAG_member
	.long	.Linfo_string29                 @ DW_AT_name
	.long	951                             @ DW_AT_type
	.byte	4                               @ DW_AT_decl_file
	.short	317                             @ DW_AT_decl_line
	.byte	144                             @ DW_AT_data_member_location
	.byte	12                              @ Abbrev [12] 0x34f:0xd DW_TAG_member
	.long	.Linfo_string52                 @ DW_AT_name
	.long	564                             @ DW_AT_type
	.byte	4                               @ DW_AT_decl_file
	.short	319                             @ DW_AT_decl_line
	.byte	192                             @ DW_AT_data_member_location
	.byte	12                              @ Abbrev [12] 0x35c:0xd DW_TAG_member
	.long	.Linfo_string53                 @ DW_AT_name
	.long	564                             @ DW_AT_type
	.byte	4                               @ DW_AT_decl_file
	.short	320                             @ DW_AT_decl_line
	.byte	196                             @ DW_AT_data_member_location
	.byte	12                              @ Abbrev [12] 0x369:0xd DW_TAG_member
	.long	.Linfo_string34                 @ DW_AT_name
	.long	552                             @ DW_AT_type
	.byte	4                               @ DW_AT_decl_file
	.short	322                             @ DW_AT_decl_line
	.byte	200                             @ DW_AT_data_member_location
	.byte	12                              @ Abbrev [12] 0x376:0xd DW_TAG_member
	.long	.Linfo_string54                 @ DW_AT_name
	.long	564                             @ DW_AT_type
	.byte	4                               @ DW_AT_decl_file
	.short	324                             @ DW_AT_decl_line
	.byte	208                             @ DW_AT_data_member_location
	.byte	12                              @ Abbrev [12] 0x383:0xd DW_TAG_member
	.long	.Linfo_string55                 @ DW_AT_name
	.long	564                             @ DW_AT_type
	.byte	4                               @ DW_AT_decl_file
	.short	325                             @ DW_AT_decl_line
	.byte	212                             @ DW_AT_data_member_location
	.byte	12                              @ Abbrev [12] 0x390:0xd DW_TAG_member
	.long	.Linfo_string37                 @ DW_AT_name
	.long	552                             @ DW_AT_type
	.byte	4                               @ DW_AT_decl_file
	.short	327                             @ DW_AT_decl_line
	.byte	216                             @ DW_AT_data_member_location
	.byte	12                              @ Abbrev [12] 0x39d:0xd DW_TAG_member
	.long	.Linfo_string56                 @ DW_AT_name
	.long	564                             @ DW_AT_type
	.byte	4                               @ DW_AT_decl_file
	.short	329                             @ DW_AT_decl_line
	.byte	224                             @ DW_AT_data_member_location
	.byte	0                               @ End Of Children Mark
	.byte	5                               @ Abbrev [5] 0x3ab:0xc DW_TAG_array_type
	.long	564                             @ DW_AT_type
	.byte	6                               @ Abbrev [6] 0x3b0:0x6 DW_TAG_subrange_type
	.long	141                             @ DW_AT_type
	.byte	9                               @ DW_AT_count
	.byte	0                               @ End Of Children Mark
	.byte	5                               @ Abbrev [5] 0x3b7:0xc DW_TAG_array_type
	.long	564                             @ DW_AT_type
	.byte	6                               @ Abbrev [6] 0x3bc:0x6 DW_TAG_subrange_type
	.long	141                             @ DW_AT_type
	.byte	12                              @ DW_AT_count
	.byte	0                               @ End Of Children Mark
	.byte	9                               @ Abbrev [9] 0x3c3:0x5 DW_TAG_pointer_type
	.long	968                             @ DW_AT_type
	.byte	10                              @ Abbrev [10] 0x3c8:0xc DW_TAG_typedef
	.long	980                             @ DW_AT_type
	.long	.Linfo_string67                 @ DW_AT_name
	.byte	5                               @ DW_AT_decl_file
	.short	396                             @ DW_AT_decl_line
	.byte	14                              @ Abbrev [14] 0x3d4:0x7b DW_TAG_structure_type
	.byte	40                              @ DW_AT_byte_size
	.byte	5                               @ DW_AT_decl_file
	.short	381                             @ DW_AT_decl_line
	.byte	12                              @ Abbrev [12] 0x3d9:0xd DW_TAG_member
	.long	.Linfo_string58                 @ DW_AT_name
	.long	564                             @ DW_AT_type
	.byte	5                               @ DW_AT_decl_file
	.short	383                             @ DW_AT_decl_line
	.byte	0                               @ DW_AT_data_member_location
	.byte	12                              @ Abbrev [12] 0x3e6:0xd DW_TAG_member
	.long	.Linfo_string59                 @ DW_AT_name
	.long	547                             @ DW_AT_type
	.byte	5                               @ DW_AT_decl_file
	.short	384                             @ DW_AT_decl_line
	.byte	4                               @ DW_AT_data_member_location
	.byte	12                              @ Abbrev [12] 0x3f3:0xd DW_TAG_member
	.long	.Linfo_string60                 @ DW_AT_name
	.long	547                             @ DW_AT_type
	.byte	5                               @ DW_AT_decl_file
	.short	386                             @ DW_AT_decl_line
	.byte	8                               @ DW_AT_data_member_location
	.byte	12                              @ Abbrev [12] 0x400:0xd DW_TAG_member
	.long	.Linfo_string61                 @ DW_AT_name
	.long	547                             @ DW_AT_type
	.byte	5                               @ DW_AT_decl_file
	.short	390                             @ DW_AT_decl_line
	.byte	12                              @ DW_AT_data_member_location
	.byte	12                              @ Abbrev [12] 0x40d:0xd DW_TAG_member
	.long	.Linfo_string62                 @ DW_AT_name
	.long	547                             @ DW_AT_type
	.byte	5                               @ DW_AT_decl_file
	.short	391                             @ DW_AT_decl_line
	.byte	16                              @ DW_AT_data_member_location
	.byte	12                              @ Abbrev [12] 0x41a:0xd DW_TAG_member
	.long	.Linfo_string63                 @ DW_AT_name
	.long	547                             @ DW_AT_type
	.byte	5                               @ DW_AT_decl_file
	.short	392                             @ DW_AT_decl_line
	.byte	20                              @ DW_AT_data_member_location
	.byte	12                              @ Abbrev [12] 0x427:0xd DW_TAG_member
	.long	.Linfo_string64                 @ DW_AT_name
	.long	55                              @ DW_AT_type
	.byte	5                               @ DW_AT_decl_file
	.short	393                             @ DW_AT_decl_line
	.byte	24                              @ DW_AT_data_member_location
	.byte	12                              @ Abbrev [12] 0x434:0xd DW_TAG_member
	.long	.Linfo_string65                 @ DW_AT_name
	.long	1103                            @ DW_AT_type
	.byte	5                               @ DW_AT_decl_file
	.short	394                             @ DW_AT_decl_line
	.byte	28                              @ DW_AT_data_member_location
	.byte	12                              @ Abbrev [12] 0x441:0xd DW_TAG_member
	.long	.Linfo_string66                 @ DW_AT_name
	.long	547                             @ DW_AT_type
	.byte	5                               @ DW_AT_decl_file
	.short	395                             @ DW_AT_decl_line
	.byte	36                              @ DW_AT_data_member_location
	.byte	0                               @ End Of Children Mark
	.byte	5                               @ Abbrev [5] 0x44f:0xc DW_TAG_array_type
	.long	547                             @ DW_AT_type
	.byte	6                               @ Abbrev [6] 0x454:0x6 DW_TAG_subrange_type
	.long	141                             @ DW_AT_type
	.byte	2                               @ DW_AT_count
	.byte	0                               @ End Of Children Mark
	.byte	9                               @ Abbrev [9] 0x45b:0x5 DW_TAG_pointer_type
	.long	1120                            @ DW_AT_type
	.byte	10                              @ Abbrev [10] 0x460:0xc DW_TAG_typedef
	.long	1132                            @ DW_AT_type
	.long	.Linfo_string114                @ DW_AT_name
	.byte	6                               @ DW_AT_decl_file
	.short	1544                            @ DW_AT_decl_line
	.byte	15                              @ Abbrev [15] 0x46c:0x2c3 DW_TAG_structure_type
	.short	512                             @ DW_AT_byte_size
	.byte	6                               @ DW_AT_decl_file
	.byte	28                              @ DW_AT_decl_line
	.byte	12                              @ Abbrev [12] 0x471:0xd DW_TAG_member
	.long	.Linfo_string68                 @ DW_AT_name
	.long	564                             @ DW_AT_type
	.byte	6                               @ DW_AT_decl_file
	.short	1469                            @ DW_AT_decl_line
	.byte	0                               @ DW_AT_data_member_location
	.byte	12                              @ Abbrev [12] 0x47e:0xd DW_TAG_member
	.long	.Linfo_string69                 @ DW_AT_name
	.long	547                             @ DW_AT_type
	.byte	6                               @ DW_AT_decl_file
	.short	1470                            @ DW_AT_decl_line
	.byte	4                               @ DW_AT_data_member_location
	.byte	12                              @ Abbrev [12] 0x48b:0xd DW_TAG_member
	.long	.Linfo_string70                 @ DW_AT_name
	.long	547                             @ DW_AT_type
	.byte	6                               @ DW_AT_decl_file
	.short	1471                            @ DW_AT_decl_line
	.byte	8                               @ DW_AT_data_member_location
	.byte	12                              @ Abbrev [12] 0x498:0xd DW_TAG_member
	.long	.Linfo_string71                 @ DW_AT_name
	.long	547                             @ DW_AT_type
	.byte	6                               @ DW_AT_decl_file
	.short	1472                            @ DW_AT_decl_line
	.byte	12                              @ DW_AT_data_member_location
	.byte	12                              @ Abbrev [12] 0x4a5:0xd DW_TAG_member
	.long	.Linfo_string72                 @ DW_AT_name
	.long	547                             @ DW_AT_type
	.byte	6                               @ DW_AT_decl_file
	.short	1473                            @ DW_AT_decl_line
	.byte	16                              @ DW_AT_data_member_location
	.byte	12                              @ Abbrev [12] 0x4b2:0xd DW_TAG_member
	.long	.Linfo_string20                 @ DW_AT_name
	.long	1839                            @ DW_AT_type
	.byte	6                               @ DW_AT_decl_file
	.short	1475                            @ DW_AT_decl_line
	.byte	20                              @ DW_AT_data_member_location
	.byte	12                              @ Abbrev [12] 0x4bf:0xd DW_TAG_member
	.long	.Linfo_string73                 @ DW_AT_name
	.long	547                             @ DW_AT_type
	.byte	6                               @ DW_AT_decl_file
	.short	1477                            @ DW_AT_decl_line
	.byte	24                              @ DW_AT_data_member_location
	.byte	12                              @ Abbrev [12] 0x4cc:0xd DW_TAG_member
	.long	.Linfo_string74                 @ DW_AT_name
	.long	547                             @ DW_AT_type
	.byte	6                               @ DW_AT_decl_file
	.short	1478                            @ DW_AT_decl_line
	.byte	28                              @ DW_AT_data_member_location
	.byte	12                              @ Abbrev [12] 0x4d9:0xd DW_TAG_member
	.long	.Linfo_string23                 @ DW_AT_name
	.long	1839                            @ DW_AT_type
	.byte	6                               @ DW_AT_decl_file
	.short	1480                            @ DW_AT_decl_line
	.byte	32                              @ DW_AT_data_member_location
	.byte	12                              @ Abbrev [12] 0x4e6:0xd DW_TAG_member
	.long	.Linfo_string75                 @ DW_AT_name
	.long	547                             @ DW_AT_type
	.byte	6                               @ DW_AT_decl_file
	.short	1482                            @ DW_AT_decl_line
	.byte	36                              @ DW_AT_data_member_location
	.byte	12                              @ Abbrev [12] 0x4f3:0xd DW_TAG_member
	.long	.Linfo_string76                 @ DW_AT_name
	.long	547                             @ DW_AT_type
	.byte	6                               @ DW_AT_decl_file
	.short	1483                            @ DW_AT_decl_line
	.byte	40                              @ DW_AT_data_member_location
	.byte	12                              @ Abbrev [12] 0x500:0xd DW_TAG_member
	.long	.Linfo_string25                 @ DW_AT_name
	.long	1839                            @ DW_AT_type
	.byte	6                               @ DW_AT_decl_file
	.short	1485                            @ DW_AT_decl_line
	.byte	44                              @ DW_AT_data_member_location
	.byte	12                              @ Abbrev [12] 0x50d:0xd DW_TAG_member
	.long	.Linfo_string77                 @ DW_AT_name
	.long	547                             @ DW_AT_type
	.byte	6                               @ DW_AT_decl_file
	.short	1487                            @ DW_AT_decl_line
	.byte	48                              @ DW_AT_data_member_location
	.byte	12                              @ Abbrev [12] 0x51a:0xd DW_TAG_member
	.long	.Linfo_string78                 @ DW_AT_name
	.long	547                             @ DW_AT_type
	.byte	6                               @ DW_AT_decl_file
	.short	1488                            @ DW_AT_decl_line
	.byte	52                              @ DW_AT_data_member_location
	.byte	12                              @ Abbrev [12] 0x527:0xd DW_TAG_member
	.long	.Linfo_string79                 @ DW_AT_name
	.long	547                             @ DW_AT_type
	.byte	6                               @ DW_AT_decl_file
	.short	1489                            @ DW_AT_decl_line
	.byte	56                              @ DW_AT_data_member_location
	.byte	12                              @ Abbrev [12] 0x534:0xd DW_TAG_member
	.long	.Linfo_string80                 @ DW_AT_name
	.long	547                             @ DW_AT_type
	.byte	6                               @ DW_AT_decl_file
	.short	1490                            @ DW_AT_decl_line
	.byte	60                              @ DW_AT_data_member_location
	.byte	12                              @ Abbrev [12] 0x541:0xd DW_TAG_member
	.long	.Linfo_string81                 @ DW_AT_name
	.long	547                             @ DW_AT_type
	.byte	6                               @ DW_AT_decl_file
	.short	1491                            @ DW_AT_decl_line
	.byte	64                              @ DW_AT_data_member_location
	.byte	12                              @ Abbrev [12] 0x54e:0xd DW_TAG_member
	.long	.Linfo_string82                 @ DW_AT_name
	.long	547                             @ DW_AT_type
	.byte	6                               @ DW_AT_decl_file
	.short	1492                            @ DW_AT_decl_line
	.byte	68                              @ DW_AT_data_member_location
	.byte	12                              @ Abbrev [12] 0x55b:0xd DW_TAG_member
	.long	.Linfo_string83                 @ DW_AT_name
	.long	547                             @ DW_AT_type
	.byte	6                               @ DW_AT_decl_file
	.short	1493                            @ DW_AT_decl_line
	.byte	72                              @ DW_AT_data_member_location
	.byte	12                              @ Abbrev [12] 0x568:0xd DW_TAG_member
	.long	.Linfo_string84                 @ DW_AT_name
	.long	547                             @ DW_AT_type
	.byte	6                               @ DW_AT_decl_file
	.short	1494                            @ DW_AT_decl_line
	.byte	76                              @ DW_AT_data_member_location
	.byte	12                              @ Abbrev [12] 0x575:0xd DW_TAG_member
	.long	.Linfo_string85                 @ DW_AT_name
	.long	547                             @ DW_AT_type
	.byte	6                               @ DW_AT_decl_file
	.short	1495                            @ DW_AT_decl_line
	.byte	80                              @ DW_AT_data_member_location
	.byte	12                              @ Abbrev [12] 0x582:0xd DW_TAG_member
	.long	.Linfo_string86                 @ DW_AT_name
	.long	547                             @ DW_AT_type
	.byte	6                               @ DW_AT_decl_file
	.short	1496                            @ DW_AT_decl_line
	.byte	84                              @ DW_AT_data_member_location
	.byte	12                              @ Abbrev [12] 0x58f:0xd DW_TAG_member
	.long	.Linfo_string87                 @ DW_AT_name
	.long	547                             @ DW_AT_type
	.byte	6                               @ DW_AT_decl_file
	.short	1497                            @ DW_AT_decl_line
	.byte	88                              @ DW_AT_data_member_location
	.byte	12                              @ Abbrev [12] 0x59c:0xd DW_TAG_member
	.long	.Linfo_string88                 @ DW_AT_name
	.long	547                             @ DW_AT_type
	.byte	6                               @ DW_AT_decl_file
	.short	1498                            @ DW_AT_decl_line
	.byte	92                              @ DW_AT_data_member_location
	.byte	12                              @ Abbrev [12] 0x5a9:0xd DW_TAG_member
	.long	.Linfo_string27                 @ DW_AT_name
	.long	1851                            @ DW_AT_type
	.byte	6                               @ DW_AT_decl_file
	.short	1500                            @ DW_AT_decl_line
	.byte	96                              @ DW_AT_data_member_location
	.byte	12                              @ Abbrev [12] 0x5b6:0xd DW_TAG_member
	.long	.Linfo_string89                 @ DW_AT_name
	.long	547                             @ DW_AT_type
	.byte	6                               @ DW_AT_decl_file
	.short	1502                            @ DW_AT_decl_line
	.byte	128                             @ DW_AT_data_member_location
	.byte	12                              @ Abbrev [12] 0x5c3:0xd DW_TAG_member
	.long	.Linfo_string90                 @ DW_AT_name
	.long	547                             @ DW_AT_type
	.byte	6                               @ DW_AT_decl_file
	.short	1503                            @ DW_AT_decl_line
	.byte	132                             @ DW_AT_data_member_location
	.byte	12                              @ Abbrev [12] 0x5d0:0xd DW_TAG_member
	.long	.Linfo_string91                 @ DW_AT_name
	.long	547                             @ DW_AT_type
	.byte	6                               @ DW_AT_decl_file
	.short	1504                            @ DW_AT_decl_line
	.byte	136                             @ DW_AT_data_member_location
	.byte	12                              @ Abbrev [12] 0x5dd:0xd DW_TAG_member
	.long	.Linfo_string92                 @ DW_AT_name
	.long	547                             @ DW_AT_type
	.byte	6                               @ DW_AT_decl_file
	.short	1505                            @ DW_AT_decl_line
	.byte	140                             @ DW_AT_data_member_location
	.byte	12                              @ Abbrev [12] 0x5ea:0xd DW_TAG_member
	.long	.Linfo_string93                 @ DW_AT_name
	.long	547                             @ DW_AT_type
	.byte	6                               @ DW_AT_decl_file
	.short	1506                            @ DW_AT_decl_line
	.byte	144                             @ DW_AT_data_member_location
	.byte	12                              @ Abbrev [12] 0x5f7:0xd DW_TAG_member
	.long	.Linfo_string94                 @ DW_AT_name
	.long	547                             @ DW_AT_type
	.byte	6                               @ DW_AT_decl_file
	.short	1507                            @ DW_AT_decl_line
	.byte	148                             @ DW_AT_data_member_location
	.byte	12                              @ Abbrev [12] 0x604:0xd DW_TAG_member
	.long	.Linfo_string29                 @ DW_AT_name
	.long	1863                            @ DW_AT_type
	.byte	6                               @ DW_AT_decl_file
	.short	1509                            @ DW_AT_decl_line
	.byte	152                             @ DW_AT_data_member_location
	.byte	12                              @ Abbrev [12] 0x611:0xd DW_TAG_member
	.long	.Linfo_string95                 @ DW_AT_name
	.long	547                             @ DW_AT_type
	.byte	6                               @ DW_AT_decl_file
	.short	1511                            @ DW_AT_decl_line
	.byte	192                             @ DW_AT_data_member_location
	.byte	12                              @ Abbrev [12] 0x61e:0xd DW_TAG_member
	.long	.Linfo_string34                 @ DW_AT_name
	.long	569                             @ DW_AT_type
	.byte	6                               @ DW_AT_decl_file
	.short	1513                            @ DW_AT_decl_line
	.byte	196                             @ DW_AT_data_member_location
	.byte	12                              @ Abbrev [12] 0x62b:0xd DW_TAG_member
	.long	.Linfo_string96                 @ DW_AT_name
	.long	547                             @ DW_AT_type
	.byte	6                               @ DW_AT_decl_file
	.short	1515                            @ DW_AT_decl_line
	.byte	208                             @ DW_AT_data_member_location
	.byte	12                              @ Abbrev [12] 0x638:0xd DW_TAG_member
	.long	.Linfo_string97                 @ DW_AT_name
	.long	564                             @ DW_AT_type
	.byte	6                               @ DW_AT_decl_file
	.short	1516                            @ DW_AT_decl_line
	.byte	212                             @ DW_AT_data_member_location
	.byte	12                              @ Abbrev [12] 0x645:0xd DW_TAG_member
	.long	.Linfo_string37                 @ DW_AT_name
	.long	1875                            @ DW_AT_type
	.byte	6                               @ DW_AT_decl_file
	.short	1518                            @ DW_AT_decl_line
	.byte	216                             @ DW_AT_data_member_location
	.byte	12                              @ Abbrev [12] 0x652:0xd DW_TAG_member
	.long	.Linfo_string98                 @ DW_AT_name
	.long	547                             @ DW_AT_type
	.byte	6                               @ DW_AT_decl_file
	.short	1520                            @ DW_AT_decl_line
	.byte	240                             @ DW_AT_data_member_location
	.byte	12                              @ Abbrev [12] 0x65f:0xd DW_TAG_member
	.long	.Linfo_string99                 @ DW_AT_name
	.long	547                             @ DW_AT_type
	.byte	6                               @ DW_AT_decl_file
	.short	1521                            @ DW_AT_decl_line
	.byte	244                             @ DW_AT_data_member_location
	.byte	12                              @ Abbrev [12] 0x66c:0xd DW_TAG_member
	.long	.Linfo_string100                @ DW_AT_name
	.long	547                             @ DW_AT_type
	.byte	6                               @ DW_AT_decl_file
	.short	1522                            @ DW_AT_decl_line
	.byte	248                             @ DW_AT_data_member_location
	.byte	12                              @ Abbrev [12] 0x679:0xd DW_TAG_member
	.long	.Linfo_string101                @ DW_AT_name
	.long	1839                            @ DW_AT_type
	.byte	6                               @ DW_AT_decl_file
	.short	1524                            @ DW_AT_decl_line
	.byte	252                             @ DW_AT_data_member_location
	.byte	16                              @ Abbrev [16] 0x686:0xe DW_TAG_member
	.long	.Linfo_string102                @ DW_AT_name
	.long	547                             @ DW_AT_type
	.byte	6                               @ DW_AT_decl_file
	.short	1526                            @ DW_AT_decl_line
	.short	256                             @ DW_AT_data_member_location
	.byte	16                              @ Abbrev [16] 0x694:0xe DW_TAG_member
	.long	.Linfo_string103                @ DW_AT_name
	.long	547                             @ DW_AT_type
	.byte	6                               @ DW_AT_decl_file
	.short	1527                            @ DW_AT_decl_line
	.short	260                             @ DW_AT_data_member_location
	.byte	16                              @ Abbrev [16] 0x6a2:0xe DW_TAG_member
	.long	.Linfo_string104                @ DW_AT_name
	.long	547                             @ DW_AT_type
	.byte	6                               @ DW_AT_decl_file
	.short	1528                            @ DW_AT_decl_line
	.short	264                             @ DW_AT_data_member_location
	.byte	16                              @ Abbrev [16] 0x6b0:0xe DW_TAG_member
	.long	.Linfo_string105                @ DW_AT_name
	.long	547                             @ DW_AT_type
	.byte	6                               @ DW_AT_decl_file
	.short	1529                            @ DW_AT_decl_line
	.short	268                             @ DW_AT_data_member_location
	.byte	16                              @ Abbrev [16] 0x6be:0xe DW_TAG_member
	.long	.Linfo_string106                @ DW_AT_name
	.long	1887                            @ DW_AT_type
	.byte	6                               @ DW_AT_decl_file
	.short	1531                            @ DW_AT_decl_line
	.short	272                             @ DW_AT_data_member_location
	.byte	16                              @ Abbrev [16] 0x6cc:0xe DW_TAG_member
	.long	.Linfo_string107                @ DW_AT_name
	.long	547                             @ DW_AT_type
	.byte	6                               @ DW_AT_decl_file
	.short	1533                            @ DW_AT_decl_line
	.short	324                             @ DW_AT_data_member_location
	.byte	16                              @ Abbrev [16] 0x6da:0xe DW_TAG_member
	.long	.Linfo_string108                @ DW_AT_name
	.long	547                             @ DW_AT_type
	.byte	6                               @ DW_AT_decl_file
	.short	1534                            @ DW_AT_decl_line
	.short	328                             @ DW_AT_data_member_location
	.byte	16                              @ Abbrev [16] 0x6e8:0xe DW_TAG_member
	.long	.Linfo_string109                @ DW_AT_name
	.long	1899                            @ DW_AT_type
	.byte	6                               @ DW_AT_decl_file
	.short	1536                            @ DW_AT_decl_line
	.short	332                             @ DW_AT_data_member_location
	.byte	16                              @ Abbrev [16] 0x6f6:0xe DW_TAG_member
	.long	.Linfo_string110                @ DW_AT_name
	.long	547                             @ DW_AT_type
	.byte	6                               @ DW_AT_decl_file
	.short	1538                            @ DW_AT_decl_line
	.short	492                             @ DW_AT_data_member_location
	.byte	16                              @ Abbrev [16] 0x704:0xe DW_TAG_member
	.long	.Linfo_string111                @ DW_AT_name
	.long	552                             @ DW_AT_type
	.byte	6                               @ DW_AT_decl_file
	.short	1540                            @ DW_AT_decl_line
	.short	496                             @ DW_AT_data_member_location
	.byte	16                              @ Abbrev [16] 0x712:0xe DW_TAG_member
	.long	.Linfo_string112                @ DW_AT_name
	.long	547                             @ DW_AT_type
	.byte	6                               @ DW_AT_decl_file
	.short	1542                            @ DW_AT_decl_line
	.short	504                             @ DW_AT_data_member_location
	.byte	16                              @ Abbrev [16] 0x720:0xe DW_TAG_member
	.long	.Linfo_string113                @ DW_AT_name
	.long	564                             @ DW_AT_type
	.byte	6                               @ DW_AT_decl_file
	.short	1543                            @ DW_AT_decl_line
	.short	508                             @ DW_AT_data_member_location
	.byte	0                               @ End Of Children Mark
	.byte	5                               @ Abbrev [5] 0x72f:0xc DW_TAG_array_type
	.long	564                             @ DW_AT_type
	.byte	6                               @ Abbrev [6] 0x734:0x6 DW_TAG_subrange_type
	.long	141                             @ DW_AT_type
	.byte	1                               @ DW_AT_count
	.byte	0                               @ End Of Children Mark
	.byte	5                               @ Abbrev [5] 0x73b:0xc DW_TAG_array_type
	.long	564                             @ DW_AT_type
	.byte	6                               @ Abbrev [6] 0x740:0x6 DW_TAG_subrange_type
	.long	141                             @ DW_AT_type
	.byte	8                               @ DW_AT_count
	.byte	0                               @ End Of Children Mark
	.byte	5                               @ Abbrev [5] 0x747:0xc DW_TAG_array_type
	.long	564                             @ DW_AT_type
	.byte	6                               @ Abbrev [6] 0x74c:0x6 DW_TAG_subrange_type
	.long	141                             @ DW_AT_type
	.byte	10                              @ DW_AT_count
	.byte	0                               @ End Of Children Mark
	.byte	5                               @ Abbrev [5] 0x753:0xc DW_TAG_array_type
	.long	564                             @ DW_AT_type
	.byte	6                               @ Abbrev [6] 0x758:0x6 DW_TAG_subrange_type
	.long	141                             @ DW_AT_type
	.byte	6                               @ DW_AT_count
	.byte	0                               @ End Of Children Mark
	.byte	5                               @ Abbrev [5] 0x75f:0xc DW_TAG_array_type
	.long	564                             @ DW_AT_type
	.byte	6                               @ Abbrev [6] 0x764:0x6 DW_TAG_subrange_type
	.long	141                             @ DW_AT_type
	.byte	13                              @ DW_AT_count
	.byte	0                               @ End Of Children Mark
	.byte	5                               @ Abbrev [5] 0x76b:0xc DW_TAG_array_type
	.long	564                             @ DW_AT_type
	.byte	6                               @ Abbrev [6] 0x770:0x6 DW_TAG_subrange_type
	.long	141                             @ DW_AT_type
	.byte	40                              @ DW_AT_count
	.byte	0                               @ End Of Children Mark
	.byte	17                              @ Abbrev [17] 0x777:0x3c DW_TAG_subprogram
	.long	.Lfunc_begin0                   @ DW_AT_low_pc
	.long	.Lfunc_end0-.Lfunc_begin0       @ DW_AT_high_pc
	.byte	1                               @ DW_AT_frame_base
	.byte	93
	.long	.Linfo_string115                @ DW_AT_name
	.byte	2                               @ DW_AT_decl_file
	.byte	37                              @ DW_AT_decl_line
                                        @ DW_AT_prototyped
                                        @ DW_AT_external
	.byte	18                              @ Abbrev [18] 0x788:0xe DW_TAG_variable
	.byte	2                               @ DW_AT_location
	.byte	145
	.byte	12
	.long	.Linfo_string118                @ DW_AT_name
	.byte	2                               @ DW_AT_decl_file
	.byte	39                              @ DW_AT_decl_line
	.long	55                              @ DW_AT_type
	.byte	18                              @ Abbrev [18] 0x796:0xe DW_TAG_variable
	.byte	2                               @ DW_AT_location
	.byte	145
	.byte	8
	.long	.Linfo_string119                @ DW_AT_name
	.byte	2                               @ DW_AT_decl_file
	.byte	39                              @ DW_AT_decl_line
	.long	55                              @ DW_AT_type
	.byte	18                              @ Abbrev [18] 0x7a4:0xe DW_TAG_variable
	.byte	2                               @ DW_AT_location
	.byte	145
	.byte	4
	.long	.Linfo_string120                @ DW_AT_name
	.byte	2                               @ DW_AT_decl_file
	.byte	40                              @ DW_AT_decl_line
	.long	55                              @ DW_AT_type
	.byte	0                               @ End Of Children Mark
	.byte	19                              @ Abbrev [19] 0x7b3:0x11 DW_TAG_subprogram
	.long	.Lfunc_begin1                   @ DW_AT_low_pc
	.long	.Lfunc_end1-.Lfunc_begin1       @ DW_AT_high_pc
	.byte	1                               @ DW_AT_frame_base
	.byte	93
	.long	.Linfo_string116                @ DW_AT_name
	.byte	2                               @ DW_AT_decl_file
	.byte	73                              @ DW_AT_decl_line
                                        @ DW_AT_prototyped
                                        @ DW_AT_external
	.byte	19                              @ Abbrev [19] 0x7c4:0x11 DW_TAG_subprogram
	.long	.Lfunc_begin2                   @ DW_AT_low_pc
	.long	.Lfunc_end2-.Lfunc_begin2       @ DW_AT_high_pc
	.byte	1                               @ DW_AT_frame_base
	.byte	93
	.long	.Linfo_string117                @ DW_AT_name
	.byte	2                               @ DW_AT_decl_file
	.byte	126                             @ DW_AT_decl_line
                                        @ DW_AT_prototyped
                                        @ DW_AT_external
	.byte	0                               @ End Of Children Mark
.Ldebug_info_end0:
	.section	.debug_ranges,"",%progbits
.Ldebug_ranges0:
	.long	.Lfunc_begin0
	.long	.Lfunc_end0
	.long	.Lfunc_begin1
	.long	.Lfunc_end1
	.long	.Lfunc_begin2
	.long	.Lfunc_end2
	.long	0
	.long	0
	.section	.debug_str,"MS",%progbits,1
.Linfo_string0:
	.asciz	"Component: Arm Compiler for Embedded 6.19 Tool: armclang [5e73cb00]" @ string offset=0
.Linfo_string1:
	.asciz	"../../../../Library/Device/Nuvoton/M251/Source\\system_M251.c" @ string offset=68
.Linfo_string2:
	.asciz	"E:\\ROBOCON2024\\01. Coding\\Nuvoton\\demo_robot_3wheel\\SampleCode\\NuCodeGen\\DemoCodeGen\\KEIL" @ string offset=129
.Linfo_string3:
	.asciz	"SystemCoreClock"               @ string offset=219
.Linfo_string4:
	.asciz	"unsigned int"                  @ string offset=235
.Linfo_string5:
	.asciz	"uint32_t"                      @ string offset=248
.Linfo_string6:
	.asciz	"CyclesPerUs"                   @ string offset=257
.Linfo_string7:
	.asciz	"PllClock"                      @ string offset=269
.Linfo_string8:
	.asciz	"gau32ClkSrcTbl"                @ string offset=278
.Linfo_string9:
	.asciz	"__ARRAY_SIZE_TYPE__"           @ string offset=293
.Linfo_string10:
	.asciz	"PWRCTL"                        @ string offset=313
.Linfo_string11:
	.asciz	"AHBCLK"                        @ string offset=320
.Linfo_string12:
	.asciz	"APBCLK0"                       @ string offset=327
.Linfo_string13:
	.asciz	"APBCLK1"                       @ string offset=335
.Linfo_string14:
	.asciz	"CLKSEL0"                       @ string offset=343
.Linfo_string15:
	.asciz	"CLKSEL1"                       @ string offset=351
.Linfo_string16:
	.asciz	"CLKSEL2"                       @ string offset=359
.Linfo_string17:
	.asciz	"CLKSEL3"                       @ string offset=367
.Linfo_string18:
	.asciz	"CLKDIV0"                       @ string offset=375
.Linfo_string19:
	.asciz	"CLKDIV1"                       @ string offset=383
.Linfo_string20:
	.asciz	"RESERVE0"                      @ string offset=391
.Linfo_string21:
	.asciz	"CLKDIV4"                       @ string offset=400
.Linfo_string22:
	.asciz	"PCLKDIV"                       @ string offset=408
.Linfo_string23:
	.asciz	"RESERVE1"                      @ string offset=416
.Linfo_string24:
	.asciz	"PLLCTL"                        @ string offset=425
.Linfo_string25:
	.asciz	"RESERVE2"                      @ string offset=432
.Linfo_string26:
	.asciz	"STATUS"                        @ string offset=441
.Linfo_string27:
	.asciz	"RESERVE3"                      @ string offset=448
.Linfo_string28:
	.asciz	"CLKOCTL"                       @ string offset=457
.Linfo_string29:
	.asciz	"RESERVE4"                      @ string offset=465
.Linfo_string30:
	.asciz	"CLKDCTL"                       @ string offset=474
.Linfo_string31:
	.asciz	"CLKDSTS"                       @ string offset=482
.Linfo_string32:
	.asciz	"CDUPB"                         @ string offset=490
.Linfo_string33:
	.asciz	"CDLOWB"                        @ string offset=496
.Linfo_string34:
	.asciz	"RESERVE5"                      @ string offset=503
.Linfo_string35:
	.asciz	"PMUCTL"                        @ string offset=512
.Linfo_string36:
	.asciz	"PMUSTS"                        @ string offset=519
.Linfo_string37:
	.asciz	"RESERVE6"                      @ string offset=526
.Linfo_string38:
	.asciz	"HXTFSEL"                       @ string offset=535
.Linfo_string39:
	.asciz	"CLK_T"                         @ string offset=543
.Linfo_string40:
	.asciz	"ISPCTL"                        @ string offset=549
.Linfo_string41:
	.asciz	"ISPADDR"                       @ string offset=556
.Linfo_string42:
	.asciz	"ISPDAT"                        @ string offset=564
.Linfo_string43:
	.asciz	"ISPCMD"                        @ string offset=571
.Linfo_string44:
	.asciz	"ISPTRG"                        @ string offset=578
.Linfo_string45:
	.asciz	"FTCTL"                         @ string offset=585
.Linfo_string46:
	.asciz	"ISPSTS"                        @ string offset=591
.Linfo_string47:
	.asciz	"CYCCTL"                        @ string offset=598
.Linfo_string48:
	.asciz	"MPDAT0"                        @ string offset=605
.Linfo_string49:
	.asciz	"MPDAT1"                        @ string offset=612
.Linfo_string50:
	.asciz	"MPDAT2"                        @ string offset=619
.Linfo_string51:
	.asciz	"MPDAT3"                        @ string offset=626
.Linfo_string52:
	.asciz	"MPSTS"                         @ string offset=633
.Linfo_string53:
	.asciz	"MPADDR"                        @ string offset=639
.Linfo_string54:
	.asciz	"XOMR0STS0"                     @ string offset=646
.Linfo_string55:
	.asciz	"XOMR0STS1"                     @ string offset=656
.Linfo_string56:
	.asciz	"XOMSTS"                        @ string offset=666
.Linfo_string57:
	.asciz	"FMC_T"                         @ string offset=673
.Linfo_string58:
	.asciz	"CPUID"                         @ string offset=679
.Linfo_string59:
	.asciz	"ICSR"                          @ string offset=685
.Linfo_string60:
	.asciz	"VTOR"                          @ string offset=690
.Linfo_string61:
	.asciz	"AIRCR"                         @ string offset=695
.Linfo_string62:
	.asciz	"SCR"                           @ string offset=701
.Linfo_string63:
	.asciz	"CCR"                           @ string offset=705
.Linfo_string64:
	.asciz	"RESERVED1"                     @ string offset=709
.Linfo_string65:
	.asciz	"SHPR"                          @ string offset=719
.Linfo_string66:
	.asciz	"SHCSR"                         @ string offset=724
.Linfo_string67:
	.asciz	"SCB_Type"                      @ string offset=730
.Linfo_string68:
	.asciz	"PDID"                          @ string offset=739
.Linfo_string69:
	.asciz	"RSTSTS"                        @ string offset=744
.Linfo_string70:
	.asciz	"IPRST0"                        @ string offset=751
.Linfo_string71:
	.asciz	"IPRST1"                        @ string offset=758
.Linfo_string72:
	.asciz	"IPRST2"                        @ string offset=765
.Linfo_string73:
	.asciz	"BODCTL"                        @ string offset=772
.Linfo_string74:
	.asciz	"IVSCTL"                        @ string offset=779
.Linfo_string75:
	.asciz	"PORCTL0"                       @ string offset=786
.Linfo_string76:
	.asciz	"VREFCTL"                       @ string offset=794
.Linfo_string77:
	.asciz	"GPA_MFPL"                      @ string offset=802
.Linfo_string78:
	.asciz	"GPA_MFPH"                      @ string offset=811
.Linfo_string79:
	.asciz	"GPB_MFPL"                      @ string offset=820
.Linfo_string80:
	.asciz	"GPB_MFPH"                      @ string offset=829
.Linfo_string81:
	.asciz	"GPC_MFPL"                      @ string offset=838
.Linfo_string82:
	.asciz	"GPC_MFPH"                      @ string offset=847
.Linfo_string83:
	.asciz	"GPD_MFPL"                      @ string offset=856
.Linfo_string84:
	.asciz	"GPD_MFPH"                      @ string offset=865
.Linfo_string85:
	.asciz	"GPE_MFPL"                      @ string offset=874
.Linfo_string86:
	.asciz	"GPE_MFPH"                      @ string offset=883
.Linfo_string87:
	.asciz	"GPF_MFPL"                      @ string offset=892
.Linfo_string88:
	.asciz	"GPF_MFPH"                      @ string offset=901
.Linfo_string89:
	.asciz	"GPA_MFOS"                      @ string offset=910
.Linfo_string90:
	.asciz	"GPB_MFOS"                      @ string offset=919
.Linfo_string91:
	.asciz	"GPC_MFOS"                      @ string offset=928
.Linfo_string92:
	.asciz	"GPD_MFOS"                      @ string offset=937
.Linfo_string93:
	.asciz	"GPE_MFOS"                      @ string offset=946
.Linfo_string94:
	.asciz	"GPF_MFOS"                      @ string offset=955
.Linfo_string95:
	.asciz	"MODCTL"                        @ string offset=964
.Linfo_string96:
	.asciz	"SRAM_BISTCTL"                  @ string offset=971
.Linfo_string97:
	.asciz	"SRAM_BISTSTS"                  @ string offset=984
.Linfo_string98:
	.asciz	"HIRCTRIMCTL"                   @ string offset=997
.Linfo_string99:
	.asciz	"HIRCTRIMIEN"                   @ string offset=1009
.Linfo_string100:
	.asciz	"HIRCTRIMSTS"                   @ string offset=1021
.Linfo_string101:
	.asciz	"RESERVE7"                      @ string offset=1033
.Linfo_string102:
	.asciz	"REGLCTL"                       @ string offset=1042
.Linfo_string103:
	.asciz	"MIRCTRIMCTL"                   @ string offset=1050
.Linfo_string104:
	.asciz	"MIRCTRIMIEN"                   @ string offset=1062
.Linfo_string105:
	.asciz	"MIRCTRIMSTS"                   @ string offset=1074
.Linfo_string106:
	.asciz	"RESERVE8"                      @ string offset=1086
.Linfo_string107:
	.asciz	"RTCLVRIEN"                     @ string offset=1095
.Linfo_string108:
	.asciz	"RTCLVRSTS"                     @ string offset=1105
.Linfo_string109:
	.asciz	"RESERVE9"                      @ string offset=1115
.Linfo_string110:
	.asciz	"PORCTL1"                       @ string offset=1124
.Linfo_string111:
	.asciz	"RESERVE10"                     @ string offset=1132
.Linfo_string112:
	.asciz	"PLCTL"                         @ string offset=1142
.Linfo_string113:
	.asciz	"PLSTS"                         @ string offset=1148
.Linfo_string114:
	.asciz	"SYS_T"                         @ string offset=1154
.Linfo_string115:
	.asciz	"SystemCoreClockUpdate"         @ string offset=1160
.Linfo_string116:
	.asciz	"SystemInit"                    @ string offset=1182
.Linfo_string117:
	.asciz	"Uart0DefaultMPF"               @ string offset=1193
.Linfo_string118:
	.asciz	"u32Freq"                       @ string offset=1209
.Linfo_string119:
	.asciz	"u32ClkSrc"                     @ string offset=1217
.Linfo_string120:
	.asciz	"u32HclkDiv"                    @ string offset=1227
	.ident	"Component: Arm Compiler for Embedded 6.19 Tool: armclang [5e73cb00]"
	.section	".note.GNU-stack","",%progbits
	.eabi_attribute	30, 6	@ Tag_ABI_optimization_goals
	.ARM_attribute	16, 1	@ Tag_AV_eba
	.section	.debug_line,"",%progbits
.Lline_table_start0:
