<html>
<body>
<pre>
<h1>µVision Build Log</h1>
<h2>Tool Versions:</h2>
IDE-Version: µVision V5.38.0.0
Copyright (C) 2022 ARM Ltd and ARM Germany GmbH. All rights reserved.
License Information: Le Chi Tuyen, HUST, LIC=76F5U-SNSC3-UHI8H-WFG5X-5SI4C-2HYJ4
 
Tool Versions:
Toolchain:       MDK-ARM Plus  Version: 5.38.0.0
Toolchain Path:  C:\Keil_v5\ARM\ARMCLANG\Bin
C Compiler:      ArmClang.exe V6.19
Assembler:       Armasm.exe V6.19
Linker/Locator:  ArmLink.exe V6.19
Library Manager: ArmAr.exe V6.19
Hex Converter:   FromElf.exe V6.19
CPU DLL:         
Dialog DLL:      
Target DLL:      NULink\Nu_Link.dll V3.09
Dialog DLL:      TCM.DLL V1.56.4.0
 
<h2>Project:</h2>
C:\Users\ADMIN\Documents\GitHub\Training-Nuvoton-ABU-Robocon-2024\SampleCode\NuCodeGen\DemoCodeGen\KEIL\DemoCodeGen.uvprojx
Project File Date:  02/10/2024

<h2>Output:</h2>
*** Using Compiler 'V6.19', folder: 'C:\Keil_v5\ARM\ARMCLANG\Bin'
Build target 'DemoCodeGen'
creating preprocessor file for sys.c...
creating preprocessor file for tk.c...
creating preprocessor file for retarget.c...
creating preprocessor file for gpio.c...
creating preprocessor file for uart.c...
creating preprocessor file for clk.c...
creating preprocessor file for system_M251.c...
creating preprocessor file for acmp.c...
creating preprocessor file for bpwm.c...
creating preprocessor file for crc.c...
creating preprocessor file for ebi.c...
creating preprocessor file for crypto.c...
creating preprocessor file for dac.c...
creating preprocessor file for eadc.c...
creating preprocessor file for fmc.c...
creating preprocessor file for i2c.c...
creating preprocessor file for lcd.c...
creating preprocessor file for pdma.c...
creating preprocessor file for pwm.c...
creating preprocessor file for rtc.c...
creating preprocessor file for qspi.c...
creating preprocessor file for sc.c...
creating preprocessor file for scuart.c...
creating preprocessor file for spi.c...
creating preprocessor file for timer_pwm.c...
creating preprocessor file for timer.c...
creating preprocessor file for usbd.c...
creating preprocessor file for usci_i2c.c...
creating preprocessor file for usci_spi.c...
creating preprocessor file for usci_uart.c...
creating preprocessor file for wdt.c...
creating preprocessor file for wit_c_sdk.c...
creating preprocessor file for wwdt.c...
creating preprocessor file for main.c...
creating list file for main.c...
creating preprocessor file for clk_conf.c...
compiling main.c...
creating preprocessor file for periph_conf.c...
creating preprocessor file for pin_conf.c...
creating preprocessor file for int_handler.c...
linking...
Program Size: Code=13688 RO-data=2368 RW-data=40 ZI-data=2768  
After Build - User command #1: fromelf --bin ".\obj\DemoCodeGen.axf" --output ".\obj\DemoCodeGen.bin"
After Build - User command #2: fromelf --text -c ".\obj\DemoCodeGen.axf" --output ".\obj\DemoCodeGen.txt"
".\obj\DemoCodeGen.axf" - 0 Error(s), 0 Warning(s).

<h2>Software Packages used:</h2>

Package Vendor: Nuvoton
                https://github.com/OpenNuvoton/cmsis-packs/raw/master/Nuvoton_DFP/Nuvoton.NuMicro_DFP.1.3.22.pack
                Nuvoton.NuMicro_DFP.1.3.22
                Nuvoton ARM Cortex-M NuMicro Family Device Support

<h2>Collection of Component include folders:</h2>
  C:/Keil_v5/ARM/Pack/Nuvoton/NuMicro_DFP/1.3.22/Device/M251/Include

<h2>Collection of Component Files used:</h2>
Build Time Elapsed:  00:00:04
</pre>
</body>
</html>
